Component: ARM Compiler 6.16 Tool: armlink [5dfeaa00]

==============================================================================

Section Cross References

    startup_stm32l051xx.o(RESET) refers to startup_stm32l051xx.o(STACK) for __initial_sp
    startup_stm32l051xx.o(RESET) refers to startup_stm32l051xx.o(.text) for Reset_Handler
    startup_stm32l051xx.o(RESET) refers to stm32l0xx_it.o(.text.NMI_Handler) for NMI_Handler
    startup_stm32l051xx.o(RESET) refers to stm32l0xx_it.o(.text.HardFault_Handler) for HardFault_Handler
    startup_stm32l051xx.o(RESET) refers to stm32l0xx_it.o(.text.SVC_Handler) for SVC_Handler
    startup_stm32l051xx.o(RESET) refers to stm32l0xx_it.o(.text.PendSV_Handler) for PendSV_Handler
    startup_stm32l051xx.o(RESET) refers to stm32l0xx_it.o(.text.SysTick_Handler) for SysTick_Handler
    startup_stm32l051xx.o(RESET) refers to stm32l0xx_it.o(.text.EXTI4_15_IRQHandler) for EXTI4_15_IRQHandler
    startup_stm32l051xx.o(RESET) refers to stm32l0xx_it.o(.text.DMA1_Channel2_3_IRQHandler) for DMA1_Channel2_3_IRQHandler
    startup_stm32l051xx.o(RESET) refers to stm32l0xx_it.o(.text.DMA1_Channel4_5_6_7_IRQHandler) for DMA1_Channel4_5_6_7_IRQHandler
    startup_stm32l051xx.o(RESET) refers to stm32l0xx_it.o(.text.TIM6_IRQHandler) for TIM6_IRQHandler
    startup_stm32l051xx.o(RESET) refers to stm32l0xx_it.o(.text.USART1_IRQHandler) for USART1_IRQHandler
    startup_stm32l051xx.o(RESET) refers to stm32l0xx_it.o(.text.USART2_IRQHandler) for USART2_IRQHandler
    startup_stm32l051xx.o(.text) refers to system_stm32l0xx.o(.text.SystemInit) for SystemInit
    startup_stm32l051xx.o(.text) refers to entry.o(.ARM.Collect$$$$00000000) for __main
    uart.o(.text.Usart1Init) refers to stm32l0xx_hal_rcc_ex.o(.text.HAL_RCCEx_PeriphCLKConfig) for HAL_RCCEx_PeriphCLKConfig
    uart.o(.text.Usart1Init) refers to stm32l0xx_hal_uart.o(.text.HAL_UART_Init) for HAL_UART_Init
    uart.o(.text.Usart1Init) refers to dma.o(.text.DmaUartInit) for DmaUartInit
    uart.o(.text.Usart1Init) refers to stm32l0xx_hal_cortex.o(.text.HAL_NVIC_SetPriority) for HAL_NVIC_SetPriority
    uart.o(.text.Usart1Init) refers to stm32l0xx_hal_cortex.o(.text.HAL_NVIC_EnableIRQ) for HAL_NVIC_EnableIRQ
    uart.o(.text.Usart1Init) refers to stm32l0xx_hal_uart.o(.text.HAL_UART_Receive_DMA) for HAL_UART_Receive_DMA
    uart.o(.text.Usart1Init) refers to uart.o(.bss.g_uart1Handle) for g_uart1Handle
    uart.o(.text.Usart1Init) refers to uart.o(.bss.g_uart1State) for g_uart1State
    uart.o(.ARM.exidx.text.Usart1Init) refers to uart.o(.text.Usart1Init) for [Anonymous Symbol]
    uart.o(.text.Usart1SendByte) refers to stm32l0xx_hal_uart.o(.text.HAL_UART_Transmit) for HAL_UART_Transmit
    uart.o(.text.Usart1SendByte) refers to uart.o(.bss.g_uart1Handle) for g_uart1Handle
    uart.o(.ARM.exidx.text.Usart1SendByte) refers to uart.o(.text.Usart1SendByte) for [Anonymous Symbol]
    uart.o(.text.Usart1SendDataByDma) refers to stm32l0xx_hal_uart.o(.text.HAL_UART_Transmit_DMA) for HAL_UART_Transmit_DMA
    uart.o(.text.Usart1SendDataByDma) refers to uart.o(.bss.g_uart1Handle) for g_uart1Handle
    uart.o(.ARM.exidx.text.Usart1SendDataByDma) refers to uart.o(.text.Usart1SendDataByDma) for [Anonymous Symbol]
    uart.o(.text.Usart1SendDataByBlock) refers to uart.o(.text.Usart1SendByte) for Usart1SendByte
    uart.o(.ARM.exidx.text.Usart1SendDataByBlock) refers to uart.o(.text.Usart1SendDataByBlock) for [Anonymous Symbol]
    uart.o(.text.Usart2Init) refers to stm32l0xx_hal_rcc_ex.o(.text.HAL_RCCEx_PeriphCLKConfig) for HAL_RCCEx_PeriphCLKConfig
    uart.o(.text.Usart2Init) refers to stm32l0xx_hal_uart.o(.text.HAL_UART_Init) for HAL_UART_Init
    uart.o(.text.Usart2Init) refers to dma.o(.text.DmaUartInit) for DmaUartInit
    uart.o(.text.Usart2Init) refers to stm32l0xx_hal_cortex.o(.text.HAL_NVIC_SetPriority) for HAL_NVIC_SetPriority
    uart.o(.text.Usart2Init) refers to stm32l0xx_hal_cortex.o(.text.HAL_NVIC_EnableIRQ) for HAL_NVIC_EnableIRQ
    uart.o(.text.Usart2Init) refers to stm32l0xx_hal.o(.text.HAL_Delay) for HAL_Delay
    uart.o(.text.Usart2Init) refers to stm32l0xx_hal_uart.o(.text.HAL_UART_Receive_DMA) for HAL_UART_Receive_DMA
    uart.o(.text.Usart2Init) refers to uart.o(.bss.g_uart2Handle) for g_uart2Handle
    uart.o(.text.Usart2Init) refers to uart.o(.bss.g_uart2State) for g_uart2State
    uart.o(.ARM.exidx.text.Usart2Init) refers to uart.o(.text.Usart2Init) for [Anonymous Symbol]
    uart.o(.text.Usart2SendByte) refers to stm32l0xx_hal_uart.o(.text.HAL_UART_Transmit) for HAL_UART_Transmit
    uart.o(.text.Usart2SendByte) refers to uart.o(.bss.g_uart2Handle) for g_uart2Handle
    uart.o(.ARM.exidx.text.Usart2SendByte) refers to uart.o(.text.Usart2SendByte) for [Anonymous Symbol]
    uart.o(.text.Usart2SendDataByDma) refers to stm32l0xx_hal_uart.o(.text.HAL_UART_Transmit_DMA) for HAL_UART_Transmit_DMA
    uart.o(.text.Usart2SendDataByDma) refers to uart.o(.bss.g_uart2Handle) for g_uart2Handle
[...]
    __arm_cp.3_8                             0x08008a28   Number         4  stm32l0xx_hal_uart.o(.text.UART_SetConfig)
    __arm_cp.3_9                             0x08008a2c   Number         4  stm32l0xx_hal_uart.o(.text.UART_SetConfig)
    UART_Transmit_IT                         0x08008a31   Thumb Code   168  stm32l0xx_hal_uart.o(.text.UART_Transmit_IT)
    [Anonymous Symbol]                       0x08008a30   Section        0  stm32l0xx_hal_uart.o(.text.UART_Transmit_IT)
    __arm_cp.44_0                            0x08008ad8   Number         4  stm32l0xx_hal_uart.o(.text.UART_Transmit_IT)
    [Anonymous Symbol]                       0x08008adc   Section        0  stm32l0xx_hal_uart.o(.text.UART_WaitOnFlagUntilTimeout)
    [Anonymous Symbol]                       0x08008b7c   Section        0  stm32l0xx_it.o(.text.USART1_IRQHandler)
    __arm_cp.8_0                             0x08008b94   Number         4  stm32l0xx_it.o(.text.USART1_IRQHandler)
    [Anonymous Symbol]                       0x08008b98   Section        0  stm32l0xx_it.o(.text.USART2_IRQHandler)
    [Anonymous Symbol]                       0x08008bb0   Section        0  uart.o(.text.UartReceiveIdle)
    __arm_cp.8_0                             0x08008c90   Number         4  uart.o(.text.UartReceiveIdle)
    __arm_cp.8_3                             0x08008c94   Number         4  uart.o(.text.UartReceiveIdle)
    [Anonymous Symbol]                       0x08008c98   Section        0  uart.o(.text.Usart2Init)
    __arm_cp.4_0                             0x08008d28   Number         4  uart.o(.text.Usart2Init)
    __arm_cp.4_2                             0x08008d2c   Number         4  uart.o(.text.Usart2Init)
    [Anonymous Symbol]                       0x08008d30   Section        0  uart.o(.text.Usart2SendByte)
    __arm_cp.5_0                             0x08008d5c   Number         4  uart.o(.text.Usart2SendByte)
    __arm_cp.5_1                             0x08008d60   Number         4  uart.o(.text.Usart2SendByte)
    [Anonymous Symbol]                       0x08008d64   Section        0  testfun.o(.text.UserUartProcess)
    __arm_cp.0_1                             0x08008dbc   Number         4  testfun.o(.text.UserUartProcess)
    __arm_cp.0_3                             0x08008dc0   Number         4  testfun.o(.text.UserUartProcess)
    [Anonymous Symbol]                       0x08008dc4   Section        0  testfun.o(.text.checkBw)
    [Anonymous Symbol]                       0x08008e3c   Section        0  log.o(.text.fputc)
    __arm_cp.2_0                             0x08008e54   Number         4  log.o(.text.fputc)
    [Anonymous Symbol]                       0x08008e58   Section        0  main.o(.text.main)
    __arm_cp.0_0                             0x08008f2c   Number         4  main.o(.text.main)
    __arm_cp.0_1                             0x08008f30   Number         4  main.o(.text.main)
    __arm_cp.0_2                             0x08008f34   Number         4  main.o(.text.main)
    __arm_cp.0_3                             0x08008f38   Number         4  main.o(.text.main)
    __arm_cp.0_4                             0x08008f3c   Number         4  main.o(.text.main)
    __arm_cp.0_5                             0x08008f40   Number         4  main.o(.text.main)
    __arm_cp.0_6                             0x08008f44   Number         4  main.o(.text.main)
    __arm_cp.0_7                             0x08008f48   Number         4  main.o(.text.main)
    __arm_cp.0_8                             0x08008f4c   Number         4  main.o(.text.main)
    __arm_cp.0_9                             0x08008f50   Number         4  main.o(.text.main)
    __arm_cp.0_10                            0x08008f54   Number         4  main.o(.text.main)
    __arm_cp.0_11                            0x08008f58   Number         4  main.o(.text.main)
    __arm_cp.0_12                            0x08008f5c   Number         4  main.o(.text.main)
    __arm_cp.0_13                            0x08008f60   Number         4  main.o(.text.main)
    __arm_cp.0_14                            0x08008f64   Number         4  main.o(.text.main)
    __arm_cp.0_15                            0x08008f68   Number         4  main.o(.text.main)
    i.__0printf                              0x08008f6c   Section        0  printfa.o(i.__0printf)
    i.__ARM_clz                              0x08008f8c   Section        0  depilogue.o(i.__ARM_clz)
    i.__aeabi_errno_addr                     0x08008fbc   Section        0  errno.o(i.__aeabi_errno_addr)
    i.__scatterload_copy                     0x08008fc4   Section       14  handlers.o(i.__scatterload_copy)
    i.__scatterload_null                     0x08008fd2   Section        2  handlers.o(i.__scatterload_null)
    i.__scatterload_zeroinit                 0x08008fd4   Section       14  handlers.o(i.__scatterload_zeroinit)
    _fp_digits                               0x08008fe5   Thumb Code   344  printfa.o(i._fp_digits)
    i._fp_digits                             0x08008fe4   Section        0  printfa.o(i._fp_digits)
    _printf_core                             0x08009159   Thumb Code  1754  printfa.o(i._printf_core)
    i._printf_core                           0x08009158   Section        0  printfa.o(i._printf_core)
    _printf_post_padding                     0x08009845   Thumb Code    32  printfa.o(i._printf_post_padding)
    i._printf_post_padding                   0x08009844   Section        0  printfa.o(i._printf_post_padding)
    _printf_pre_padding                      0x08009865   Thumb Code    44  printfa.o(i._printf_pre_padding)
    i._printf_pre_padding                    0x08009864   Section        0  printfa.o(i._printf_pre_padding)
    .constdata                               0x08009890   Section      129  ctype_o.o(.constdata)
    table                                    0x08009914   Data           4  ctype_o.o(.constdata)
    .constdata                               0x08009914   Section        4  ctype_o.o(.constdata)
    [Anonymous Symbol]                       0x08009918   Section        0  lora126x_fun.o(.rodata..L__const.IfEnableLowDataRateOptimize.bwKhz)
    [Anonymous Symbol]                       0x08009a65   Section        0  log.o(.rodata.str1.1)
    [Anonymous Symbol]                       0x08009a6b   Section        0  main.o(.rodata.str1.1)
    [Anonymous Symbol]                       0x08009aa7   Section        0  testfun.o(.rodata.str1.1)
    [Anonymous Symbol]                       0x0800a239   Section        0  uartstring.o(.rodata.str1.1)
    .data                                    0x20000000   Section        4  stdout.o(.data)
    _errno                                   0x20000004   Data           4  errno.o(.data)
    .data                                    0x20000004   Section        4  errno.o(.data)
    s_LoRaCadPeak                            0x2000000d   Data           8  lora126x_fun.o(.data.s_LoRaCadPeak)
    [Anonymous Symbol]                       0x2000000d   Section        0  lora126x_fun.o(.data.s_LoRaCadPeak)
    s_LoRaCadSymbs                           0x20000015   Data           8  lora126x_fun.o(.data.s_LoRaCadSymbs)
    [Anonymous Symbol]                       0x20000015   Section        0  lora126x_fun.o(.data.s_LoRaCadSymbs)
    s_LoRaConfig                             0x20000020   Data          16  lora126x_fun.o(.data.s_LoRaConfig)
    [Anonymous Symbol]                       0x20000020   Section        0  lora126x_fun.o(.data.s_LoRaConfig)
    s_cadTime                                0x20000030   Data           2  testfun.o(.data.s_cadTime)
    [Anonymous Symbol]                       0x20000030   Section        0  testfun.o(.data.s_cadTime)
    s_internalXoCap                          0x20000032   Data           1  lora126x_fun.o(.data.s_internalXoCap)
    [Anonymous Symbol]                       0x20000032   Section        0  lora126x_fun.o(.data.s_internalXoCap)
    s_p2pTxDataLen                           0x20000033   Data           1  testfun.o(.data.s_p2pTxDataLen)
    [Anonymous Symbol]                       0x20000033   Section        0  testfun.o(.data.s_p2pTxDataLen)
    s_p2pTxSendTotalNum                      0x20000034   Data           2  testfun.o(.data.s_p2pTxSendTotalNum)
    [Anonymous Symbol]                       0x20000034   Section        0  testfun.o(.data.s_p2pTxSendTotalNum)
    s_p2pTxTime                              0x20000038   Data           4  testfun.o(.data.s_p2pTxTime)
    [Anonymous Symbol]                       0x20000038   Section        0  testfun.o(.data.s_p2pTxTime)
    s_sx126xOperatingMode                    0x2000003c   Data           1  lora126x_driver.o(.data.s_sx126xOperatingMode)
    [Anonymous Symbol]                       0x2000003c   Section        0  lora126x_driver.o(.data.s_sx126xOperatingMode)
    HAL_TIM_PeriodElapsedCallback.tim6Counter 0x20000040   Data           4  timer.o(.bss.HAL_TIM_PeriodElapsedCallback.tim6Counter)
    [Anonymous Symbol]                       0x20000040   Section        0  timer.o(.bss.HAL_TIM_PeriodElapsedCallback.tim6Counter)
    UartTransmitOneByte                      0x20000044   Data           4  log.o(.bss.UartTransmitOneByte)
    [Anonymous Symbol]                       0x20000044   Section        0  log.o(.bss.UartTransmitOneByte)
    s_SX126xLowDataOpt                       0x20000d30   Data           1  lora126x_fun.o(.bss.s_SX126xLowDataOpt)
    [Anonymous Symbol]                       0x20000d30   Section        0  lora126x_fun.o(.bss.s_SX126xLowDataOpt)
    s_TestState                              0x20000d32   Data           2  testfun.o(.bss.s_TestState)
    [Anonymous Symbol]                       0x20000d32   Section        0  testfun.o(.bss.s_TestState)
    s_cadExitMode                            0x20000d34   Data           1  lora126x_fun.o(.bss.s_cadExitMode)
    [Anonymous Symbol]                       0x20000d34   Section        0  lora126x_fun.o(.bss.s_cadExitMode)
    s_cmdData                                0x20000d36   Data        1026  uartstring.o(.bss.s_cmdData)
    [Anonymous Symbol]                       0x20000d36   Section        0  uartstring.o(.bss.s_cmdData)
    s_firstCad                               0x20001138   Data           1  testfun.o(.bss.s_firstCad)
    [Anonymous Symbol]                       0x20001138   Section        0  testfun.o(.bss.s_firstCad)
    s_forceRx                                0x20001139   Data           1  testfun.o(.bss.s_forceRx)
    [Anonymous Symbol]                       0x20001139   Section        0  testfun.o(.bss.s_forceRx)
    s_p2pRxRecNum                            0x2000113a   Data           2  testfun.o(.bss.s_p2pRxRecNum)
    [Anonymous Symbol]                       0x2000113a   Section        0  testfun.o(.bss.s_p2pRxRecNum)
    s_p2pRxSendNum                           0x2000113c   Data           2  testfun.o(.bss.s_p2pRxSendNum)
    [Anonymous Symbol]                       0x2000113c   Section        0  testfun.o(.bss.s_p2pRxSendNum)
    s_p2pTxRecNum                            0x2000113e   Data           2  testfun.o(.bss.s_p2pTxRecNum)
    [Anonymous Symbol]                       0x2000113e   Section        0  testfun.o(.bss.s_p2pTxRecNum)
    s_p2pTxSendNum                           0x20001140   Data           2  testfun.o(.bss.s_p2pTxSendNum)
    [Anonymous Symbol]                       0x20001140   Section        0  testfun.o(.bss.s_p2pTxSendNum)
    s_perRxRecNum                            0x20001142   Data           2  testfun.o(.bss.s_perRxRecNum)
    [Anonymous Symbol]                       0x20001142   Section        0  testfun.o(.bss.s_perRxRecNum)
    s_sx126xIrqFlag                          0x20001144   Data           2  lora126x_it.o(.bss.s_sx126xIrqFlag)
    [Anonymous Symbol]                       0x20001144   Section        0  lora126x_it.o(.bss.s_sx126xIrqFlag)
    s_sx126xRxFifoBaseAddr                   0x20001146   Data           1  lora126x_driver.o(.bss.s_sx126xRxFifoBaseAddr)
    [Anonymous Symbol]                       0x20001146   Section        0  lora126x_driver.o(.bss.s_sx126xRxFifoBaseAddr)
    s_sx126xSpiUseFlag                       0x20001147   Data           1  lora126x_driver.o(.bss.s_sx126xSpiUseFlag)
    [Anonymous Symbol]                       0x20001147   Section        0  lora126x_driver.o(.bss.s_sx126xSpiUseFlag)
    s_sx126xTxFifoBaseAddr                   0x20001148   Data           1  lora126x_driver.o(.bss.s_sx126xTxFifoBaseAddr)
    [Anonymous Symbol]                       0x20001148   Section        0  lora126x_driver.o(.bss.s_sx126xTxFifoBaseAddr)
    s_userCmdData                            0x2000114c   Data        2052  testfun.o(.bss.s_userCmdData)
    [Anonymous Symbol]                       0x2000114c   Section        0  testfun.o(.bss.s_userCmdData)
    s_waitBusyTimeout                        0x20001950   Data           1  lora126x_driver.o(.bss.s_waitBusyTimeout)
    [Anonymous Symbol]                       0x20001950   Section        0  lora126x_driver.o(.bss.s_waitBusyTimeout)
    STACK                                    0x20001958   Section     1024  startup_stm32l051xx.o(STACK)

    Global Symbols

    Symbol Name                              Value     Ov Type        Size  Object(Section)

    BuildAttributes$$THM_ISAv3M$S$PE$A:L22$X:L11$S22$IEEE1$IW$~IW$USESV6$~STKCKD$USESV7$~SHL$OSPACE$ROPI$EBA8$MICROLIB$REQ8$PRES8$EABIv2 0x00000000   Number         0  anon$$obj.o ABSOLUTE
    __cpp_initialize__aeabi_                  - Undefined Weak Reference
    __cxa_finalize                            - Undefined Weak Reference
    __decompress                              - Undefined Weak Reference
    _clock_init                               - Undefined Weak Reference
    _microlib_exit                            - Undefined Weak Reference
    __Vectors_Size                           0x000000c0   Number         0  startup_stm32l051xx.o ABSOLUTE
    __Vectors                                0x08000000   Data           4  startup_stm32l051xx.o(RESET)
    __Vectors_End                            0x080000c0   Data           0  startup_stm32l051xx.o(RESET)
    __main                                   0x080000c1   Thumb Code     0  entry.o(.ARM.Collect$$$$00000000)
    _main_stk                                0x080000c1   Thumb Code     0  entry2.o(.ARM.Collect$$$$00000001)
    _main_scatterload                        0x080000c5   Thumb Code     0  entry5.o(.ARM.Collect$$$$00000004)
    __main_after_scatterload                 0x080000c9   Thumb Code     0  entry5.o(.ARM.Collect$$$$00000004)
    _main_clock                              0x080000c9   Thumb Code     0  entry7b.o(.ARM.Collect$$$$00000008)
    _main_cpp_init                           0x080000c9   Thumb Code     0  entry8b.o(.ARM.Collect$$$$0000000A)
    _main_init                               0x080000c9   Thumb Code     0  entry9a.o(.ARM.Collect$$$$0000000B)
    __rt_final_cpp                           0x080000d1   Thumb Code     0  entry10a.o(.ARM.Collect$$$$0000000D)
    __rt_final_exit                          0x080000d1   Thumb Code     0  entry11a.o(.ARM.Collect$$$$0000000F)
    Reset_Handler                            0x080000d5   Thumb Code     8  startup_stm32l051xx.o(.text)
    ADC1_COMP_IRQHandler                     0x080000e7   Thumb Code     0  startup_stm32l051xx.o(.text)
    DMA1_Channel1_IRQHandler                 0x080000e7   Thumb Code     0  startup_stm32l051xx.o(.text)
    EXTI0_1_IRQHandler                       0x080000e7   Thumb Code     0  startup_stm32l051xx.o(.text)
    EXTI2_3_IRQHandler                       0x080000e7   Thumb Code     0  startup_stm32l051xx.o(.text)
    FLASH_IRQHandler                         0x080000e7   Thumb Code     0  startup_stm32l051xx.o(.text)
    I2C1_IRQHandler                          0x080000e7   Thumb Code     0  startup_stm32l051xx.o(.text)
    I2C2_IRQHandler                          0x080000e7   Thumb Code     0  startup_stm32l051xx.o(.text)
    LPTIM1_IRQHandler                        0x080000e7   Thumb Code     0  startup_stm32l051xx.o(.text)
    LPUART1_IRQHandler                       0x080000e7   Thumb Code     0  startup_stm32l051xx.o(.text)
    PVD_IRQHandler                           0x080000e7   Thumb Code     0  startup_stm32l051xx.o(.text)
    RCC_IRQHandler                           0x080000e7   Thumb Code     0  startup_stm32l051xx.o(.text)
    RTC_IRQHandler                           0x080000e7   Thumb Code     0  startup_stm32l051xx.o(.text)
    SPI1_IRQHandler                          0x080000e7   Thumb Code     0  startup_stm32l051xx.o(.text)
    SPI2_IRQHandler                          0x080000e7   Thumb Code     0  startup_stm32l051xx.o(.text)
    TIM21_IRQHandler                         0x080000e7   Thumb Code     0  startup_stm32l051xx.o(.text)
    TIM22_IRQHandler                         0x080000e7   Thumb Code     0  startup_stm32l051xx.o(.text)
    TIM2_IRQHandler                          0x080000e7   Thumb Code     0  startup_stm32l051xx.o(.text)
    WWDG_IRQHandler                          0x080000e7   Thumb Code     0  startup_stm32l051xx.o(.text)
    __aeabi_uldivmod                         0x080000f1   Thumb Code    96  uldiv.o(.text)
    __aeabi_memcpy                           0x08000151   Thumb Code    36  memcpya.o(.text)
    __aeabi_memcpy4                          0x08000151   Thumb Code     0  memcpya.o(.text)
    __aeabi_memcpy8                          0x08000151   Thumb Code     0  memcpya.o(.text)
    strstr                                   0x08000175   Thumb Code    40  strstr.o(.text)
    strlen                                   0x0800019d   Thumb Code    14  strlen.o(.text)
    memcmp                                   0x080001ab   Thumb Code    26  memcmp.o(.text)
    strtol                                   0x080001c5   Thumb Code   108  strtol.o(.text)
    atoi                                     0x08000235   Thumb Code    26  atoi.o(.text)
    __aeabi_ddiv                             0x08000251   Thumb Code   234  ddiv.o(.text)
    __aeabi_ui2d                             0x08000341   Thumb Code    24  dfltui.o(.text)
    __aeabi_d2uiz                            0x0800035d   Thumb Code    50  dfixui.o(.text)
    __aeabi_f2d                              0x08000399   Thumb Code    40  f2d.o(.text)
    __aeabi_uidiv                            0x080003c1   Thumb Code     0  uidiv_div0.o(.text)
    __aeabi_uidivmod                         0x080003c1   Thumb Code    62  uidiv_div0.o(.text)
    __aeabi_llsl                             0x080003ff   Thumb Code    32  llshl.o(.text)
    _ll_shift_l                              0x080003ff   Thumb Code     0  llshl.o(.text)
    __aeabi_llsr                             0x0800041f   Thumb Code    34  llushr.o(.text)
    _ll_ushift_r                             0x0800041f   Thumb Code     0  llushr.o(.text)
    __rt_ctype_table                         0x08000441   Thumb Code     4  ctype_o.o(.text)
    _strtoul                                 0x08000449   Thumb Code   166  _strtoul.o(.text)
    __I$use$fp                               0x080004ef   Thumb Code     0  iusefp.o(.text)
    _double_round                            0x080004ef   Thumb Code    26  depilogue.o(.text)
    _double_epilogue                         0x08000509   Thumb Code   164  depilogue.o(.text)
    __aeabi_dadd                             0x080005ad   Thumb Code   328  dadd.o(.text)
    __aeabi_dsub                             0x080006f5   Thumb Code    12  dadd.o(.text)
    __aeabi_drsub                            0x08000701   Thumb Code    12  dadd.o(.text)
    __aeabi_dmul                             0x08000711   Thumb Code   202  dmul.o(.text)
    __aeabi_d2ulz                            0x080007e1   Thumb Code    54  dfixul.o(.text)
    __aeabi_cdrcmple                         0x08000821   Thumb Code    38  cdrcmple.o(.text)
    __scatterload                            0x08000849   Thumb Code    28  init.o(.text)
    __scatterload_rt2                        0x08000849   Thumb Code     0  init.o(.text)
    __aeabi_lasr                             0x0800086d   Thumb Code    38  llsshr.o(.text)
    _ll_sshift_r                             0x0800086d   Thumb Code     0  llsshr.o(.text)
    _chval                                   0x08000893   Thumb Code    30  _chval.o(.text)
    CmdChangeBW                              0x080008e5   Thumb Code   186  testfun.o(.text.CmdChangeBW)
    CopyUartData                             0x080009a1   Thumb Code   132  uartstring.o(.text.CopyUartData)
    DMA1_Channel2_3_IRQHandler               0x08000a25   Thumb Code    16  stm32l0xx_it.o(.text.DMA1_Channel2_3_IRQHandler)
    DMA1_Channel4_5_6_7_IRQHandler           0x08000a3d   Thumb Code    16  stm32l0xx_it.o(.text.DMA1_Channel4_5_6_7_IRQHandler)
    DecodeChar                               0x08000a99   Thumb Code   376  uartstring.o(.text.DecodeChar)
    DecodeCommand                            0x08000c15   Thumb Code   868  uartstring.o(.text.DecodeCommand)
    DmaInit                                  0x08000fdd   Thumb Code    68  dma.o(.text.DmaInit)
    DmaUartInit                              0x08001025   Thumb Code   276  dma.o(.text.DmaUartInit)
    EXTI4_15_IRQHandler                      0x08001161   Thumb Code    12  stm32l0xx_it.o(.text.EXTI4_15_IRQHandler)
    Error_Handler                            0x0800116d   Thumb Code     4  main.o(.text.Error_Handler)
    GetBw                                    0x080011b1   Thumb Code   144  testfun.o(.text.GetBw)
    GetCmdFlag                               0x08001269   Thumb Code    52  testfun.o(.text.GetCmdFlag)
    GetSX126xSpiState                        0x080012a1   Thumb Code    12  lora126x_driver.o(.text.GetSX126xSpiState)
    GpioInit                                 0x080012b1   Thumb Code    84  gpio.o(.text.GpioInit)
    GpioSleep                                0x08001305   Thumb Code   200  gpio.o(.text.GpioSleep)
    HAL_DMA_Abort                            0x080013d5   Thumb Code   136  stm32l0xx_hal_dma.o(.text.HAL_DMA_Abort)
    HAL_DMA_Abort_IT                         0x08001461   Thumb Code   268  stm32l0xx_hal_dma.o(.text.HAL_DMA_Abort_IT)
    HAL_DMA_IRQHandler                       0x08001589   Thumb Code  1244  stm32l0xx_hal_dma.o(.text.HAL_DMA_IRQHandler)
    HAL_DMA_Init                             0x08001a85   Thumb Code   408  stm32l0xx_hal_dma.o(.text.HAL_DMA_Init)
    HAL_DMA_Start_IT                         0x08001c41   Thumb Code   146  stm32l0xx_hal_dma.o(.text.HAL_DMA_Start_IT)
    HAL_Delay                                0x08001cd3   Thumb Code    40  stm32l0xx_hal.o(.text.HAL_Delay)
    HAL_GPIO_EXTI_Callback                   0x08001cfb   Thumb Code    32  gpio.o(.text.HAL_GPIO_EXTI_Callback)
    HAL_GPIO_EXTI_IRQHandler                 0x08001d1d   Thumb Code    44  stm32l0xx_hal_gpio.o(.text.HAL_GPIO_EXTI_IRQHandler)
    HAL_GPIO_Init                            0x08001d4d   Thumb Code   724  stm32l0xx_hal_gpio.o(.text.HAL_GPIO_Init)
    HAL_GPIO_ReadPin                         0x08002045   Thumb Code    50  stm32l0xx_hal_gpio.o(.text.HAL_GPIO_ReadPin)
    HAL_GPIO_WritePin                        0x08002077   Thumb Code    44  stm32l0xx_hal_gpio.o(.text.HAL_GPIO_WritePin)
    HAL_GetTick                              0x080020a5   Thumb Code     8  stm32l0xx_hal.o(.text.HAL_GetTick)
    HAL_IncTick                              0x080020ad   Thumb Code    12  stm32l0xx_hal.o(.text.HAL_IncTick)
    HAL_Init                                 0x080020bd   Thumb Code    32  stm32l0xx_hal.o(.text.HAL_Init)
    HAL_InitTick                             0x080020e1   Thumb Code    40  stm32l0xx_hal.o(.text.HAL_InitTick)
    HAL_MspInit                              0x0800210d   Thumb Code    68  stm32l0xx_hal_msp.o(.text.HAL_MspInit)
    HAL_NVIC_EnableIRQ                       0x08002159   Thumb Code    22  stm32l0xx_hal_cortex.o(.text.HAL_NVIC_EnableIRQ)
    HAL_NVIC_SetPriority                     0x0800216f   Thumb Code    28  stm32l0xx_hal_cortex.o(.text.HAL_NVIC_SetPriority)
    HAL_PWREx_EnableUltraLowPower            0x0800218d   Thumb Code    16  stm32l0xx_hal_pwr_ex.o(.text.HAL_PWREx_EnableUltraLowPower)
    HAL_PWR_EnterSTOPMode                    0x0800219d   Thumb Code    84  stm32l0xx_hal_pwr.o(.text.HAL_PWR_EnterSTOPMode)
    HAL_RCCEx_GetPeriphCLKFreq               0x080021f9   Thumb Code   828  stm32l0xx_hal_rcc_ex.o(.text.HAL_RCCEx_GetPeriphCLKFreq)
    HAL_RCCEx_PeriphCLKConfig                0x08002559   Thumb Code   620  stm32l0xx_hal_rcc_ex.o(.text.HAL_RCCEx_PeriphCLKConfig)
    HAL_RCC_ClockConfig                      0x080027d9   Thumb Code   648  stm32l0xx_hal_rcc.o(.text.HAL_RCC_ClockConfig)
    HAL_RCC_GetHCLKFreq                      0x08002a71   Thumb Code     8  stm32l0xx_hal_rcc.o(.text.HAL_RCC_GetHCLKFreq)
    HAL_RCC_GetOscConfig                     0x08002a7d   Thumb Code   312  stm32l0xx_hal_rcc.o(.text.HAL_RCC_GetOscConfig)
    HAL_RCC_GetPCLK1Freq                     0x08002bbd   Thumb Code    28  stm32l0xx_hal_rcc.o(.text.HAL_RCC_GetPCLK1Freq)
    HAL_RCC_GetPCLK2Freq                     0x08002bd9   Thumb Code    28  stm32l0xx_hal_rcc.o(.text.HAL_RCC_GetPCLK2Freq)
    HAL_RCC_GetSysClockFreq                  0x08002bfd   Thumb Code   276  stm32l0xx_hal_rcc.o(.text.HAL_RCC_GetSysClockFreq)
    HAL_RCC_OscConfig                        0x08002d2d   Thumb Code  1840  stm32l0xx_hal_rcc.o(.text.HAL_RCC_OscConfig)
    HAL_SPI_Init                             0x08003479   Thumb Code   178  stm32l0xx_hal_spi.o(.text.HAL_SPI_Init)
    HAL_SPI_MspInit                          0x0800352b   Thumb Code     8  stm32l0xx_hal_spi.o(.text.HAL_SPI_MspInit)
    HAL_SPI_TransmitReceive                  0x08003533   Thumb Code  1262  stm32l0xx_hal_spi.o(.text.HAL_SPI_TransmitReceive)
    HAL_SYSTICK_Callback                     0x08003a21   Thumb Code     2  stm32l0xx_hal_cortex.o(.text.HAL_SYSTICK_Callback)
    HAL_SYSTICK_Config                       0x08003a23   Thumb Code    16  stm32l0xx_hal_cortex.o(.text.HAL_SYSTICK_Config)
    HAL_SYSTICK_IRQHandler                   0x08003a33   Thumb Code     8  stm32l0xx_hal_cortex.o(.text.HAL_SYSTICK_IRQHandler)
    HAL_TIM_Base_Init                        0x08003a3b   Thumb Code    92  stm32l0xx_hal_tim.o(.text.HAL_TIM_Base_Init)
    HAL_TIM_Base_MspInit                     0x08003a97   Thumb Code     8  stm32l0xx_hal_tim.o(.text.HAL_TIM_Base_MspInit)
    HAL_TIM_Base_Start_IT                    0x08003a9f   Thumb Code    40  stm32l0xx_hal_tim.o(.text.HAL_TIM_Base_Start_IT)
    HAL_TIM_Base_Stop_IT                     0x08003ac9   Thumb Code    56  stm32l0xx_hal_tim.o(.text.HAL_TIM_Base_Stop_IT)
    HAL_TIM_ConfigClockSource                0x08003b05   Thumb Code   438  stm32l0xx_hal_tim.o(.text.HAL_TIM_ConfigClockSource)
    HAL_TIM_IC_CaptureCallback               0x08003cbb   Thumb Code     8  stm32l0xx_hal_tim.o(.text.HAL_TIM_IC_CaptureCallback)
    HAL_TIM_IRQHandler                       0x08003cc3   Thumb Code   510  stm32l0xx_hal_tim.o(.text.HAL_TIM_IRQHandler)
    HAL_TIM_OC_DelayElapsedCallback          0x08003ec1   Thumb Code     8  stm32l0xx_hal_tim.o(.text.HAL_TIM_OC_DelayElapsedCallback)
    HAL_TIM_PWM_PulseFinishedCallback        0x08003ec9   Thumb Code     8  stm32l0xx_hal_tim.o(.text.HAL_TIM_PWM_PulseFinishedCallback)
    HAL_TIM_PeriodElapsedCallback            0x08003ed1   Thumb Code    40  timer.o(.text.HAL_TIM_PeriodElapsedCallback)
    HAL_TIM_TriggerCallback                  0x08003f05   Thumb Code     8  stm32l0xx_hal_tim.o(.text.HAL_TIM_TriggerCallback)
    HAL_UARTEx_WakeupCallback                0x08003f0d   Thumb Code     8  stm32l0xx_hal_uart_ex.o(.text.HAL_UARTEx_WakeupCallback)
    HAL_UART_DMAStop                         0x08003f15   Thumb Code   144  stm32l0xx_hal_uart.o(.text.HAL_UART_DMAStop)
    HAL_UART_ErrorCallback                   0x08003fa5   Thumb Code     8  stm32l0xx_hal_uart.o(.text.HAL_UART_ErrorCallback)
    HAL_UART_IRQHandler                      0x08003fad   Thumb Code   604  stm32l0xx_hal_uart.o(.text.HAL_UART_IRQHandler)
    HAL_UART_Init                            0x0800420d   Thumb Code   180  stm32l0xx_hal_uart.o(.text.HAL_UART_Init)
    HAL_UART_MspInit                         0x080042c1   Thumb Code     8  stm32l0xx_hal_uart.o(.text.HAL_UART_MspInit)
    HAL_UART_Receive_DMA                     0x080042c9   Thumb Code   280  stm32l0xx_hal_uart.o(.text.HAL_UART_Receive_DMA)
    HAL_UART_RxCpltCallback                  0x080043ed   Thumb Code     8  stm32l0xx_hal_uart.o(.text.HAL_UART_RxCpltCallback)
    HAL_UART_RxHalfCpltCallback              0x080043f5   Thumb Code     8  stm32l0xx_hal_uart.o(.text.HAL_UART_RxHalfCpltCallback)
    HAL_UART_Transmit                        0x080043fd   Thumb Code   368  stm32l0xx_hal_uart.o(.text.HAL_UART_Transmit)
    HAL_UART_TxCpltCallback                  0x08004571   Thumb Code     8  stm32l0xx_hal_uart.o(.text.HAL_UART_TxCpltCallback)
    HardFault_Handler                        0x08004579   Thumb Code     4  stm32l0xx_it.o(.text.HardFault_Handler)
    LoRaUserConfig                           0x080045f1   Thumb Code   184  lora126x_fun.o(.text.LoRaUserConfig)
    LogFunDeliver                            0x080046ad   Thumb Code    24  log.o(.text.LogFunDeliver)
    McuSleep                                 0x080046cd   Thumb Code    40  testfun.o(.text.McuSleep)
    NMI_Handler                              0x080046f5   Thumb Code     2  stm32l0xx_it.o(.text.NMI_Handler)
    PendSV_Handler                           0x080047a1   Thumb Code     2  stm32l0xx_it.o(.text.PendSV_Handler)
    PrintDebugHex                            0x080047a5   Thumb Code   100  log.o(.text.PrintDebugHex)
    RfCadOnlyProcess                         0x080048c1   Thumb Code   476  testfun.o(.text.RfCadOnlyProcess)
    RfCmdProcess                             0x08004ad9   Thumb Code    28  testfun.o(.text.RfCmdProcess)
    RfConfigCmdProcess                       0x08004af5   Thumb Code  2416  testfun.o(.text.RfConfigCmdProcess)
    RfP2pRxProcess                           0x080054c1   Thumb Code   292  testfun.o(.text.RfP2pRxProcess)
    RfP2pTxProcess                           0x08005601   Thumb Code   480  testfun.o(.text.RfP2pTxProcess)
    RfTest                                   0x08005829   Thumb Code  1352  testfun.o(.text.RfTest)
    RfTestCmdProcess                         0x08005dbd   Thumb Code   468  testfun.o(.text.RfTestCmdProcess)
    SVC_Handler                              0x08006123   Thumb Code     2  stm32l0xx_it.o(.text.SVC_Handler)
    SX1262_TxInfinitePreamble                0x08006125   Thumb Code    20  lora126x_driver.o(.text.SX1262_TxInfinitePreamble)
    SX126X_TxContinuousWave                  0x08006139   Thumb Code    20  lora126x_driver.o(.text.SX126X_TxContinuousWave)
    SX126xCalibrate                          0x08006215   Thumb Code    30  lora126x_driver.o(.text.SX126xCalibrate)
    SX126xCalibrateErr                       0x08006233   Thumb Code    54  lora126x_driver.o(.text.SX126xCalibrateErr)
    SX126xCalibrateImage                     0x08006269   Thumb Code    28  lora126x_driver.o(.text.SX126xCalibrateImage)
    SX126xClearAllIrqFlag                    0x080062b1   Thumb Code    16  lora126x_it.o(.text.SX126xClearAllIrqFlag)
    SX126xClearDeviceErrors                  0x080062c1   Thumb Code    22  lora126x_driver.o(.text.SX126xClearDeviceErrors)
    SX126xClearIrqFlag                       0x080062d9   Thumb Code    20  lora126x_it.o(.text.SX126xClearIrqFlag)
    SX126xClearIrqStatus                     0x080062f1   Thumb Code    32  lora126x_driver.o(.text.SX126xClearIrqStatus)
    SX126xClearTimeoutEvent                  0x08006311   Thumb Code    56  lora126x_driver.o(.text.SX126xClearTimeoutEvent)
    SX126xEnableRxBootedGain                 0x08006351   Thumb Code    40  lora126x_driver.o(.text.SX126xEnableRxBootedGain)
    SX126xEnterRx                            0x08006385   Thumb Code   100  lora126x_fun.o(.text.SX126xEnterRx)
    SX126xEnterSleep                         0x080063f1   Thumb Code    24  lora126x_fun.o(.text.SX126xEnterSleep)
    SX126xEnterStandby                       0x0800640d   Thumb Code    24  lora126x_fun.o(.text.SX126xEnterStandby)
    SX126xExitSleep                          0x08006425   Thumb Code    16  lora126x_fun.o(.text.SX126xExitSleep)
    SX126xGetBw                              0x08006439   Thumb Code     8  lora126x_fun.o(.text.SX126xGetBw)
    SX126xGetCadExitModes                    0x08006445   Thumb Code     8  lora126x_fun.o(.text.SX126xGetCadExitModes)
    SX126xGetCadPeak                         0x08006451   Thumb Code   160  lora126x_fun.o(.text.SX126xGetCadPeak)
    SX126xGetCadSymbs                        0x080064f5   Thumb Code   160  lora126x_fun.o(.text.SX126xGetCadSymbs)
    SX126xGetCr                              0x08006599   Thumb Code     8  lora126x_fun.o(.text.SX126xGetCr)
    SX126xGetCrc                             0x080065a1   Thumb Code     8  lora126x_fun.o(.text.SX126xGetCrc)
    SX126xGetDeviceErrors                    0x080065a9   Thumb Code   158  lora126x_driver.o(.text.SX126xGetDeviceErrors)
    SX126xGetFreq                            0x08006649   Thumb Code     8  lora126x_fun.o(.text.SX126xGetFreq)
    SX126xGetHeaderType                      0x08006669   Thumb Code     8  lora126x_fun.o(.text.SX126xGetHeaderType)
    SX126xGetInternalXoCap                   0x08006671   Thumb Code     8  lora126x_fun.o(.text.SX126xGetInternalXoCap)
    SX126xGetIrqFlag                         0x0800667d   Thumb Code    24  lora126x_it.o(.text.SX126xGetIrqFlag)
    SX126xGetIrqStatus                       0x08006699   Thumb Code    30  lora126x_driver.o(.text.SX126xGetIrqStatus)
    SX126xGetIsBusyTimeout                   0x080066b9   Thumb Code    12  lora126x_driver.o(.text.SX126xGetIsBusyTimeout)
    SX126xGetPayload                         0x080066d5   Thumb Code    52  lora126x_driver.o(.text.SX126xGetPayload)
    SX126xGetPktStatus                       0x0800670d   Thumb Code    68  lora126x_driver.o(.text.SX126xGetPktStatus)
    SX126xGetPower                           0x08006751   Thumb Code     8  lora126x_fun.o(.text.SX126xGetPower)
    SX126xGetPreambleLen                     0x08006759   Thumb Code     8  lora126x_fun.o(.text.SX126xGetPreambleLen)
    SX126xGetRxBufferStatus                  0x08006765   Thumb Code    36  lora126x_driver.o(.text.SX126xGetRxBufferStatus)
    SX126xGetRxPkt                           0x08006789   Thumb Code   100  lora126x_fun.o(.text.SX126xGetRxPkt)
    SX126xGetSf                              0x080067f1   Thumb Code     8  lora126x_fun.o(.text.SX126xGetSf)
    SX126xGpioInit                           0x080067fd   Thumb Code   316  gpio.o(.text.SX126xGpioInit)
    SX126xHardwareDeliver                    0x08006945   Thumb Code    60  lora126x_hal.o(.text.SX126xHardwareDeliver)
    SX126xHardwareInit                       0x08006981   Thumb Code    24  lora126x_hal.o(.text.SX126xHardwareInit)
    SX126xIQConfig                           0x08006999   Thumb Code    72  lora126x_driver.o(.text.SX126xIQConfig)
    SX126xIrqCallback                        0x080069e5   Thumb Code   364  lora126x_it.o(.text.SX126xIrqCallback)
    SX126xLoRaInit                           0x08006b59   Thumb Code   236  lora126x_fun.o(.text.SX126xLoRaInit)
    SX126xLoRaModulationConfig               0x08006c55   Thumb Code    96  lora126x_fun.o(.text.SX126xLoRaModulationConfig)
    SX126xLoRaPacketConfig                   0x08006cb5   Thumb Code   136  lora126x_fun.o(.text.SX126xLoRaPacketConfig)
    SX126xLoRaPreambleConfig                 0x08006d3d   Thumb Code   100  lora126x_fun.o(.text.SX126xLoRaPreambleConfig)
    SX126xLowDataRateOptConfig               0x08006da1   Thumb Code    60  lora126x_fun.o(.text.SX126xLowDataRateOptConfig)
    SX126xReadBusy                           0x08006e09   Thumb Code    46  gpio.o(.text.SX126xReadBusy)
    SX126xReadFifo                           0x08006ed5   Thumb Code   160  lora126x_driver.o(.text.SX126xReadFifo)
    SX126xReset                              0x08006ff5   Thumb Code    44  lora126x_hal.o(.text.SX126xReset)
    SX126xSendCarrierWave                    0x08007055   Thumb Code    36  lora126x_fun.o(.text.SX126xSendCarrierWave)
    SX126xSendData                           0x0800707d   Thumb Code    72  lora126x_fun.o(.text.SX126xSendData)
    SX126xSendLoRaInfinitePreamble           0x080070c9   Thumb Code    36  lora126x_fun.o(.text.SX126xSendLoRaInfinitePreamble)
    SX126xSendPayload                        0x080070f9   Thumb Code    76  lora126x_driver.o(.text.SX126xSendPayload)
    SX126xSetBufferBaseAddress               0x08007145   Thumb Code    34  lora126x_driver.o(.text.SX126xSetBufferBaseAddress)
    SX126xSetCad                             0x08007169   Thumb Code    20  lora126x_driver.o(.text.SX126xSetCad)
    SX126xSetCadParams                       0x08007181   Thumb Code    84  lora126x_driver.o(.text.SX126xSetCadParams)
    SX126xSetDioIrqParams                    0x080071d9   Thumb Code    76  lora126x_driver.o(.text.SX126xSetDioIrqParams)
    SX126xSetFallBackMode                    0x08007225   Thumb Code    26  lora126x_driver.o(.text.SX126xSetFallBackMode)
    SX126xSetFifoBaseAddr                    0x08007241   Thumb Code    16  lora126x_driver.o(.text.SX126xSetFifoBaseAddr)
    SX126xSetFreq                            0x08007259   Thumb Code    72  lora126x_fun.o(.text.SX126xSetFreq)
    SX126xSetInternalXoCap                   0x080072a5   Thumb Code    16  lora126x_fun.o(.text.SX126xSetInternalXoCap)
    SX126xSetLoRaSymbNumTimeout              0x080072d1   Thumb Code    26  lora126x_driver.o(.text.SX126xSetLoRaSymbNumTimeout)
    SX126xSetLoraModulationParams            0x080072ed   Thumb Code   136  lora126x_driver.o(.text.SX126xSetLoraModulationParams)
    SX126xSetLoraPacketParams                0x08007379   Thumb Code    68  lora126x_driver.o(.text.SX126xSetLoraPacketParams)
    SX126xSetNetworkType                     0x080073bd   Thumb Code    36  lora126x_driver.o(.text.SX126xSetNetworkType)
    SX126xSetNss                             0x080073e5   Thumb Code    36  gpio.o(.text.SX126xSetNss)
    SX126xSetPacketType                      0x0800743d   Thumb Code    48  lora126x_driver.o(.text.SX126xSetPacketType)
    SX126xSetPower                           0x08007471   Thumb Code    76  lora126x_fun.o(.text.SX126xSetPower)
    SX126xSetRegulatorMode                   0x080074c5   Thumb Code    26  lora126x_driver.o(.text.SX126xSetRegulatorMode)
    SX126xSetReset                           0x080074e1   Thumb Code    36  gpio.o(.text.SX126xSetReset)
    SX126xSetRfFrequency                     0x08007505   Thumb Code   112  lora126x_driver.o(.text.SX126xSetRfFrequency)
    SX126xSetRfSw                            0x08007581   Thumb Code   144  gpio.o(.text.SX126xSetRfSw)
    SX126xSetRfTxPower                       0x08007611   Thumb Code    24  lora126x_driver.o(.text.SX126xSetRfTxPower)
    SX126xSetRx                              0x08007629   Thumb Code    60  lora126x_driver.o(.text.SX126xSetRx)
    SX126xSetStandby                         0x08007665   Thumb Code    80  lora126x_driver.o(.text.SX126xSetStandby)
    SX126xSetStopRxTimerOnPreambleDetect     0x080076b5   Thumb Code    30  lora126x_driver.o(.text.SX126xSetStopRxTimerOnPreambleDetect)
    SX126xSetSymbNumTimeout                  0x080076d3   Thumb Code    20  lora126x_fun.o(.text.SX126xSetSymbNumTimeout)
    SX126xSetXtalCap                         0x080077c9   Thumb Code    36  lora126x_driver.o(.text.SX126xSetXtalCap)
    SX126xSleep                              0x080077f5   Thumb Code    56  lora126x_driver.o(.text.SX126xSleep)
    SX126xSpi1GpioInit                       0x08007831   Thumb Code   124  gpio.o(.text.SX126xSpi1GpioInit)
    SX126xSpi1Init                           0x080078b5   Thumb Code    92  spi.o(.text.SX126xSpi1Init)
    SX126xSpi1ReadWriteByte                  0x08007919   Thumb Code    36  spi.o(.text.SX126xSpi1ReadWriteByte)
    SX126xSpiTest                            0x08007941   Thumb Code    48  lora126x_driver.o(.text.SX126xSpiTest)
    SX126xStartCadOnly                       0x08007975   Thumb Code    36  lora126x_fun.o(.text.SX126xStartCadOnly)
    SX126xTxClampConfig                      0x080079a1   Thumb Code    40  lora126x_driver.o(.text.SX126xTxClampConfig)
    SX126xWaitBusy                           0x08007a01   Thumb Code    60  lora126x_hal.o(.text.SX126xWaitBusy)
    SX126xWakeup                             0x08007a41   Thumb Code    84  lora126x_driver.o(.text.SX126xWakeup)
    SX126xWriteFifo                          0x08007b2d   Thumb Code   152  lora126x_driver.o(.text.SX126xWriteFifo)
    SetCmdFlag                               0x08007c3d   Thumb Code    28  testfun.o(.text.SetCmdFlag)
    SysTick_Handler                          0x08007cad   Thumb Code    12  stm32l0xx_it.o(.text.SysTick_Handler)
    SystemInit                               0x08007d35   Thumb Code    72  system_stm32l0xx.o(.text.SystemInit)
    TIM6_IRQHandler                          0x08007d99   Thumb Code    12  stm32l0xx_it.o(.text.TIM6_IRQHandler)
    Tim6MsInit                               0x08007f8d   Thumb Code   112  timer.o(.text.Tim6MsInit)
    Tim6Start                                0x0800800d   Thumb Code    12  timer.o(.text.Tim6Start)
    Tim6Stop                                 0x08008019   Thumb Code    12  timer.o(.text.Tim6Stop)
    UART_AdvFeatureConfig                    0x08008029   Thumb Code   346  stm32l0xx_hal_uart.o(.text.UART_AdvFeatureConfig)
    UART_CheckIdleState                      0x08008185   Thumb Code   160  stm32l0xx_hal_uart.o(.text.UART_CheckIdleState)
    UART_SetConfig                           0x0800846d   Thumb Code  1452  stm32l0xx_hal_uart.o(.text.UART_SetConfig)
    UART_WaitOnFlagUntilTimeout              0x08008add   Thumb Code   158  stm32l0xx_hal_uart.o(.text.UART_WaitOnFlagUntilTimeout)
    USART1_IRQHandler                        0x08008b7d   Thumb Code    24  stm32l0xx_it.o(.text.USART1_IRQHandler)
    USART2_IRQHandler                        0x08008b99   Thumb Code    24  stm32l0xx_it.o(.text.USART2_IRQHandler)
    UartReceiveIdle                          0x08008bb1   Thumb Code   224  uart.o(.text.UartReceiveIdle)
    Usart2Init                               0x08008c99   Thumb Code   144  uart.o(.text.Usart2Init)
    Usart2SendByte                           0x08008d31   Thumb Code    44  uart.o(.text.Usart2SendByte)
    UserUartProcess                          0x08008d65   Thumb Code    88  testfun.o(.text.UserUartProcess)
    checkBw                                  0x08008dc5   Thumb Code   118  testfun.o(.text.checkBw)
    fputc                                    0x08008e3d   Thumb Code    24  log.o(.text.fputc)
    main                                     0x08008e59   Thumb Code   212  main.o(.text.main)
    __0printf                                0x08008f6d   Thumb Code    24  printfa.o(i.__0printf)
    __1printf                                0x08008f6d   Thumb Code     0  printfa.o(i.__0printf)
    __2printf                                0x08008f6d   Thumb Code     0  printfa.o(i.__0printf)
    __c89printf                              0x08008f6d   Thumb Code     0  printfa.o(i.__0printf)
    printf                                   0x08008f6d   Thumb Code     0  printfa.o(i.__0printf)
    __ARM_clz                                0x08008f8d   Thumb Code    46  depilogue.o(i.__ARM_clz)
    __aeabi_errno_addr                       0x08008fbd   Thumb Code     4  errno.o(i.__aeabi_errno_addr)
    __rt_errno_addr                          0x08008fbd   Thumb Code     0  errno.o(i.__aeabi_errno_addr)
    __scatterload_copy                       0x08008fc5   Thumb Code    14  handlers.o(i.__scatterload_copy)
    __scatterload_null                       0x08008fd3   Thumb Code     2  handlers.o(i.__scatterload_null)
    __scatterload_zeroinit                   0x08008fd5   Thumb Code    14  handlers.o(i.__scatterload_zeroinit)
    __ctype_table                            0x08009890   Data         129  ctype_o.o(.constdata)
    AHBPrescTable                            0x08009944   Data          16  system_stm32l0xx.o(.rodata.AHBPrescTable)
    APBPrescTable                            0x08009954   Data           8  system_stm32l0xx.o(.rodata.APBPrescTable)
    PLLMulTable                              0x0800995c   Data           9  system_stm32l0xx.o(.rodata.PLLMulTable)
    s_p2pTxData                              0x08009965   Data         256  testfun.o(.rodata.s_p2pTxData)
    Region$$Table$$Base                      0x0800a324   Number         0  anon$$obj.o(Region$$Table)
    Region$$Table$$Limit                     0x0800a344   Number         0  anon$$obj.o(Region$$Table)
    __stdout                                 0x20000000   Data           4  stdout.o(.data)
    SystemCoreClock                          0x20000008   Data           4  system_stm32l0xx.o(.data.SystemCoreClock)
    g_enableLog                              0x2000000c   Data           1  log.o(.data.g_enableLog)
    g_DmaUart1RxHandle                       0x20000048   Data          64  dma.o(.bss.g_DmaUart1RxHandle)
    g_DmaUart1TxHandle                       0x20000088   Data          64  dma.o(.bss.g_DmaUart1TxHandle)
    g_DmaUart2RxHandle                       0x200000c8   Data          64  dma.o(.bss.g_DmaUart2RxHandle)
    g_DmaUart2TxHandle                       0x20000108   Data          64  dma.o(.bss.g_DmaUart2TxHandle)
    g_LoRaRxPkt                              0x20000148   Data         259  lora126x_fun.o(.bss.g_LoRaRxPkt)
    g_TestTimeCount                          0x2000024c   Data           4  testfun.o(.bss.g_TestTimeCount)
    g_logSysTime                             0x20000250   Data           4  log.o(.bss.g_logSysTime)
    g_rfState                                0x20000254   Data           1  lora126x_fun.o(.bss.g_rfState)
    g_spi1Handle                             0x20000258   Data          88  spi.o(.bss.g_spi1Handle)
    g_sx126xHardware                         0x200002b0   Data          32  lora126x_hal.o(.bss.g_sx126xHardware)
    g_tempbuf                                0x200002d0   Data         259  testfun.o(.bss.g_tempbuf)
    g_testFun                                0x200003d4   Data           4  testfun.o(.bss.g_testFun)
    g_tim2Handle                             0x200003d8   Data          56  timer.o(.bss.g_tim2Handle)
    g_tim6Handle                             0x20000410   Data          56  timer.o(.bss.g_tim6Handle)
    g_uart1Handle                            0x20000448   Data         112  uart.o(.bss.g_uart1Handle)
    g_uart1State                             0x200004b8   Data        1028  uart.o(.bss.g_uart1State)
    g_uart2Handle                            0x200008bc   Data         112  uart.o(.bss.g_uart2Handle)
    g_uart2State                             0x2000092c   Data        1028  uart.o(.bss.g_uart2State)
    uwTick                                   0x20001954   Data           4  stm32l0xx_hal.o(.bss.uwTick)
    __initial_sp                             0x20001d58   Data           0  startup_stm32l051xx.o(STACK)



==============================================================================

Memory Map of the image

  Image Entry point : 0x080000c1

  Load Region LR_IROM1 (Base: 0x08000000, Size: 0x0000a388, Max: 0x00015000, ABSOLUTE)

    Execution Region ER_IROM1 (Exec base: 0x08000000, Load base: 0x08000000, Size: 0x0000a344, Max: 0x00015000, ABSOLUTE)

    Exec Addr    Load Addr    Size         Type   Attr      Idx    E Section Name        Object

    0x08000000   0x08000000   0x000000c0   Data   RO            3    RESET               startup_stm32l051xx.o
    0x080000c0   0x080000c0   0x00000000   Code   RO         1572  * .ARM.Collect$$$$00000000  mc_p.l(entry.o)
    0x080000c0   0x080000c0   0x00000004   Code   RO         1631    .ARM.Collect$$$$00000001  mc_p.l(entry2.o)
    0x080000c4   0x080000c4   0x00000004   Code   RO         1634    .ARM.Collect$$$$00000004  mc_p.l(entry5.o)
    0x080000c8   0x080000c8   0x00000000   Code   RO         1636    .ARM.Collect$$$$00000008  mc_p.l(entry7b.o)
    0x080000c8   0x080000c8   0x00000000   Code   RO         1638    .ARM.Collect$$$$0000000A  mc_p.l(entry8b.o)
    0x080000c8   0x080000c8   0x00000008   Code   RO         1639    .ARM.Collect$$$$0000000B  mc_p.l(entry9a.o)
    0x080000d0   0x080000d0   0x00000000   Code   RO         1641    .ARM.Collect$$$$0000000D  mc_p.l(entry10a.o)
    0x080000d0   0x080000d0   0x00000000   Code   RO         1643    .ARM.Collect$$$$0000000F  mc_p.l(entry11a.o)
    0x080000d0   0x080000d0   0x00000004   Code   RO         1632    .ARM.Collect$$$$00002712  mc_p.l(entry2.o)
    0x080000d4   0x080000d4   0x0000001c   Code   RO            4    .text               startup_stm32l051xx.o
    0x080000f0   0x080000f0   0x00000060   Code   RO         1579    .text               mc_p.l(uldiv.o)
    0x08000150   0x08000150   0x00000024   Code   RO         1581    .text               mc_p.l(memcpya.o)
    0x08000174   0x08000174   0x00000028   Code   RO         1583    .text               mc_p.l(strstr.o)
    0x0800019c   0x0800019c   0x0000000e   Code   RO         1585    .text               mc_p.l(strlen.o)
    0x080001aa   0x080001aa   0x0000001a   Code   RO         1587    .text               mc_p.l(memcmp.o)
    0x080001c4   0x080001c4   0x00000070   Code   RO         1619    .text               mc_p.l(strtol.o)
    0x08000234   0x08000234   0x0000001a   Code   RO         1621    .text               mc_p.l(atoi.o)
    0x0800024e   0x0800024e   0x00000002   PAD
    0x08000250   0x08000250   0x000000f0   Code   RO         1623    .text               mf_p.l(ddiv.o)
    0x08000340   0x08000340   0x0000001c   Code   RO         1625    .text               mf_p.l(dfltui.o)
    0x0800035c   0x0800035c   0x0000003c   Code   RO         1627    .text               mf_p.l(dfixui.o)
    0x08000398   0x08000398   0x00000028   Code   RO         1629    .text               mf_p.l(f2d.o)
    0x080003c0   0x080003c0   0x0000003e   Code   RO         1648    .text               mc_p.l(uidiv_div0.o)
    0x080003fe   0x080003fe   0x00000020   Code   RO         1654    .text               mc_p.l(llshl.o)
    0x0800041e   0x0800041e   0x00000022   Code   RO         1656    .text               mc_p.l(llushr.o)
    0x08000440   0x08000440   0x00000008   Code   RO         1658    .text               mc_p.l(ctype_o.o)
    0x08000448   0x08000448   0x000000a6   Code   RO         1693    .text               mc_p.l(_strtoul.o)
    0x080004ee   0x080004ee   0x00000000   Code   RO         1695    .text               mc_p.l(iusefp.o)
    0x080004ee   0x080004ee   0x000000be   Code   RO         1696    .text               mf_p.l(depilogue.o)
    0x080005ac   0x080005ac   0x00000164   Code   RO         1700    .text               mf_p.l(dadd.o)
    0x08000710   0x08000710   0x000000d0   Code   RO         1702    .text               mf_p.l(dmul.o)
    0x080007e0   0x080007e0   0x00000040   Code   RO         1704    .text               mf_p.l(dfixul.o)
    0x08000820   0x08000820   0x00000028   Code   RO         1706    .text               mf_p.l(cdrcmple.o)
    0x08000848   0x08000848   0x00000024   Code   RO         1708    .text               mc_p.l(init.o)
    0x0800086c   0x0800086c   0x00000026   Code   RO         1710    .text               mc_p.l(llsshr.o)
    0x08000892   0x08000892   0x0000001e   Code   RO         1712    .text               mc_p.l(_chval.o)
    0x080008b0   0x080008b0   0x00000034   Code   RO         1560    .text.CheckNewlineSign  uartstring.o
    0x080008e4   0x080008e4   0x000000ba   Code   RO         1527    .text.CmdChangeBW   testfun.o
    0x0800099e   0x0800099e   0x00000002   PAD
    0x080009a0   0x080009a0   0x00000084   Code   RO         1556    .text.CopyUartData  uartstring.o
    0x08000a24   0x08000a24   0x00000018   Code   RO          172    .text.DMA1_Channel2_3_IRQHandler  stm32l0xx_it.o
    0x08000a3c   0x08000a3c   0x00000018   Code   RO          174    .text.DMA1_Channel4_5_6_7_IRQHandler  stm32l0xx_it.o
    0x08000a54   0x08000a54   0x00000044   Code   RO          267    .text.DMA_SetConfig  stm32l0xx_hal_dma.o
    0x08000a98   0x08000a98   0x0000017c   Code   RO         1562    .text.DecodeChar    uartstring.o
    0x08000c14   0x08000c14   0x000003c8   Code   RO         1558    .text.DecodeCommand  uartstring.o
    0x08000fdc   0x08000fdc   0x00000048   Code   RO          117    .text.DmaInit       dma.o
    0x08001024   0x08001024   0x0000013c   Code   RO          119    .text.DmaUartInit   dma.o
    0x08001160   0x08001160   0x0000000c   Code   RO          164    .text.EXTI4_15_IRQHandler  stm32l0xx_it.o
    0x0800116c   0x0800116c   0x00000004   Code   RO          187    .text.Error_Handler  main.o
    0x08001170   0x08001170   0x00000040   Code   RO         1465    .text.FunPow        lora126x_fun.o
    0x080011b0   0x080011b0   0x000000b8   Code   RO         1529    .text.GetBw         testfun.o
    0x08001268   0x08001268   0x00000038   Code   RO         1505    .text.GetCmdFlag    testfun.o
    0x080012a0   0x080012a0   0x00000010   Code   RO         1339    .text.GetSX126xSpiState  lora126x_driver.o
    0x080012b0   0x080012b0   0x00000054   Code   RO           92    .text.GpioInit      gpio.o
    0x08001304   0x08001304   0x000000d0   Code   RO           94    .text.GpioSleep     gpio.o
    0x080013d4   0x080013d4   0x0000008c   Code   RO          271    .text.HAL_DMA_Abort  stm32l0xx_hal_dma.o
    0x08001460   0x08001460   0x00000128   Code   RO          273    .text.HAL_DMA_Abort_IT  stm32l0xx_hal_dma.o
    0x08001588   0x08001588   0x000004fc   Code   RO          277    .text.HAL_DMA_IRQHandler  stm32l0xx_hal_dma.o
    0x08001a84   0x08001a84   0x000001bc   Code   RO          261    .text.HAL_DMA_Init  stm32l0xx_hal_dma.o
    0x08001c40   0x08001c40   0x00000092   Code   RO          269    .text.HAL_DMA_Start_IT  stm32l0xx_hal_dma.o
    0x08001cd2   0x08001cd2   0x00000028   Code   RO          213    .text.HAL_Delay     stm32l0xx_hal.o
    0x08001cfa   0x08001cfa   0x00000020   Code   RO          108    .text.HAL_GPIO_EXTI_Callback  gpio.o
    0x08001d1a   0x08001d1a   0x00000002   PAD
    0x08001d1c   0x08001d1c   0x00000030   Code   RO          401    .text.HAL_GPIO_EXTI_IRQHandler  stm32l0xx_hal_gpio.o
    0x08001d4c   0x08001d4c   0x000002f8   Code   RO          389    .text.HAL_GPIO_Init  stm32l0xx_hal_gpio.o
    0x08002044   0x08002044   0x00000032   Code   RO          393    .text.HAL_GPIO_ReadPin  stm32l0xx_hal_gpio.o
    0x08002076   0x08002076   0x0000002c   Code   RO          395    .text.HAL_GPIO_WritePin  stm32l0xx_hal_gpio.o
    0x080020a2   0x080020a2   0x00000002   PAD
    0x080020a4   0x080020a4   0x00000008   Code   RO          211    .text.HAL_GetTick   stm32l0xx_hal.o
    0x080020ac   0x080020ac   0x00000010   Code   RO          209    .text.HAL_IncTick   stm32l0xx_hal.o
    0x080020bc   0x080020bc   0x00000024   Code   RO          199    .text.HAL_Init      stm32l0xx_hal.o
    0x080020e0   0x080020e0   0x0000002c   Code   RO          201    .text.HAL_InitTick  stm32l0xx_hal.o
    0x0800210c   0x0800210c   0x0000004c   Code   RO          144    .text.HAL_MspInit   stm32l0xx_hal_msp.o
    0x08002158   0x08002158   0x00000016   Code   RO         1171    .text.HAL_NVIC_EnableIRQ  stm32l0xx_hal_cortex.o
    0x0800216e   0x0800216e   0x0000001c   Code   RO         1167    .text.HAL_NVIC_SetPriority  stm32l0xx_hal_cortex.o
    0x0800218a   0x0800218a   0x00000002   PAD
    0x0800218c   0x0800218c   0x00000010   Code   RO          631    .text.HAL_PWREx_EnableUltraLowPower  stm32l0xx_hal_pwr_ex.o
    0x0800219c   0x0800219c   0x0000005c   Code   RO          602    .text.HAL_PWR_EnterSTOPMode  stm32l0xx_hal_pwr.o
    0x080021f8   0x080021f8   0x00000360   Code   RO          685    .text.HAL_RCCEx_GetPeriphCLKFreq  stm32l0xx_hal_rcc_ex.o
    0x08002558   0x08002558   0x00000280   Code   RO          681    .text.HAL_RCCEx_PeriphCLKConfig  stm32l0xx_hal_rcc_ex.o
    0x080027d8   0x080027d8   0x00000298   Code   RO          652    .text.HAL_RCC_ClockConfig  stm32l0xx_hal_rcc.o
    0x08002a70   0x08002a70   0x0000000c   Code   RO          660    .text.HAL_RCC_GetHCLKFreq  stm32l0xx_hal_rcc.o
    0x08002a7c   0x08002a7c   0x00000140   Code   RO          666    .text.HAL_RCC_GetOscConfig  stm32l0xx_hal_rcc.o
    0x08002bbc   0x08002bbc   0x0000001c   Code   RO          662    .text.HAL_RCC_GetPCLK1Freq  stm32l0xx_hal_rcc.o
    0x08002bd8   0x08002bd8   0x00000024   Code   RO          664    .text.HAL_RCC_GetPCLK2Freq  stm32l0xx_hal_rcc.o
    0x08002bfc   0x08002bfc   0x00000130   Code   RO          654    .text.HAL_RCC_GetSysClockFreq  stm32l0xx_hal_rcc.o
    0x08002d2c   0x08002d2c   0x0000074c   Code   RO          648    .text.HAL_RCC_OscConfig  stm32l0xx_hal_rcc.o
    0x08003478   0x08003478   0x000000b2   Code   RO          704    .text.HAL_SPI_Init  stm32l0xx_hal_spi.o
    0x0800352a   0x0800352a   0x00000008   Code   RO          706    .text.HAL_SPI_MspInit  stm32l0xx_hal_spi.o
    0x08003532   0x08003532   0x000004ee   Code   RO          718    .text.HAL_SPI_TransmitReceive  stm32l0xx_hal_spi.o
    0x08003a20   0x08003a20   0x00000002   Code   RO         1207    .text.HAL_SYSTICK_Callback  stm32l0xx_hal_cortex.o
    0x08003a22   0x08003a22   0x00000010   Code   RO         1183    .text.HAL_SYSTICK_Config  stm32l0xx_hal_cortex.o
    0x08003a32   0x08003a32   0x00000008   Code   RO         1205    .text.HAL_SYSTICK_IRQHandler  stm32l0xx_hal_cortex.o
    0x08003a3a   0x08003a3a   0x0000005c   Code   RO          789    .text.HAL_TIM_Base_Init  stm32l0xx_hal_tim.o
    0x08003a96   0x08003a96   0x00000008   Code   RO          791    .text.HAL_TIM_Base_MspInit  stm32l0xx_hal_tim.o
    0x08003a9e   0x08003a9e   0x00000028   Code   RO          803    .text.HAL_TIM_Base_Start_IT  stm32l0xx_hal_tim.o
    0x08003ac6   0x08003ac6   0x00000002   PAD
    0x08003ac8   0x08003ac8   0x0000003c   Code   RO          805    .text.HAL_TIM_Base_Stop_IT  stm32l0xx_hal_tim.o
    0x08003b04   0x08003b04   0x000001b6   Code   RO          969    .text.HAL_TIM_ConfigClockSource  stm32l0xx_hal_tim.o
    0x08003cba   0x08003cba   0x00000008   Code   RO          919    .text.HAL_TIM_IC_CaptureCallback  stm32l0xx_hal_tim.o
    0x08003cc2   0x08003cc2   0x000001fe   Code   RO          917    .text.HAL_TIM_IRQHandler  stm32l0xx_hal_tim.o
    0x08003ec0   0x08003ec0   0x00000008   Code   RO          921    .text.HAL_TIM_OC_DelayElapsedCallback  stm32l0xx_hal_tim.o
    0x08003ec8   0x08003ec8   0x00000008   Code   RO          923    .text.HAL_TIM_PWM_PulseFinishedCallback  stm32l0xx_hal_tim.o
    0x08003ed0   0x08003ed0   0x00000034   Code   RO           48    .text.HAL_TIM_PeriodElapsedCallback  timer.o
    0x08003f04   0x08003f04   0x00000008   Code   RO          927    .text.HAL_TIM_TriggerCallback  stm32l0xx_hal_tim.o
    0x08003f0c   0x08003f0c   0x00000008   Code   RO         1158    .text.HAL_UARTEx_WakeupCallback  stm32l0xx_hal_uart_ex.o
    0x08003f14   0x08003f14   0x00000090   Code   RO         1067    .text.HAL_UART_DMAStop  stm32l0xx_hal_uart.o
    0x08003fa4   0x08003fa4   0x00000008   Code   RO         1105    .text.HAL_UART_ErrorCallback  stm32l0xx_hal_uart.o
    0x08003fac   0x08003fac   0x00000260   Code   RO         1099    .text.HAL_UART_IRQHandler  stm32l0xx_hal_uart.o
    0x0800420c   0x0800420c   0x000000b4   Code   RO         1019    .text.HAL_UART_Init  stm32l0xx_hal_uart.o
    0x080042c0   0x080042c0   0x00000008   Code   RO         1021    .text.HAL_UART_MspInit  stm32l0xx_hal_uart.o
    0x080042c8   0x080042c8   0x00000124   Code   RO         1057    .text.HAL_UART_Receive_DMA  stm32l0xx_hal_uart.o
    0x080043ec   0x080043ec   0x00000008   Code   RO         1115    .text.HAL_UART_RxCpltCallback  stm32l0xx_hal_uart.o
    0x080043f4   0x080043f4   0x00000008   Code   RO         1117    .text.HAL_UART_RxHalfCpltCallback  stm32l0xx_hal_uart.o
    0x080043fc   0x080043fc   0x00000174   Code   RO         1039    .text.HAL_UART_Transmit  stm32l0xx_hal_uart.o
    0x08004570   0x08004570   0x00000008   Code   RO         1111    .text.HAL_UART_TxCpltCallback  stm32l0xx_hal_uart.o
    0x08004578   0x08004578   0x00000004   Code   RO          154    .text.HardFault_Handler  stm32l0xx_it.o
    0x0800457c   0x0800457c   0x00000074   Code   RO         1419    .text.IfEnableLowDataRateOptimize  lora126x_fun.o
    0x080045f0   0x080045f0   0x000000bc   Code   RO         1375    .text.LoRaUserConfig  lora126x_fun.o
    0x080046ac   0x080046ac   0x00000020   Code   RO           75    .text.LogFunDeliver  log.o
    0x080046cc   0x080046cc   0x00000028   Code   RO         1509    .text.McuSleep      testfun.o
    0x080046f4   0x080046f4   0x00000002   Code   RO          152    .text.NMI_Handler   stm32l0xx_it.o
    0x080046f6   0x080046f6   0x00000002   PAD
    0x080046f8   0x080046f8   0x00000020   Code   RO         1173    .text.NVIC_EnableIRQ  stm32l0xx_hal_cortex.o
    0x08004718   0x08004718   0x00000088   Code   RO         1169    .text.NVIC_SetPriority  stm32l0xx_hal_cortex.o
    0x080047a0   0x080047a0   0x00000002   Code   RO          158    .text.PendSV_Handler  stm32l0xx_it.o
    0x080047a2   0x080047a2   0x00000002   PAD
    0x080047a4   0x080047a4   0x00000068   Code   RO           77    .text.PrintDebugHex  log.o
    0x0800480c   0x0800480c   0x000000b4   Code   RO          650    .text.RCC_SetFlashLatencyFromMSIRange  stm32l0xx_hal_rcc.o
    0x080048c0   0x080048c0   0x00000218   Code   RO         1515    .text.RfCadOnlyProcess  testfun.o
    0x08004ad8   0x08004ad8   0x0000001c   Code   RO         1519    .text.RfCmdProcess  testfun.o
    0x08004af4   0x08004af4   0x000009cc   Code   RO         1523    .text.RfConfigCmdProcess  testfun.o
    0x080054c0   0x080054c0   0x00000140   Code   RO         1513    .text.RfP2pRxProcess  testfun.o
    0x08005600   0x08005600   0x00000228   Code   RO         1511    .text.RfP2pTxProcess  testfun.o
    0x08005828   0x08005828   0x00000594   Code   RO         1507    .text.RfTest        testfun.o
    0x08005dbc   0x08005dbc   0x000001fc   Code   RO         1521    .text.RfTestCmdProcess  testfun.o
    0x08005fb8   0x08005fb8   0x0000016a   Code   RO          714    .text.SPI_WaitOnFlagUntilTimeout  stm32l0xx_hal_spi.o
    0x08006122   0x08006122   0x00000002   Code   RO          156    .text.SVC_Handler   stm32l0xx_it.o
    0x08006124   0x08006124   0x00000014   Code   RO         1315    .text.SX1262_TxInfinitePreamble  lora126x_driver.o
    0x08006138   0x08006138   0x00000018   Code   RO         1313    .text.SX126X_TxContinuousWave  lora126x_driver.o
    0x08006150   0x08006150   0x0000006c   Code   RO         1411    .text.SX126xCadParamsConfig  lora126x_fun.o
    0x080061bc   0x080061bc   0x00000058   Code   RO         1407    .text.SX126xCadPrepare  lora126x_fun.o
    0x08006214   0x08006214   0x0000001e   Code   RO         1259    .text.SX126xCalibrate  lora126x_driver.o
    0x08006232   0x08006232   0x00000036   Code   RO         1305    .text.SX126xCalibrateErr  lora126x_driver.o
    0x08006268   0x08006268   0x0000001c   Code   RO         1261    .text.SX126xCalibrateImage  lora126x_driver.o
    0x08006284   0x08006284   0x0000002c   Code   RO         1237    .text.SX126xCheckDeviceReady  lora126x_driver.o
    0x080062b0   0x080062b0   0x00000010   Code   RO         1487    .text.SX126xClearAllIrqFlag  lora126x_it.o
    0x080062c0   0x080062c0   0x00000016   Code   RO         1293    .text.SX126xClearDeviceErrors  lora126x_driver.o
    0x080062d6   0x080062d6   0x00000002   PAD
    0x080062d8   0x080062d8   0x00000018   Code   RO         1485    .text.SX126xClearIrqFlag  lora126x_it.o
    0x080062f0   0x080062f0   0x00000020   Code   RO         1287    .text.SX126xClearIrqStatus  lora126x_driver.o
    0x08006310   0x08006310   0x00000040   Code   RO         1295    .text.SX126xClearTimeoutEvent  lora126x_driver.o
    0x08006350   0x08006350   0x00000034   Code   RO         1329    .text.SX126xEnableRxBootedGain  lora126x_driver.o
    0x08006384   0x08006384   0x0000006c   Code   RO         1399    .text.SX126xEnterRx  lora126x_fun.o
    0x080063f0   0x080063f0   0x0000001c   Code   RO         1379    .text.SX126xEnterSleep  lora126x_fun.o
    0x0800640c   0x0800640c   0x00000018   Code   RO         1387    .text.SX126xEnterStandby  lora126x_fun.o
    0x08006424   0x08006424   0x00000014   Code   RO         1413    .text.SX126xExitSleep  lora126x_fun.o
    0x08006438   0x08006438   0x0000000c   Code   RO         1447    .text.SX126xGetBw   lora126x_fun.o
    0x08006444   0x08006444   0x0000000c   Code   RO         1433    .text.SX126xGetCadExitModes  lora126x_fun.o
    0x08006450   0x08006450   0x000000a4   Code   RO         1427    .text.SX126xGetCadPeak  lora126x_fun.o
    0x080064f4   0x080064f4   0x000000a4   Code   RO         1431    .text.SX126xGetCadSymbs  lora126x_fun.o
    0x08006598   0x08006598   0x00000008   Code   RO         1451    .text.SX126xGetCr   lora126x_fun.o
    0x080065a0   0x080065a0   0x00000008   Code   RO         1457    .text.SX126xGetCrc  lora126x_fun.o
    0x080065a8   0x080065a8   0x0000009e   Code   RO         1291    .text.SX126xGetDeviceErrors  lora126x_driver.o
    0x08006646   0x08006646   0x00000002   PAD
    0x08006648   0x08006648   0x00000008   Code   RO         1445    .text.SX126xGetFreq  lora126x_fun.o
    0x08006650   0x08006650   0x00000016   Code   RO         1263    .text.SX126xGetFreqCalibration  lora126x_driver.o
    0x08006666   0x08006666   0x00000002   PAD
    0x08006668   0x08006668   0x00000008   Code   RO         1435    .text.SX126xGetHeaderType  lora126x_fun.o
    0x08006670   0x08006670   0x0000000c   Code   RO         1389    .text.SX126xGetInternalXoCap  lora126x_fun.o
    0x0800667c   0x0800667c   0x0000001c   Code   RO         1483    .text.SX126xGetIrqFlag  lora126x_it.o
    0x08006698   0x08006698   0x0000001e   Code   RO         1289    .text.SX126xGetIrqStatus  lora126x_driver.o
    0x080066b6   0x080066b6   0x00000002   PAD
    0x080066b8   0x080066b8   0x00000010   Code   RO         1343    .text.SX126xGetIsBusyTimeout  lora126x_driver.o
    0x080066c8   0x080066c8   0x0000000c   Code   RO         1345    .text.SX126xGetOperatingMode  lora126x_driver.o
    0x080066d4   0x080066d4   0x00000038   Code   RO         1317    .text.SX126xGetPayload  lora126x_driver.o
    0x0800670c   0x0800670c   0x00000044   Code   RO         1319    .text.SX126xGetPktStatus  lora126x_driver.o
    0x08006750   0x08006750   0x00000008   Code   RO         1453    .text.SX126xGetPower  lora126x_fun.o
    0x08006758   0x08006758   0x0000000c   Code   RO         1461    .text.SX126xGetPreambleLen  lora126x_fun.o
    0x08006764   0x08006764   0x00000024   Code   RO         1303    .text.SX126xGetRxBufferStatus  lora126x_driver.o
    0x08006788   0x08006788   0x00000068   Code   RO         1403    .text.SX126xGetRxPkt  lora126x_fun.o
    0x080067f0   0x080067f0   0x0000000c   Code   RO         1449    .text.SX126xGetSf   lora126x_fun.o
    0x080067fc   0x080067fc   0x00000148   Code   RO           96    .text.SX126xGpioInit  gpio.o
    0x08006944   0x08006944   0x0000003c   Code   RO         1359    .text.SX126xHardwareDeliver  lora126x_hal.o
    0x08006980   0x08006980   0x00000018   Code   RO         1361    .text.SX126xHardwareInit  lora126x_hal.o
    0x08006998   0x08006998   0x0000004c   Code   RO         1331    .text.SX126xIQConfig  lora126x_driver.o
    0x080069e4   0x080069e4   0x00000174   Code   RO         1489    .text.SX126xIrqCallback  lora126x_it.o
    0x08006b58   0x08006b58   0x000000fc   Code   RO         1377    .text.SX126xLoRaInit  lora126x_fun.o
    0x08006c54   0x08006c54   0x00000060   Code   RO         1381    .text.SX126xLoRaModulationConfig  lora126x_fun.o
    0x08006cb4   0x08006cb4   0x00000088   Code   RO         1383    .text.SX126xLoRaPacketConfig  lora126x_fun.o
    0x08006d3c   0x08006d3c   0x00000064   Code   RO         1423    .text.SX126xLoRaPreambleConfig  lora126x_fun.o
    0x08006da0   0x08006da0   0x00000044   Code   RO         1421    .text.SX126xLowDataRateOptConfig  lora126x_fun.o
    0x08006de4   0x08006de4   0x00000024   Code   RO         1397    .text.SX126xPayloadLenConfig  lora126x_fun.o
    0x08006e08   0x08006e08   0x0000002e   Code   RO          100    .text.SX126xReadBusy  gpio.o
    0x08006e36   0x08006e36   0x00000002   PAD
    0x08006e38   0x08006e38   0x0000009c   Code   RO         1251    .text.SX126xReadCommand  lora126x_driver.o
    0x08006ed4   0x08006ed4   0x000000a0   Code   RO         1239    .text.SX126xReadFifo  lora126x_driver.o
    0x08006f74   0x08006f74   0x00000080   Code   RO         1279    .text.SX126xReadRegister  lora126x_driver.o
    0x08006ff4   0x08006ff4   0x0000002c   Code   RO         1365    .text.SX126xReset   lora126x_hal.o
    0x08007020   0x08007020   0x00000034   Code   RO         1401    .text.SX126xRxPrepare  lora126x_fun.o
    0x08007054   0x08007054   0x00000028   Code   RO         1437    .text.SX126xSendCarrierWave  lora126x_fun.o
    0x0800707c   0x0800707c   0x0000004c   Code   RO         1393    .text.SX126xSendData  lora126x_fun.o
    0x080070c8   0x080070c8   0x00000030   Code   RO         1439    .text.SX126xSendLoRaInfinitePreamble  lora126x_fun.o
    0x080070f8   0x080070f8   0x0000004c   Code   RO         1309    .text.SX126xSendPayload  lora126x_driver.o
    0x08007144   0x08007144   0x00000022   Code   RO         1255    .text.SX126xSetBufferBaseAddress  lora126x_driver.o
    0x08007166   0x08007166   0x00000002   PAD
    0x08007168   0x08007168   0x00000018   Code   RO         1335    .text.SX126xSetCad  lora126x_driver.o
    0x08007180   0x08007180   0x00000058   Code   RO         1333    .text.SX126xSetCadParams  lora126x_driver.o
    0x080071d8   0x080071d8   0x0000004c   Code   RO         1267    .text.SX126xSetDioIrqParams  lora126x_driver.o
    0x08007224   0x08007224   0x0000001a   Code   RO         1341    .text.SX126xSetFallBackMode  lora126x_driver.o
    0x0800723e   0x0800723e   0x00000002   PAD
    0x08007240   0x08007240   0x00000018   Code   RO         1257    .text.SX126xSetFifoBaseAddr  lora126x_driver.o
    0x08007258   0x08007258   0x0000004c   Code   RO         1417    .text.SX126xSetFreq  lora126x_fun.o
    0x080072a4   0x080072a4   0x00000014   Code   RO         1391    .text.SX126xSetInternalXoCap  lora126x_fun.o
    0x080072b8   0x080072b8   0x00000018   Code   RO         1491    .text.SX126xSetIrqFlag  lora126x_it.o
    0x080072d0   0x080072d0   0x0000001a   Code   RO         1285    .text.SX126xSetLoRaSymbNumTimeout  lora126x_driver.o
    0x080072ea   0x080072ea   0x00000002   PAD
    0x080072ec   0x080072ec   0x0000008c   Code   RO         1277    .text.SX126xSetLoraModulationParams  lora126x_driver.o
    0x08007378   0x08007378   0x00000044   Code   RO         1281    .text.SX126xSetLoraPacketParams  lora126x_driver.o
    0x080073bc   0x080073bc   0x00000028   Code   RO         1337    .text.SX126xSetNetworkType  lora126x_driver.o
    0x080073e4   0x080073e4   0x00000024   Code   RO          106    .text.SX126xSetNss  gpio.o
    0x08007408   0x08007408   0x00000032   Code   RO         1271    .text.SX126xSetPaConfig  lora126x_driver.o
    0x0800743a   0x0800743a   0x00000002   PAD
    0x0800743c   0x0800743c   0x00000034   Code   RO         1245    .text.SX126xSetPacketType  lora126x_driver.o
    0x08007470   0x08007470   0x00000054   Code   RO         1415    .text.SX126xSetPower  lora126x_fun.o
    0x080074c4   0x080074c4   0x0000001a   Code   RO         1253    .text.SX126xSetRegulatorMode  lora126x_driver.o
    0x080074de   0x080074de   0x00000002   PAD
    0x080074e0   0x080074e0   0x00000024   Code   RO          104    .text.SX126xSetReset  gpio.o
    0x08007504   0x08007504   0x0000007c   Code   RO         1265    .text.SX126xSetRfFrequency  lora126x_driver.o
    0x08007580   0x08007580   0x00000090   Code   RO          102    .text.SX126xSetRfSw  gpio.o
    0x08007610   0x08007610   0x00000018   Code   RO         1273    .text.SX126xSetRfTxPower  lora126x_driver.o
    0x08007628   0x08007628   0x0000003c   Code   RO         1307    .text.SX126xSetRx   lora126x_driver.o
    0x08007664   0x08007664   0x00000050   Code   RO         1241    .text.SX126xSetStandby  lora126x_driver.o
    0x080076b4   0x080076b4   0x0000001e   Code   RO         1283    .text.SX126xSetStopRxTimerOnPreambleDetect  lora126x_driver.o
    0x080076d2   0x080076d2   0x00000014   Code   RO         1385    .text.SX126xSetSymbNumTimeout  lora126x_fun.o
    0x080076e6   0x080076e6   0x00000002   PAD
    0x080076e8   0x080076e8   0x00000040   Code   RO         1311    .text.SX126xSetTx   lora126x_driver.o
    0x08007728   0x08007728   0x000000a0   Code   RO         1275    .text.SX126xSetTxParams  lora126x_driver.o
    0x080077c8   0x080077c8   0x0000002c   Code   RO         1323    .text.SX126xSetXtalCap  lora126x_driver.o
    0x080077f4   0x080077f4   0x0000003c   Code   RO         1321    .text.SX126xSleep   lora126x_driver.o
    0x08007830   0x08007830   0x00000084   Code   RO           98    .text.SX126xSpi1GpioInit  gpio.o
    0x080078b4   0x080078b4   0x00000064   Code   RO          132    .text.SX126xSpi1Init  spi.o
    0x08007918   0x08007918   0x00000028   Code   RO          134    .text.SX126xSpi1ReadWriteByte  spi.o
    0x08007940   0x08007940   0x00000034   Code   RO         1327    .text.SX126xSpiTest  lora126x_driver.o
    0x08007974   0x08007974   0x0000002c   Code   RO         1405    .text.SX126xStartCadOnly  lora126x_fun.o
    0x080079a0   0x080079a0   0x0000002c   Code   RO         1325    .text.SX126xTxClampConfig  lora126x_driver.o
    0x080079cc   0x080079cc   0x00000034   Code   RO         1395    .text.SX126xTxPrepare  lora126x_fun.o
    0x08007a00   0x08007a00   0x00000040   Code   RO         1363    .text.SX126xWaitBusy  lora126x_hal.o
    0x08007a40   0x08007a40   0x00000058   Code   RO         1233    .text.SX126xWakeup  lora126x_driver.o
    0x08007a98   0x08007a98   0x00000094   Code   RO         1243    .text.SX126xWriteCommand  lora126x_driver.o
    0x08007b2c   0x08007b2c   0x00000098   Code   RO         1235    .text.SX126xWriteFifo  lora126x_driver.o
    0x08007bc4   0x08007bc4   0x00000078   Code   RO         1247    .text.SX126xWriteRegister  lora126x_driver.o
    0x08007c3c   0x08007c3c   0x00000020   Code   RO         1503    .text.SetCmdFlag    testfun.o
    0x08007c5c   0x08007c5c   0x00000050   Code   RO         1185    .text.SysTick_Config  stm32l0xx_hal_cortex.o
    0x08007cac   0x08007cac   0x0000000c   Code   RO          160    .text.SysTick_Handler  stm32l0xx_it.o
    0x08007cb8   0x08007cb8   0x0000007c   Code   RO          185    .text.SystemClock_Config  main.o
    0x08007d34   0x08007d34   0x00000064   Code   RO         1218    .text.SystemInit    system_stm32l0xx.o
    0x08007d98   0x08007d98   0x0000000c   Code   RO          162    .text.TIM6_IRQHandler  stm32l0xx_it.o
    0x08007da4   0x08007da4   0x000000cc   Code   RO          793    .text.TIM_Base_SetConfig  stm32l0xx_hal_tim.o
    0x08007e70   0x08007e70   0x0000003a   Code   RO          967    .text.TIM_ETR_SetConfig  stm32l0xx_hal_tim.o
    0x08007eaa   0x08007eaa   0x00000030   Code   RO          973    .text.TIM_ITRx_SetConfig  stm32l0xx_hal_tim.o
    0x08007eda   0x08007eda   0x00000056   Code   RO          971    .text.TIM_TI1_ConfigInputStage  stm32l0xx_hal_tim.o
    0x08007f30   0x08007f30   0x0000005a   Code   RO          975    .text.TIM_TI2_ConfigInputStage  stm32l0xx_hal_tim.o
    0x08007f8a   0x08007f8a   0x00000002   PAD
    0x08007f8c   0x08007f8c   0x00000080   Code   RO           42    .text.Tim6MsInit    timer.o
    0x0800800c   0x0800800c   0x0000000c   Code   RO           44    .text.Tim6Start     timer.o
    0x08008018   0x08008018   0x00000010   Code   RO           46    .text.Tim6Stop      timer.o
    0x08008028   0x08008028   0x0000015a   Code   RO         1023    .text.UART_AdvFeatureConfig  stm32l0xx_hal_uart.o
    0x08008182   0x08008182   0x00000002   PAD
    0x08008184   0x08008184   0x000000a4   Code   RO         1027    .text.UART_CheckIdleState  stm32l0xx_hal_uart.o
    0x08008228   0x08008228   0x00000024   Code   RO         1103    .text.UART_DMAAbortOnError  stm32l0xx_hal_uart.o
    0x0800824c   0x0800824c   0x00000074   Code   RO         1055    .text.UART_DMAError  stm32l0xx_hal_uart.o
    0x080082c0   0x080082c0   0x0000005a   Code   RO         1059    .text.UART_DMAReceiveCplt  stm32l0xx_hal_uart.o
    0x0800831a   0x0800831a   0x00000016   Code   RO         1061    .text.UART_DMARxHalfCplt  stm32l0xx_hal_uart.o
    0x08008330   0x08008330   0x0000002a   Code   RO         1071    .text.UART_EndRxTransfer  stm32l0xx_hal_uart.o
    0x0800835a   0x0800835a   0x00000026   Code   RO         1109    .text.UART_EndTransmit_IT  stm32l0xx_hal_uart.o
    0x08008380   0x08008380   0x0000001c   Code   RO         1069    .text.UART_EndTxTransfer  stm32l0xx_hal_uart.o
    0x0800839c   0x0800839c   0x000000d0   Code   RO         1101    .text.UART_Receive_IT  stm32l0xx_hal_uart.o
    0x0800846c   0x0800846c   0x000005c4   Code   RO         1025    .text.UART_SetConfig  stm32l0xx_hal_uart.o
    0x08008a30   0x08008a30   0x000000ac   Code   RO         1107    .text.UART_Transmit_IT  stm32l0xx_hal_uart.o
    0x08008adc   0x08008adc   0x0000009e   Code   RO         1041    .text.UART_WaitOnFlagUntilTimeout  stm32l0xx_hal_uart.o
    0x08008b7a   0x08008b7a   0x00000002   PAD
    0x08008b7c   0x08008b7c   0x0000001c   Code   RO          168    .text.USART1_IRQHandler  stm32l0xx_it.o
    0x08008b98   0x08008b98   0x00000018   Code   RO          170    .text.USART2_IRQHandler  stm32l0xx_it.o
    0x08008bb0   0x08008bb0   0x000000e8   Code   RO           27    .text.UartReceiveIdle  uart.o
    0x08008c98   0x08008c98   0x00000098   Code   RO           19    .text.Usart2Init    uart.o
    0x08008d30   0x08008d30   0x00000034   Code   RO           21    .text.Usart2SendByte  uart.o
    0x08008d64   0x08008d64   0x00000060   Code   RO         1501    .text.UserUartProcess  testfun.o
    0x08008dc4   0x08008dc4   0x00000076   Code   RO         1525    .text.checkBw       testfun.o
    0x08008e3a   0x08008e3a   0x00000002   PAD
    0x08008e3c   0x08008e3c   0x0000001c   Code   RO           79    .text.fputc         log.o
    0x08008e58   0x08008e58   0x00000114   Code   RO          183    .text.main          main.o
    0x08008f6c   0x08008f6c   0x00000020   Code   RO         1592    i.__0printf         mc_p.l(printfa.o)
    0x08008f8c   0x08008f8c   0x0000002e   Code   RO         1698    i.__ARM_clz         mf_p.l(depilogue.o)
    0x08008fba   0x08008fba   0x00000002   PAD
    0x08008fbc   0x08008fbc   0x00000008   Code   RO         1686    i.__aeabi_errno_addr  mc_p.l(errno.o)
    0x08008fc4   0x08008fc4   0x0000000e   Code   RO         1716    i.__scatterload_copy  mc_p.l(handlers.o)
    0x08008fd2   0x08008fd2   0x00000002   Code   RO         1717    i.__scatterload_null  mc_p.l(handlers.o)
    0x08008fd4   0x08008fd4   0x0000000e   Code   RO         1718    i.__scatterload_zeroinit  mc_p.l(handlers.o)
    0x08008fe2   0x08008fe2   0x00000002   PAD
    0x08008fe4   0x08008fe4   0x00000174   Code   RO         1599    i._fp_digits        mc_p.l(printfa.o)
    0x08009158   0x08009158   0x000006ec   Code   RO         1600    i._printf_core      mc_p.l(printfa.o)
    0x08009844   0x08009844   0x00000020   Code   RO         1601    i._printf_post_padding  mc_p.l(printfa.o)
    0x08009864   0x08009864   0x0000002c   Code   RO         1602    i._printf_pre_padding  mc_p.l(printfa.o)
    0x08009890   0x08009890   0x00000081   Data   RO         1659    .constdata          mc_p.l(ctype_o.o)
    0x08009911   0x08009911   0x00000003   PAD
    0x08009914   0x08009914   0x00000004   Data   RO         1660    .constdata          mc_p.l(ctype_o.o)
    0x08009918   0x08009918   0x0000002c   Data   RO         1475    .rodata..L__const.IfEnableLowDataRateOptimize.bwKhz  lora126x_fun.o
    0x08009944   0x08009944   0x00000010   Data   RO         1223    .rodata.AHBPrescTable  system_stm32l0xx.o
    0x08009954   0x08009954   0x00000008   Data   RO         1224    .rodata.APBPrescTable  system_stm32l0xx.o
    0x0800995c   0x0800995c   0x00000009   Data   RO         1225    .rodata.PLLMulTable  system_stm32l0xx.o
    0x08009965   0x08009965   0x00000100   Data   RO         1533    .rodata.s_p2pTxData  testfun.o
    0x08009a65   0x08009a65   0x00000006   Data   RO           84    .rodata.str1.1      log.o
    0x08009a6b   0x08009a6b   0x0000003c   Data   RO          190    .rodata.str1.1      main.o
    0x08009aa7   0x08009aa7   0x00000792   Data   RO         1536    .rodata.str1.1      testfun.o
    0x0800a239   0x0800a239   0x000000eb   Data   RO         1565    .rodata.str1.1      uartstring.o
    0x0800a324   0x0800a324   0x00000020   Data   RO         1715    Region$$Table       anon$$obj.o


    Execution Region RW_IRAM1 (Exec base: 0x20000000, Load base: 0x0800a348, Size: 0x00001d58, Max: 0x00004000, ABSOLUTE)

    Exec Addr    Load Addr    Size         Type   Attr      Idx    E Section Name        Object

    0x20000000   0x0800a348   0x00000004   Data   RW         1645    .data               mc_p.l(stdout.o)
    0x20000004   0x0800a34c   0x00000004   Data   RW         1689    .data               mc_p.l(errno.o)
    0x20000008   0x0800a350   0x00000004   Data   RW         1222    .data.SystemCoreClock  system_stm32l0xx.o
    0x2000000c   0x0800a354   0x00000001   Data   RW           81    .data.g_enableLog   log.o
    0x2000000d   0x0800a355   0x00000008   Data   RW         1473    .data.s_LoRaCadPeak  lora126x_fun.o
    0x20000015   0x0800a35d   0x00000008   Data   RW         1474    .data.s_LoRaCadSymbs  lora126x_fun.o
    0x2000001d   0x0800a365   0x00000003   PAD
    0x20000020   0x0800a368   0x00000010   Data   RW         1469    .data.s_LoRaConfig  lora126x_fun.o
    0x20000030   0x0800a378   0x00000002   Data   RW         1547    .data.s_cadTime     testfun.o
    0x20000032   0x0800a37a   0x00000001   Data   RW         1470    .data.s_internalXoCap  lora126x_fun.o
    0x20000033   0x0800a37b   0x00000001   Data   RW         1541    .data.s_p2pTxDataLen  testfun.o
    0x20000034   0x0800a37c   0x00000002   Data   RW         1543    .data.s_p2pTxSendTotalNum  testfun.o
    0x20000036   0x0800a37e   0x00000002   PAD
    0x20000038   0x0800a380   0x00000004   Data   RW         1542    .data.s_p2pTxTime   testfun.o
    0x2000003c   0x0800a384   0x00000001   Data   RW         1348    .data.s_sx126xOperatingMode  lora126x_driver.o
    0x2000003d   0x0800a385   0x00000003   PAD
    0x20000040        -       0x00000004   Zero   RW           52    .bss.HAL_TIM_PeriodElapsedCallback.tim6Counter  timer.o
    0x20000044        -       0x00000004   Zero   RW           83    .bss.UartTransmitOneByte  log.o
    0x20000048        -       0x00000040   Zero   RW          121    .bss.g_DmaUart1RxHandle  dma.o
    0x20000088        -       0x00000040   Zero   RW          122    .bss.g_DmaUart1TxHandle  dma.o
    0x200000c8        -       0x00000040   Zero   RW          123    .bss.g_DmaUart2RxHandle  dma.o
    0x20000108        -       0x00000040   Zero   RW          124    .bss.g_DmaUart2TxHandle  dma.o
    0x20000148        -       0x00000103   Zero   RW         1468    .bss.g_LoRaRxPkt    lora126x_fun.o
    0x2000024b   0x0800a385   0x00000001   PAD
    0x2000024c        -       0x00000004   Zero   RW         1532    .bss.g_TestTimeCount  testfun.o
    0x20000250        -       0x00000004   Zero   RW           82    .bss.g_logSysTime   log.o
    0x20000254        -       0x00000001   Zero   RW         1467    .bss.g_rfState      lora126x_fun.o
    0x20000255   0x0800a385   0x00000003   PAD
    0x20000258        -       0x00000058   Zero   RW          136    .bss.g_spi1Handle   spi.o
    0x200002b0        -       0x00000020   Zero   RW         1367    .bss.g_sx126xHardware  lora126x_hal.o
    0x200002d0        -       0x00000103   Zero   RW         1534    .bss.g_tempbuf      testfun.o
    0x200003d3   0x0800a385   0x00000001   PAD
    0x200003d4        -       0x00000004   Zero   RW         1531    .bss.g_testFun      testfun.o
    0x200003d8        -       0x00000038   Zero   RW           50    .bss.g_tim2Handle   timer.o
    0x20000410        -       0x00000038   Zero   RW           51    .bss.g_tim6Handle   timer.o
    0x20000448        -       0x00000070   Zero   RW           29    .bss.g_uart1Handle  uart.o
    0x200004b8        -       0x00000404   Zero   RW           30    .bss.g_uart1State   uart.o
    0x200008bc        -       0x00000070   Zero   RW           31    .bss.g_uart2Handle  uart.o
    0x2000092c        -       0x00000404   Zero   RW           32    .bss.g_uart2State   uart.o
    0x20000d30        -       0x00000001   Zero   RW         1472    .bss.s_SX126xLowDataOpt  lora126x_fun.o
    0x20000d31   0x0800a385   0x00000001   PAD
    0x20000d32        -       0x00000002   Zero   RW         1548    .bss.s_TestState    testfun.o
    0x20000d34        -       0x00000001   Zero   RW         1471    .bss.s_cadExitMode  lora126x_fun.o
    0x20000d35   0x0800a385   0x00000001   PAD
    0x20000d36        -       0x00000402   Zero   RW         1564    .bss.s_cmdData      uartstring.o
    0x20001138        -       0x00000001   Zero   RW         1546    .bss.s_firstCad     testfun.o
    0x20001139        -       0x00000001   Zero   RW         1537    .bss.s_forceRx      testfun.o
    0x2000113a        -       0x00000002   Zero   RW         1545    .bss.s_p2pRxRecNum  testfun.o
    0x2000113c        -       0x00000002   Zero   RW         1544    .bss.s_p2pRxSendNum  testfun.o
    0x2000113e        -       0x00000002   Zero   RW         1540    .bss.s_p2pTxRecNum  testfun.o
    0x20001140        -       0x00000002   Zero   RW         1539    .bss.s_p2pTxSendNum  testfun.o
    0x20001142        -       0x00000002   Zero   RW         1538    .bss.s_perRxRecNum  testfun.o
    0x20001144        -       0x00000002   Zero   RW         1493    .bss.s_sx126xIrqFlag  lora126x_it.o
    0x20001146        -       0x00000001   Zero   RW         1351    .bss.s_sx126xRxFifoBaseAddr  lora126x_driver.o
    0x20001147        -       0x00000001   Zero   RW         1347    .bss.s_sx126xSpiUseFlag  lora126x_driver.o
    0x20001148        -       0x00000001   Zero   RW         1350    .bss.s_sx126xTxFifoBaseAddr  lora126x_driver.o
    0x20001149   0x0800a385   0x00000003   PAD
    0x2000114c        -       0x00000804   Zero   RW         1535    .bss.s_userCmdData  testfun.o
    0x20001950        -       0x00000001   Zero   RW         1349    .bss.s_waitBusyTimeout  lora126x_driver.o
    0x20001951   0x0800a385   0x00000003   PAD
    0x20001954        -       0x00000004   Zero   RW          249    .bss.uwTick         stm32l0xx_hal.o
    0x20001958        -       0x00000400   Zero   RW            1    STACK               startup_stm32l051xx.o


==============================================================================

Image component sizes


      Code (inc. data)   RO Data    RW Data    ZI Data      Debug   Object Name

       388         44          0          0        256       4804   dma.o
      1046         28          0          0          0       4021   gpio.o
       164         16          6          1          8       1472   log.o
      3304        144          0          1          4      18327   lora126x_driver.o
      2476        228         44         33        262      12374   lora126x_fun.o
       192          4          0          0         32       1811   lora126x_hal.o
       464         20          0          0          2       3173   lora126x_it.o
       404         68         60          0          0       3372   main.o
       140         12          0          0         88       3689   spi.o
        28          8        192          0       1024        608   startup_stm32l051xx.o
       144         12          0          0          4       5370   stm32l0xx_hal.o
       324         24          0          0          0       5781   stm32l0xx_hal_cortex.o
      2370        128          0          0          0       5984   stm32l0xx_hal_dma.o
       902         40          0          0          0       4654   stm32l0xx_hal_gpio.o
        76          8          0          0          0       1684   stm32l0xx_hal_msp.o
        92          8          0          0          0       3932   stm32l0xx_hal_pwr.o
        16          0          0          0          0       1848   stm32l0xx_hal_pwr_ex.o
      3412        180          0          0          0       8158   stm32l0xx_hal_rcc.o
      1504        184          0          0          0       4604   stm32l0xx_hal_rcc_ex.o
      1810          0          0          0          0      14849   stm32l0xx_hal_spi.o
      1666         12          0          0          0      27995   stm32l0xx_hal_tim.o
      4532        344          0          0          0      18445   stm32l0xx_hal_uart.o
         8          0          0          0          0       5430   stm32l0xx_hal_uart_ex.o
       146         20          0          0          0       1528   stm32l0xx_it.o
       100         28         33          4          0       2187   system_stm32l0xx.o
      6592        632       2194          9       2333       9563   testfun.o
       208         32          0          0        116       5141   timer.o
       436         24          0          0       2280       6577   uart.o
      1532        104        235          0       1026       3490   uartstring.o

    ----------------------------------------------------------------------
     34520       2352       2796         56       7448     190871   Object Totals
         0          0         32          0          0          0   (incl. Generated)
        44          0          0          8         13          0   (incl. Padding)

    ----------------------------------------------------------------------

      Code (inc. data)   RO Data    RW Data    ZI Data      Debug   Library Member Name

        30          0          0          0          0         60   _chval.o
       166          0          0          0          0         84   _strtoul.o
        26          0          0          0          0         72   atoi.o
         8          4        133          0          0         60   ctype_o.o
         0          0          0          0          0          0   entry.o
         0          0          0          0          0          0   entry10a.o
         0          0          0          0          0          0   entry11a.o
         8          4          0          0          0          0   entry2.o
         4          0          0          0          0          0   entry5.o
         0          0          0          0          0          0   entry7b.o
         0          0          0          0          0          0   entry8b.o
         8          4          0          0          0          0   entry9a.o
         8          4          0          4          0         60   errno.o
        30          0          0          0          0          0   handlers.o
        36          8          0          0          0         68   init.o
         0          0          0          0          0          0   iusefp.o
        32          0          0          0          0         68   llshl.o
        38          0          0          0          0         68   llsshr.o
        34          0          0          0          0         68   llushr.o
        26          0          0          0          0         72   memcmp.o
        36          0          0          0          0         60   memcpya.o
      2252         98          0          0          0        412   printfa.o
         0          0          0          4          0          0   stdout.o
        14          0          0          0          0         60   strlen.o
        40          0          0          0          0         72   strstr.o
       112          4          0          0          0         76   strtol.o
        62          0          0          0          0         72   uidiv_div0.o
        96          0          0          0          0         84   uldiv.o
        40          2          0          0          0         68   cdrcmple.o
       356          4          0          0          0        140   dadd.o
       240          6          0          0          0         84   ddiv.o
       236          0          0          0          0        216   depilogue.o
        60         10          0          0          0         68   dfixui.o
        64         10          0          0          0         68   dfixul.o
        28          4          0          0          0         68   dfltui.o
       208          6          0          0          0         88   dmul.o
        40          0          0          0          0         60   f2d.o

    ----------------------------------------------------------------------
      4344        168        136          8          0       2376   Library Totals
         6          0          3          0          0          0   (incl. Padding)

    ----------------------------------------------------------------------

      Code (inc. data)   RO Data    RW Data    ZI Data      Debug   Library Name

      3066        126        133          8          0       1516   mc_p.l
      1272         42          0          0          0        860   mf_p.l

    ----------------------------------------------------------------------
      4344        168        136          8          0       2376   Library Totals

    ----------------------------------------------------------------------

==============================================================================


      Code (inc. data)   RO Data    RW Data    ZI Data      Debug   

     38864       2520       2932         64       7448     191663   Grand Totals
     38864       2520       2932         64       7448     191663   ELF Image Totals
     38864       2520       2932         64          0          0   ROM Totals

==============================================================================

    Total RO  Size (Code + RO Data)                41796 (  40.82kB)
    Total RW  Size (RW Data + ZI Data)              7512 (   7.34kB)
    Total ROM Size (Code + RO Data + RW Data)      41860 (  40.88kB)

==============================================================================

