Component: ARM Compiler 6.14 Tool: armlink [5db06800]

==============================================================================

Section Cross References

    startup_stm32l051xx.o(RESET) refers to startup_stm32l051xx.o(STACK) for __initial_sp
    startup_stm32l051xx.o(RESET) refers to startup_stm32l051xx.o(.text) for Reset_Handler
    startup_stm32l051xx.o(RESET) refers to stm32l0xx_it.o(.text.NMI_Handler) for NMI_Handler
    startup_stm32l051xx.o(RESET) refers to stm32l0xx_it.o(.text.HardFault_Handler) for HardFault_Handler
    startup_stm32l051xx.o(RESET) refers to stm32l0xx_it.o(.text.SVC_Handler) for SVC_Handler
    startup_stm32l051xx.o(RESET) refers to stm32l0xx_it.o(.text.PendSV_Handler) for PendSV_Handler
    startup_stm32l051xx.o(RESET) refers to stm32l0xx_it.o(.text.SysTick_Handler) for SysTick_Handler
    startup_stm32l051xx.o(RESET) refers to stm32l0xx_it.o(.text.EXTI4_15_IRQHandler) for EXTI4_15_IRQHandler
    startup_stm32l051xx.o(RESET) refers to stm32l0xx_it.o(.text.DMA1_Channel2_3_IRQHandler) for DMA1_Channel2_3_IRQHandler
    startup_stm32l051xx.o(RESET) refers to stm32l0xx_it.o(.text.DMA1_Channel4_5_6_7_IRQHandler) for DMA1_Channel4_5_6_7_IRQHandler
    startup_stm32l051xx.o(RESET) refers to stm32l0xx_it.o(.text.TIM6_IRQHandler) for TIM6_IRQHandler
    startup_stm32l051xx.o(RESET) refers to stm32l0xx_it.o(.text.USART1_IRQHandler) for USART1_IRQHandler
    startup_stm32l051xx.o(RESET) refers to stm32l0xx_it.o(.text.USART2_IRQHandler) for USART2_IRQHandler
    startup_stm32l051xx.o(.text) refers to system_stm32l0xx.o(.text.SystemInit) for SystemInit
    startup_stm32l051xx.o(.text) refers to entry.o(.ARM.Collect$$$$00000000) for __main
    uart.o(.text.Usart1Init) refers to stm32l0xx_hal_rcc_ex.o(.text.HAL_RCCEx_PeriphCLKConfig) for HAL_RCCEx_PeriphCLKConfig
    uart.o(.text.Usart1Init) refers to stm32l0xx_hal_uart.o(.text.HAL_UART_Init) for HAL_UART_Init
    uart.o(.text.Usart1Init) refers to dma.o(.text.DmaUartInit) for DmaUartInit
    uart.o(.text.Usart1Init) refers to stm32l0xx_hal_cortex.o(.text.HAL_NVIC_SetPriority) for HAL_NVIC_SetPriority
    uart.o(.text.Usart1Init) refers to stm32l0xx_hal_cortex.o(.text.HAL_NVIC_EnableIRQ) for HAL_NVIC_EnableIRQ
    uart.o(.text.Usart1Init) refers to stm32l0xx_hal_uart.o(.text.HAL_UART_Receive_DMA) for HAL_UART_Receive_DMA
    uart.o(.text.Usart1Init) refers to uart.o(.bss.g_uart1Handle) for g_uart1Handle
    uart.o(.text.Usart1Init) refers to uart.o(.bss.g_uart1State) for g_uart1State
    uart.o(.ARM.exidx.text.Usart1Init) refers to uart.o(.text.Usart1Init) for [Anonymous Symbol]
    uart.o(.text.Usart1SendByte) refers to stm32l0xx_hal_uart.o(.text.HAL_UART_Transmit) for HAL_UART_Transmit
    uart.o(.text.Usart1SendByte) refers to uart.o(.bss.g_uart1Handle) for g_uart1Handle
    uart.o(.ARM.exidx.text.Usart1SendByte) refers to uart.o(.text.Usart1SendByte) for [Anonymous Symbol]
    uart.o(.text.Usart1SendDataByDma) refers to stm32l0xx_hal_uart.o(.text.HAL_UART_Transmit_DMA) for HAL_UART_Transmit_DMA
    uart.o(.text.Usart1SendDataByDma) refers to uart.o(.bss.g_uart1Handle) for g_uart1Handle
    uart.o(.ARM.exidx.text.Usart1SendDataByDma) refers to uart.o(.text.Usart1SendDataByDma) for [Anonymous Symbol]
    uart.o(.text.Usart1SendDataByBlock) refers to uart.o(.text.Usart1SendByte) for Usart1SendByte
    uart.o(.ARM.exidx.text.Usart1SendDataByBlock) refers to uart.o(.text.Usart1SendDataByBlock) for [Anonymous Symbol]
    uart.o(.text.Usart2Init) refers to stm32l0xx_hal_rcc_ex.o(.text.HAL_RCCEx_PeriphCLKConfig) for HAL_RCCEx_PeriphCLKConfig
    uart.o(.text.Usart2Init) refers to stm32l0xx_hal_uart.o(.text.HAL_UART_Init) for HAL_UART_Init
    uart.o(.text.Usart2Init) refers to dma.o(.text.DmaUartInit) for DmaUartInit
    uart.o(.text.Usart2Init) refers to stm32l0xx_hal_cortex.o(.text.HAL_NVIC_SetPriority) for HAL_NVIC_SetPriority
    uart.o(.text.Usart2Init) refers to stm32l0xx_hal_cortex.o(.text.HAL_NVIC_EnableIRQ) for HAL_NVIC_EnableIRQ
    uart.o(.text.Usart2Init) refers to stm32l0xx_hal.o(.text.HAL_Delay) for HAL_Delay
    uart.o(.text.Usart2Init) refers to stm32l0xx_hal_uart.o(.text.HAL_UART_Receive_DMA) for HAL_UART_Receive_DMA
    uart.o(.text.Usart2Init) refers to uart.o(.bss.g_uart2Handle) for g_uart2Handle
    uart.o(.text.Usart2Init) refers to uart.o(.bss.g_uart2State) for g_uart2State
    uart.o(.ARM.exidx.text.Usart2Init) refers to uart.o(.text.Usart2Init) for [Anonymous Symbol]
    uart.o(.text.Usart2SendByte) refers to stm32l0xx_hal_uart.o(.text.HAL_UART_Transmit) for HAL_UART_Transmit
    uart.o(.text.Usart2SendByte) refers to uart.o(.bss.g_uart2Handle) for g_uart2Handle
    uart.o(.ARM.exidx.text.Usart2SendByte) refers to uart.o(.text.Usart2SendByte) for [Anonymous Symbol]
    uart.o(.text.Usart2SendDataByDma) refers to stm32l0xx_hal_uart.o(.text.HAL_UART_Transmit_DMA) for HAL_UART_Transmit_DMA
    uart.o(.text.Usart2SendDataByDma) refers to uart.o(.bss.g_uart2Handle) for g_uart2Handle
[...]
    .L.str.37                                0x0800a38c   Data           4  testfun.o(.rodata.str1.1)
    .L.str.67                                0x0800a390   Data          20  testfun.o(.rodata.str1.1)
    .L.str.30                                0x0800a3a4   Data          23  testfun.o(.rodata.str1.1)
    .L.str.8                                 0x0800a3bb   Data          20  testfun.o(.rodata.str1.1)
    .L.str.16                                0x0800a3cf   Data          19  testfun.o(.rodata.str1.1)
    .L.str.49                                0x0800a3e2   Data          14  testfun.o(.rodata.str1.1)
    .L.str.54                                0x0800a3e6   Data          10  testfun.o(.rodata.str1.1)
    .L.str.60                                0x0800a3f0   Data          21  testfun.o(.rodata.str1.1)
    .L.str.58                                0x0800a405   Data          25  testfun.o(.rodata.str1.1)
    .L.str.38                                0x0800a41e   Data          68  testfun.o(.rodata.str1.1)
    .L.str.55                                0x0800a462   Data          16  testfun.o(.rodata.str1.1)
    .L.str.51                                0x0800a472   Data          12  testfun.o(.rodata.str1.1)
    .L.str.57                                0x0800a47e   Data          17  testfun.o(.rodata.str1.1)
    .L.str.48                                0x0800a48f   Data          21  testfun.o(.rodata.str1.1)
    .L.str.64                                0x0800a4a4   Data          79  testfun.o(.rodata.str1.1)
    .L.str.9                                 0x0800a4f3   Data          11  testfun.o(.rodata.str1.1)
    .L.str.62                                0x0800a4fe   Data          50  testfun.o(.rodata.str1.1)
    .L.str.63                                0x0800a530   Data          19  testfun.o(.rodata.str1.1)
    .L.str.61                                0x0800a543   Data          23  testfun.o(.rodata.str1.1)
    .L.str.24                                0x0800a55a   Data          35  testfun.o(.rodata.str1.1)
    .L.str.46                                0x0800a57d   Data          30  testfun.o(.rodata.str1.1)
    .L.str.47                                0x0800a59b   Data          24  testfun.o(.rodata.str1.1)
    .L.str.53                                0x0800a5b3   Data          20  testfun.o(.rodata.str1.1)
    .L.str.50                                0x0800a5b7   Data          16  testfun.o(.rodata.str1.1)
    .L.str.2                                 0x0800a5c5   Data           2  testfun.o(.rodata.str1.1)
    .L.str.25                                0x0800a5c7   Data          48  testfun.o(.rodata.str1.1)
    .L.str.20                                0x0800a5f7   Data          25  testfun.o(.rodata.str1.1)
    .L.str.27                                0x0800a601   Data          15  testfun.o(.rodata.str1.1)
    .L.str.1                                 0x0800a610   Data          12  testfun.o(.rodata.str1.1)
    .L.str.7                                 0x0800a61c   Data          22  testfun.o(.rodata.str1.1)
    .L.str.15                                0x0800a632   Data          21  testfun.o(.rodata.str1.1)
    .L.str.22                                0x0800a647   Data          54  testfun.o(.rodata.str1.1)
    .L.str.26                                0x0800a67d   Data          21  testfun.o(.rodata.str1.1)
    .L.str.23                                0x0800a687   Data          11  testfun.o(.rodata.str1.1)
    .L.str.21                                0x0800a692   Data          36  testfun.o(.rodata.str1.1)
    .L.str.52                                0x0800a6b6   Data          19  testfun.o(.rodata.str1.1)
    .L.str.17                                0x0800a6c9   Data          10  uartstring.o(.rodata.str1.1)
    [Anonymous Symbol]                       0x0800a6c9   Section        0  uartstring.o(.rodata.str1.1)
    .L.str.12                                0x0800a6d3   Data          10  uartstring.o(.rodata.str1.1)
    .L.str.6                                 0x0800a6dd   Data          14  uartstring.o(.rodata.str1.1)
    .L.str.7                                 0x0800a6e2   Data           9  uartstring.o(.rodata.str1.1)
    .L.str.8                                 0x0800a6eb   Data           9  uartstring.o(.rodata.str1.1)
    .L.str.11                                0x0800a6f4   Data          10  uartstring.o(.rodata.str1.1)
    .L.str.2                                 0x0800a6fe   Data           3  uartstring.o(.rodata.str1.1)
    .L.str.23                                0x0800a701   Data           4  uartstring.o(.rodata.str1.1)
    .L.str.15                                0x0800a705   Data          11  uartstring.o(.rodata.str1.1)
    .L.str.13                                0x0800a710   Data          16  uartstring.o(.rodata.str1.1)
    .L.str.16                                0x0800a720   Data          10  uartstring.o(.rodata.str1.1)
    .L.str.14                                0x0800a72a   Data          15  uartstring.o(.rodata.str1.1)
    .L.str                                   0x0800a739   Data           5  uartstring.o(.rodata.str1.1)
    .L.str.3                                 0x0800a73e   Data           3  uartstring.o(.rodata.str1.1)
    .L.str.21                                0x0800a741   Data          10  uartstring.o(.rodata.str1.1)
    .L.str.4                                 0x0800a74b   Data           6  uartstring.o(.rodata.str1.1)
    .L.str.5                                 0x0800a751   Data          16  uartstring.o(.rodata.str1.1)
    .L.str.20                                0x0800a761   Data          18  uartstring.o(.rodata.str1.1)
    .L.str.22                                0x0800a773   Data          13  uartstring.o(.rodata.str1.1)
    .L.str.1                                 0x0800a780   Data           3  uartstring.o(.rodata.str1.1)
    .L.str.10                                0x0800a783   Data          13  uartstring.o(.rodata.str1.1)
    .L.str.18                                0x0800a790   Data           9  uartstring.o(.rodata.str1.1)
    .L.str.9                                 0x0800a799   Data          13  uartstring.o(.rodata.str1.1)
    .L.str.19                                0x0800a7a6   Data          14  uartstring.o(.rodata.str1.1)
    .data                                    0x20000000   Section        4  stdout.o(.data)
    _errno                                   0x20000004   Data           4  errno.o(.data)
    .data                                    0x20000004   Section        4  errno.o(.data)
    s_LoRaCadPeak                            0x2000000d   Data           8  lora126x_fun.o(.data.s_LoRaCadPeak)
    [Anonymous Symbol]                       0x2000000d   Section        0  lora126x_fun.o(.data.s_LoRaCadPeak)
    s_LoRaCadSymbs                           0x20000015   Data           8  lora126x_fun.o(.data.s_LoRaCadSymbs)
    [Anonymous Symbol]                       0x20000015   Section        0  lora126x_fun.o(.data.s_LoRaCadSymbs)
    s_LoRaConfig                             0x20000020   Data          16  lora126x_fun.o(.data.s_LoRaConfig)
    [Anonymous Symbol]                       0x20000020   Section        0  lora126x_fun.o(.data.s_LoRaConfig)
    s_cadTime                                0x20000030   Data           2  testfun.o(.data.s_cadTime)
    [Anonymous Symbol]                       0x20000030   Section        0  testfun.o(.data.s_cadTime)
    s_internalXoCap                          0x20000032   Data           1  lora126x_fun.o(.data.s_internalXoCap)
    [Anonymous Symbol]                       0x20000032   Section        0  lora126x_fun.o(.data.s_internalXoCap)
    s_p2pTxDataLen                           0x20000033   Data           1  testfun.o(.data.s_p2pTxDataLen)
    [Anonymous Symbol]                       0x20000033   Section        0  testfun.o(.data.s_p2pTxDataLen)
    s_p2pTxSendTotalNum                      0x20000034   Data           2  testfun.o(.data.s_p2pTxSendTotalNum)
    [Anonymous Symbol]                       0x20000034   Section        0  testfun.o(.data.s_p2pTxSendTotalNum)
    s_p2pTxTime                              0x20000038   Data           4  testfun.o(.data.s_p2pTxTime)
    [Anonymous Symbol]                       0x20000038   Section        0  testfun.o(.data.s_p2pTxTime)
    s_sx126xOperatingMode                    0x2000003c   Data           1  lora126x_driver.o(.data.s_sx126xOperatingMode)
    [Anonymous Symbol]                       0x2000003c   Section        0  lora126x_driver.o(.data.s_sx126xOperatingMode)
    HAL_TIM_PeriodElapsedCallback.tim6Counter 0x20000040   Data           4  timer.o(.bss.HAL_TIM_PeriodElapsedCallback.tim6Counter)
    [Anonymous Symbol]                       0x20000040   Section        0  timer.o(.bss.HAL_TIM_PeriodElapsedCallback.tim6Counter)
    UartTransmitOneByte                      0x20000044   Data           4  log.o(.bss.UartTransmitOneByte)
    [Anonymous Symbol]                       0x20000044   Section        0  log.o(.bss.UartTransmitOneByte)
    s_SX126xLowDataOpt                       0x20000d30   Data           1  lora126x_fun.o(.bss.s_SX126xLowDataOpt)
    [Anonymous Symbol]                       0x20000d30   Section        0  lora126x_fun.o(.bss.s_SX126xLowDataOpt)
    s_TestState                              0x20000d32   Data           2  testfun.o(.bss.s_TestState)
    [Anonymous Symbol]                       0x20000d32   Section        0  testfun.o(.bss.s_TestState)
    s_cadExitMode                            0x20000d34   Data           1  lora126x_fun.o(.bss.s_cadExitMode)
    [Anonymous Symbol]                       0x20000d34   Section        0  lora126x_fun.o(.bss.s_cadExitMode)
    s_cmdData                                0x20000d36   Data        1026  uartstring.o(.bss.s_cmdData)
    [Anonymous Symbol]                       0x20000d36   Section        0  uartstring.o(.bss.s_cmdData)
    s_firstCad                               0x20001138   Data           1  testfun.o(.bss.s_firstCad)
    [Anonymous Symbol]                       0x20001138   Section        0  testfun.o(.bss.s_firstCad)
    s_forceRx                                0x20001139   Data           1  testfun.o(.bss.s_forceRx)
    [Anonymous Symbol]                       0x20001139   Section        0  testfun.o(.bss.s_forceRx)
    s_p2pRxRecNum                            0x2000113a   Data           2  testfun.o(.bss.s_p2pRxRecNum)
    [Anonymous Symbol]                       0x2000113a   Section        0  testfun.o(.bss.s_p2pRxRecNum)
    s_p2pRxSendNum                           0x2000113c   Data           2  testfun.o(.bss.s_p2pRxSendNum)
    [Anonymous Symbol]                       0x2000113c   Section        0  testfun.o(.bss.s_p2pRxSendNum)
    s_p2pTxRecNum                            0x2000113e   Data           2  testfun.o(.bss.s_p2pTxRecNum)
    [Anonymous Symbol]                       0x2000113e   Section        0  testfun.o(.bss.s_p2pTxRecNum)
    s_p2pTxSendNum                           0x20001140   Data           2  testfun.o(.bss.s_p2pTxSendNum)
    [Anonymous Symbol]                       0x20001140   Section        0  testfun.o(.bss.s_p2pTxSendNum)
    s_perRxRecNum                            0x20001142   Data           2  testfun.o(.bss.s_perRxRecNum)
    [Anonymous Symbol]                       0x20001142   Section        0  testfun.o(.bss.s_perRxRecNum)
    s_sx126xIrqFlag                          0x20001144   Data           2  lora126x_it.o(.bss.s_sx126xIrqFlag)
    [Anonymous Symbol]                       0x20001144   Section        0  lora126x_it.o(.bss.s_sx126xIrqFlag)
    s_sx126xRxFifoBaseAddr                   0x20001146   Data           1  lora126x_driver.o(.bss.s_sx126xRxFifoBaseAddr)
    [Anonymous Symbol]                       0x20001146   Section        0  lora126x_driver.o(.bss.s_sx126xRxFifoBaseAddr)
    s_sx126xSpiUseFlag                       0x20001147   Data           1  lora126x_driver.o(.bss.s_sx126xSpiUseFlag)
    [Anonymous Symbol]                       0x20001147   Section        0  lora126x_driver.o(.bss.s_sx126xSpiUseFlag)
    s_sx126xTxFifoBaseAddr                   0x20001148   Data           1  lora126x_driver.o(.bss.s_sx126xTxFifoBaseAddr)
    [Anonymous Symbol]                       0x20001148   Section        0  lora126x_driver.o(.bss.s_sx126xTxFifoBaseAddr)
    s_userCmdData                            0x2000114c   Data        2052  testfun.o(.bss.s_userCmdData)
    [Anonymous Symbol]                       0x2000114c   Section        0  testfun.o(.bss.s_userCmdData)
    s_waitBusyTimeout                        0x20001950   Data           1  lora126x_driver.o(.bss.s_waitBusyTimeout)
    [Anonymous Symbol]                       0x20001950   Section        0  lora126x_driver.o(.bss.s_waitBusyTimeout)
    STACK                                    0x20001958   Section     1024  startup_stm32l051xx.o(STACK)

    Global Symbols

    Symbol Name                              Value     Ov Type        Size  Object(Section)

    BuildAttributes$$THM_ISAv3M$S$PE$A:L22$X:L11$S22$IEEE1$IW$~IW$USESV6$~STKCKD$USESV7$~SHL$OSPACE$ROPI$EBA8$MICROLIB$REQ8$PRES8$EABIv2 0x00000000   Number         0  anon$$obj.o ABSOLUTE
    __cpp_initialize__aeabi_                  - Undefined Weak Reference
    __cxa_finalize                            - Undefined Weak Reference
    __decompress                              - Undefined Weak Reference
    _clock_init                               - Undefined Weak Reference
    _microlib_exit                            - Undefined Weak Reference
    __Vectors_Size                           0x000000c0   Number         0  startup_stm32l051xx.o ABSOLUTE
    __Vectors                                0x08000000   Data           4  startup_stm32l051xx.o(RESET)
    __Vectors_End                            0x080000c0   Data           0  startup_stm32l051xx.o(RESET)
    __main                                   0x080000c1   Thumb Code     0  entry.o(.ARM.Collect$$$$00000000)
    _main_stk                                0x080000c1   Thumb Code     0  entry2.o(.ARM.Collect$$$$00000001)
    _main_scatterload                        0x080000c5   Thumb Code     0  entry5.o(.ARM.Collect$$$$00000004)
    __main_after_scatterload                 0x080000c9   Thumb Code     0  entry5.o(.ARM.Collect$$$$00000004)
    _main_clock                              0x080000c9   Thumb Code     0  entry7b.o(.ARM.Collect$$$$00000008)
    _main_cpp_init                           0x080000c9   Thumb Code     0  entry8b.o(.ARM.Collect$$$$0000000A)
    _main_init                               0x080000c9   Thumb Code     0  entry9a.o(.ARM.Collect$$$$0000000B)
    __rt_final_cpp                           0x080000d1   Thumb Code     0  entry10a.o(.ARM.Collect$$$$0000000D)
    __rt_final_exit                          0x080000d1   Thumb Code     0  entry11a.o(.ARM.Collect$$$$0000000F)
    Reset_Handler                            0x080000d5   Thumb Code     8  startup_stm32l051xx.o(.text)
    ADC1_COMP_IRQHandler                     0x080000e7   Thumb Code     0  startup_stm32l051xx.o(.text)
    DMA1_Channel1_IRQHandler                 0x080000e7   Thumb Code     0  startup_stm32l051xx.o(.text)
    EXTI0_1_IRQHandler                       0x080000e7   Thumb Code     0  startup_stm32l051xx.o(.text)
    EXTI2_3_IRQHandler                       0x080000e7   Thumb Code     0  startup_stm32l051xx.o(.text)
    FLASH_IRQHandler                         0x080000e7   Thumb Code     0  startup_stm32l051xx.o(.text)
    I2C1_IRQHandler                          0x080000e7   Thumb Code     0  startup_stm32l051xx.o(.text)
    I2C2_IRQHandler                          0x080000e7   Thumb Code     0  startup_stm32l051xx.o(.text)
    LPTIM1_IRQHandler                        0x080000e7   Thumb Code     0  startup_stm32l051xx.o(.text)
    LPUART1_IRQHandler                       0x080000e7   Thumb Code     0  startup_stm32l051xx.o(.text)
    PVD_IRQHandler                           0x080000e7   Thumb Code     0  startup_stm32l051xx.o(.text)
    RCC_IRQHandler                           0x080000e7   Thumb Code     0  startup_stm32l051xx.o(.text)
    RTC_IRQHandler                           0x080000e7   Thumb Code     0  startup_stm32l051xx.o(.text)
    SPI1_IRQHandler                          0x080000e7   Thumb Code     0  startup_stm32l051xx.o(.text)
    SPI2_IRQHandler                          0x080000e7   Thumb Code     0  startup_stm32l051xx.o(.text)
    TIM21_IRQHandler                         0x080000e7   Thumb Code     0  startup_stm32l051xx.o(.text)
    TIM22_IRQHandler                         0x080000e7   Thumb Code     0  startup_stm32l051xx.o(.text)
    TIM2_IRQHandler                          0x080000e7   Thumb Code     0  startup_stm32l051xx.o(.text)
    WWDG_IRQHandler                          0x080000e7   Thumb Code     0  startup_stm32l051xx.o(.text)
    __aeabi_uidiv                            0x080000f1   Thumb Code     0  uidiv.o(.text)
    __aeabi_uidivmod                         0x080000f1   Thumb Code    44  uidiv.o(.text)
    __aeabi_uldivmod                         0x0800011d   Thumb Code    96  uldiv.o(.text)
    __aeabi_memcpy                           0x0800017d   Thumb Code    36  memcpya.o(.text)
    __aeabi_memcpy4                          0x0800017d   Thumb Code     0  memcpya.o(.text)
    __aeabi_memcpy8                          0x0800017d   Thumb Code     0  memcpya.o(.text)
    strstr                                   0x080001a1   Thumb Code    40  strstr.o(.text)
    strlen                                   0x080001c9   Thumb Code    14  strlen.o(.text)
    memcmp                                   0x080001d7   Thumb Code    26  memcmp.o(.text)
    strtol                                   0x080001f1   Thumb Code   108  strtol.o(.text)
    atoi                                     0x08000261   Thumb Code    26  atoi.o(.text)
    __aeabi_ddiv                             0x0800027d   Thumb Code   234  ddiv.o(.text)
    __aeabi_ui2d                             0x0800036d   Thumb Code    24  dfltui.o(.text)
    __aeabi_d2uiz                            0x08000389   Thumb Code    50  dfixui.o(.text)
    __aeabi_f2d                              0x080003c5   Thumb Code    40  f2d.o(.text)
    __aeabi_llsl                             0x080003ed   Thumb Code    32  llshl.o(.text)
    _ll_shift_l                              0x080003ed   Thumb Code     0  llshl.o(.text)
    __aeabi_llsr                             0x0800040d   Thumb Code    34  llushr.o(.text)
    _ll_ushift_r                             0x0800040d   Thumb Code     0  llushr.o(.text)
    __rt_ctype_table                         0x08000431   Thumb Code     4  ctype_o.o(.text)
    _strtoul                                 0x08000439   Thumb Code   166  _strtoul.o(.text)
    __I$use$fp                               0x080004df   Thumb Code     0  iusefp.o(.text)
    _double_round                            0x080004df   Thumb Code    26  depilogue.o(.text)
    _double_epilogue                         0x080004f9   Thumb Code   164  depilogue.o(.text)
    __aeabi_dadd                             0x0800059d   Thumb Code   328  dadd.o(.text)
    __aeabi_dsub                             0x080006e5   Thumb Code    12  dadd.o(.text)
    __aeabi_drsub                            0x080006f1   Thumb Code    12  dadd.o(.text)
    __aeabi_dmul                             0x08000701   Thumb Code   202  dmul.o(.text)
    __aeabi_d2ulz                            0x080007d1   Thumb Code    54  dfixul.o(.text)
    __aeabi_cdrcmple                         0x08000811   Thumb Code    38  cdrcmple.o(.text)
    __scatterload                            0x08000839   Thumb Code    28  init.o(.text)
    __scatterload_rt2                        0x08000839   Thumb Code     0  init.o(.text)
    __aeabi_lasr                             0x0800085d   Thumb Code    38  llsshr.o(.text)
    _ll_sshift_r                             0x0800085d   Thumb Code     0  llsshr.o(.text)
    _chval                                   0x08000883   Thumb Code    30  _chval.o(.text)
    CmdChangeBW                              0x080008d5   Thumb Code   186  testfun.o(.text.CmdChangeBW)
    CopyUartData                             0x08000991   Thumb Code   132  uartstring.o(.text.CopyUartData)
    DMA1_Channel2_3_IRQHandler               0x08000a15   Thumb Code    24  stm32l0xx_it.o(.text.DMA1_Channel2_3_IRQHandler)
    DMA1_Channel4_5_6_7_IRQHandler           0x08000a2d   Thumb Code    24  stm32l0xx_it.o(.text.DMA1_Channel4_5_6_7_IRQHandler)
    DecodeChar                               0x08000a89   Thumb Code   380  uartstring.o(.text.DecodeChar)
    DecodeCommand                            0x08000c05   Thumb Code   968  uartstring.o(.text.DecodeCommand)
    DmaInit                                  0x08000fcd   Thumb Code    72  dma.o(.text.DmaInit)
    DmaUartInit                              0x08001015   Thumb Code   308  dma.o(.text.DmaUartInit)
    EXTI4_15_IRQHandler                      0x08001149   Thumb Code    12  stm32l0xx_it.o(.text.EXTI4_15_IRQHandler)
    Error_Handler                            0x08001155   Thumb Code     4  main.o(.text.Error_Handler)
    GetBw                                    0x080011a1   Thumb Code   152  testfun.o(.text.GetBw)
    GetCmdFlag                               0x08001239   Thumb Code    56  testfun.o(.text.GetCmdFlag)
    GetSX126xSpiState                        0x08001271   Thumb Code    16  lora126x_driver.o(.text.GetSX126xSpiState)
    GpioInit                                 0x08001281   Thumb Code    88  gpio.o(.text.GpioInit)
    GpioSleep                                0x080012d9   Thumb Code   224  gpio.o(.text.GpioSleep)
    HAL_DMA_Abort                            0x080013b9   Thumb Code   140  stm32l0xx_hal_dma.o(.text.HAL_DMA_Abort)
    HAL_DMA_Abort_IT                         0x08001445   Thumb Code   296  stm32l0xx_hal_dma.o(.text.HAL_DMA_Abort_IT)
    HAL_DMA_IRQHandler                       0x0800156d   Thumb Code  1276  stm32l0xx_hal_dma.o(.text.HAL_DMA_IRQHandler)
    HAL_DMA_Init                             0x08001a69   Thumb Code   444  stm32l0xx_hal_dma.o(.text.HAL_DMA_Init)
    HAL_DMA_Start_IT                         0x08001c25   Thumb Code   150  stm32l0xx_hal_dma.o(.text.HAL_DMA_Start_IT)
    HAL_Delay                                0x08001cbb   Thumb Code    40  stm32l0xx_hal.o(.text.HAL_Delay)
    HAL_GPIO_EXTI_Callback                   0x08001ce3   Thumb Code    32  gpio.o(.text.HAL_GPIO_EXTI_Callback)
    HAL_GPIO_EXTI_IRQHandler                 0x08001d05   Thumb Code    52  stm32l0xx_hal_gpio.o(.text.HAL_GPIO_EXTI_IRQHandler)
    HAL_GPIO_Init                            0x08001d39   Thumb Code   760  stm32l0xx_hal_gpio.o(.text.HAL_GPIO_Init)
    HAL_GPIO_ReadPin                         0x08002031   Thumb Code    46  stm32l0xx_hal_gpio.o(.text.HAL_GPIO_ReadPin)
    HAL_GPIO_WritePin                        0x0800205f   Thumb Code    50  stm32l0xx_hal_gpio.o(.text.HAL_GPIO_WritePin)
    HAL_GetTick                              0x08002091   Thumb Code     8  stm32l0xx_hal.o(.text.HAL_GetTick)
    HAL_IncTick                              0x08002099   Thumb Code    16  stm32l0xx_hal.o(.text.HAL_IncTick)
    HAL_Init                                 0x080020a9   Thumb Code    40  stm32l0xx_hal.o(.text.HAL_Init)
    HAL_InitTick                             0x080020d1   Thumb Code    48  stm32l0xx_hal.o(.text.HAL_InitTick)
    HAL_MspInit                              0x08002101   Thumb Code    76  stm32l0xx_hal_msp.o(.text.HAL_MspInit)
    HAL_NVIC_EnableIRQ                       0x0800214d   Thumb Code    24  stm32l0xx_hal_cortex.o(.text.HAL_NVIC_EnableIRQ)
    HAL_NVIC_SetPriority                     0x08002165   Thumb Code    30  stm32l0xx_hal_cortex.o(.text.HAL_NVIC_SetPriority)
    HAL_PWREx_EnableUltraLowPower            0x08002185   Thumb Code    16  stm32l0xx_hal_pwr_ex.o(.text.HAL_PWREx_EnableUltraLowPower)
    HAL_PWR_EnterSTOPMode                    0x08002195   Thumb Code    96  stm32l0xx_hal_pwr.o(.text.HAL_PWR_EnterSTOPMode)
    HAL_RCCEx_GetPeriphCLKFreq               0x080021f5   Thumb Code   804  stm32l0xx_hal_rcc_ex.o(.text.HAL_RCCEx_GetPeriphCLKFreq)
    HAL_RCCEx_PeriphCLKConfig                0x08002519   Thumb Code   640  stm32l0xx_hal_rcc_ex.o(.text.HAL_RCCEx_PeriphCLKConfig)
    HAL_RCC_ClockConfig                      0x08002799   Thumb Code   664  stm32l0xx_hal_rcc.o(.text.HAL_RCC_ClockConfig)
    HAL_RCC_GetHCLKFreq                      0x08002a31   Thumb Code    12  stm32l0xx_hal_rcc.o(.text.HAL_RCC_GetHCLKFreq)
    HAL_RCC_GetOscConfig                     0x08002a3d   Thumb Code   320  stm32l0xx_hal_rcc.o(.text.HAL_RCC_GetOscConfig)
    HAL_RCC_GetPCLK1Freq                     0x08002b7d   Thumb Code    28  stm32l0xx_hal_rcc.o(.text.HAL_RCC_GetPCLK1Freq)
    HAL_RCC_GetPCLK2Freq                     0x08002b99   Thumb Code    36  stm32l0xx_hal_rcc.o(.text.HAL_RCC_GetPCLK2Freq)
    HAL_RCC_GetSysClockFreq                  0x08002bbd   Thumb Code   284  stm32l0xx_hal_rcc.o(.text.HAL_RCC_GetSysClockFreq)
    HAL_RCC_OscConfig                        0x08002cd9   Thumb Code  1868  stm32l0xx_hal_rcc.o(.text.HAL_RCC_OscConfig)
    HAL_SPI_Init                             0x08003425   Thumb Code   176  stm32l0xx_hal_spi.o(.text.HAL_SPI_Init)
    HAL_SPI_MspInit                          0x080034d5   Thumb Code     8  stm32l0xx_hal_spi.o(.text.HAL_SPI_MspInit)
    HAL_SPI_TransmitReceive                  0x080034dd   Thumb Code  1264  stm32l0xx_hal_spi.o(.text.HAL_SPI_TransmitReceive)
    HAL_SYSTICK_Callback                     0x080039cd   Thumb Code     2  stm32l0xx_hal_cortex.o(.text.HAL_SYSTICK_Callback)
    HAL_SYSTICK_Config                       0x080039cf   Thumb Code    16  stm32l0xx_hal_cortex.o(.text.HAL_SYSTICK_Config)
    HAL_SYSTICK_IRQHandler                   0x080039df   Thumb Code     8  stm32l0xx_hal_cortex.o(.text.HAL_SYSTICK_IRQHandler)
    HAL_TIM_Base_Init                        0x080039e7   Thumb Code   100  stm32l0xx_hal_tim.o(.text.HAL_TIM_Base_Init)
    HAL_TIM_Base_MspInit                     0x08003a4b   Thumb Code     8  stm32l0xx_hal_tim.o(.text.HAL_TIM_Base_MspInit)
    HAL_TIM_Base_Start_IT                    0x08003a53   Thumb Code    40  stm32l0xx_hal_tim.o(.text.HAL_TIM_Base_Start_IT)
    HAL_TIM_Base_Stop_IT                     0x08003a7d   Thumb Code    60  stm32l0xx_hal_tim.o(.text.HAL_TIM_Base_Stop_IT)
    HAL_TIM_ConfigClockSource                0x08003ab9   Thumb Code   472  stm32l0xx_hal_tim.o(.text.HAL_TIM_ConfigClockSource)
    HAL_TIM_IC_CaptureCallback               0x08003c91   Thumb Code     8  stm32l0xx_hal_tim.o(.text.HAL_TIM_IC_CaptureCallback)
    HAL_TIM_IRQHandler                       0x08003c99   Thumb Code   510  stm32l0xx_hal_tim.o(.text.HAL_TIM_IRQHandler)
    HAL_TIM_OC_DelayElapsedCallback          0x08003e97   Thumb Code     8  stm32l0xx_hal_tim.o(.text.HAL_TIM_OC_DelayElapsedCallback)
    HAL_TIM_PWM_PulseFinishedCallback        0x08003e9f   Thumb Code     8  stm32l0xx_hal_tim.o(.text.HAL_TIM_PWM_PulseFinishedCallback)
    HAL_TIM_PeriodElapsedCallback            0x08003ea9   Thumb Code    52  timer.o(.text.HAL_TIM_PeriodElapsedCallback)
    HAL_TIM_TriggerCallback                  0x08003edd   Thumb Code     8  stm32l0xx_hal_tim.o(.text.HAL_TIM_TriggerCallback)
    HAL_UARTEx_WakeupCallback                0x08003ee5   Thumb Code     8  stm32l0xx_hal_uart_ex.o(.text.HAL_UARTEx_WakeupCallback)
    HAL_UART_DMAStop                         0x08003eed   Thumb Code   144  stm32l0xx_hal_uart.o(.text.HAL_UART_DMAStop)
    HAL_UART_ErrorCallback                   0x08003f7d   Thumb Code     8  stm32l0xx_hal_uart.o(.text.HAL_UART_ErrorCallback)
    HAL_UART_IRQHandler                      0x08003f85   Thumb Code   608  stm32l0xx_hal_uart.o(.text.HAL_UART_IRQHandler)
    HAL_UART_Init                            0x080041e5   Thumb Code   180  stm32l0xx_hal_uart.o(.text.HAL_UART_Init)
    HAL_UART_MspInit                         0x08004299   Thumb Code     8  stm32l0xx_hal_uart.o(.text.HAL_UART_MspInit)
    HAL_UART_Receive_DMA                     0x080042a1   Thumb Code   300  stm32l0xx_hal_uart.o(.text.HAL_UART_Receive_DMA)
    HAL_UART_RxCpltCallback                  0x080043cd   Thumb Code     8  stm32l0xx_hal_uart.o(.text.HAL_UART_RxCpltCallback)
    HAL_UART_RxHalfCpltCallback              0x080043d5   Thumb Code     8  stm32l0xx_hal_uart.o(.text.HAL_UART_RxHalfCpltCallback)
    HAL_UART_Transmit                        0x080043dd   Thumb Code   376  stm32l0xx_hal_uart.o(.text.HAL_UART_Transmit)
    HAL_UART_TxCpltCallback                  0x08004555   Thumb Code     8  stm32l0xx_hal_uart.o(.text.HAL_UART_TxCpltCallback)
    HardFault_Handler                        0x0800455d   Thumb Code     4  stm32l0xx_it.o(.text.HardFault_Handler)
    LoRaUserConfig                           0x080045dd   Thumb Code   200  lora126x_fun.o(.text.LoRaUserConfig)
    LogFunDeliver                            0x080046a5   Thumb Code    32  log.o(.text.LogFunDeliver)
    McuSleep                                 0x080046c5   Thumb Code    46  testfun.o(.text.McuSleep)
    NMI_Handler                              0x080046f3   Thumb Code     2  stm32l0xx_it.o(.text.NMI_Handler)
    PendSV_Handler                           0x0800479d   Thumb Code     2  stm32l0xx_it.o(.text.PendSV_Handler)
    PrintDebugHex                            0x080047a1   Thumb Code   104  log.o(.text.PrintDebugHex)
    RfCadOnlyProcess                         0x080048bd   Thumb Code   536  testfun.o(.text.RfCadOnlyProcess)
    RfCmdProcess                             0x08004ad5   Thumb Code    28  testfun.o(.text.RfCmdProcess)
    RfConfigCmdProcess                       0x08004af1   Thumb Code  2600  testfun.o(.text.RfConfigCmdProcess)
    RfP2pRxProcess                           0x08005519   Thumb Code   320  testfun.o(.text.RfP2pRxProcess)
    RfP2pTxProcess                           0x08005659   Thumb Code   552  testfun.o(.text.RfP2pTxProcess)
    RfTest                                   0x08005881   Thumb Code  1452  testfun.o(.text.RfTest)
    RfTestCmdProcess                         0x08005e2d   Thumb Code   516  testfun.o(.text.RfTestCmdProcess)
    SVC_Handler                              0x0800619d   Thumb Code     2  stm32l0xx_it.o(.text.SVC_Handler)
    SX1262_TxInfinitePreamble                0x080061a1   Thumb Code    28  lora126x_driver.o(.text.SX1262_TxInfinitePreamble)
    SX126X_TxContinuousWave                  0x080061bd   Thumb Code    32  lora126x_driver.o(.text.SX126X_TxContinuousWave)
    SX126xCalibrate                          0x080062b1   Thumb Code    30  lora126x_driver.o(.text.SX126xCalibrate)
    SX126xCalibrateErr                       0x080062cf   Thumb Code    54  lora126x_driver.o(.text.SX126xCalibrateErr)
    SX126xCalibrateImage                     0x08006305   Thumb Code    28  lora126x_driver.o(.text.SX126xCalibrateImage)
    SX126xClearAllIrqFlag                    0x0800634d   Thumb Code    16  lora126x_it.o(.text.SX126xClearAllIrqFlag)
    SX126xClearDeviceErrors                  0x0800635d   Thumb Code    28  lora126x_driver.o(.text.SX126xClearDeviceErrors)
    SX126xClearIrqFlag                       0x08006379   Thumb Code    24  lora126x_it.o(.text.SX126xClearIrqFlag)
    SX126xClearIrqStatus                     0x08006391   Thumb Code    38  lora126x_driver.o(.text.SX126xClearIrqStatus)
    SX126xClearTimeoutEvent                  0x080063b9   Thumb Code    64  lora126x_driver.o(.text.SX126xClearTimeoutEvent)
    SX126xEnableRxBootedGain                 0x080063f9   Thumb Code    52  lora126x_driver.o(.text.SX126xEnableRxBootedGain)
    SX126xEnterRx                            0x0800642d   Thumb Code   116  lora126x_fun.o(.text.SX126xEnterRx)
    SX126xEnterSleep                         0x080064a1   Thumb Code    40  lora126x_fun.o(.text.SX126xEnterSleep)
    SX126xEnterStandby                       0x080064c9   Thumb Code    16  lora126x_fun.o(.text.SX126xEnterStandby)
    SX126xExitSleep                          0x080064d9   Thumb Code    20  lora126x_fun.o(.text.SX126xExitSleep)
    SX126xGetBw                              0x080064ed   Thumb Code    12  lora126x_fun.o(.text.SX126xGetBw)
    SX126xGetCadExitModes                    0x080064f9   Thumb Code    12  lora126x_fun.o(.text.SX126xGetCadExitModes)
    SX126xGetCadPeak                         0x08006505   Thumb Code   140  lora126x_fun.o(.text.SX126xGetCadPeak)
    SX126xGetCadSymbs                        0x08006591   Thumb Code   140  lora126x_fun.o(.text.SX126xGetCadSymbs)
    SX126xGetCr                              0x0800661d   Thumb Code     8  lora126x_fun.o(.text.SX126xGetCr)
    SX126xGetCrc                             0x08006625   Thumb Code     8  lora126x_fun.o(.text.SX126xGetCrc)
    SX126xGetDeviceErrors                    0x0800662d   Thumb Code   160  lora126x_driver.o(.text.SX126xGetDeviceErrors)
    SX126xGetFreq                            0x080066cd   Thumb Code     8  lora126x_fun.o(.text.SX126xGetFreq)
    SX126xGetHeaderType                      0x080066ed   Thumb Code     8  lora126x_fun.o(.text.SX126xGetHeaderType)
    SX126xGetInternalXoCap                   0x080066f5   Thumb Code    12  lora126x_fun.o(.text.SX126xGetInternalXoCap)
    SX126xGetIrqFlag                         0x08006701   Thumb Code    28  lora126x_it.o(.text.SX126xGetIrqFlag)
    SX126xGetIrqStatus                       0x0800671d   Thumb Code    30  lora126x_driver.o(.text.SX126xGetIrqStatus)
    SX126xGetIsBusyTimeout                   0x0800673d   Thumb Code    16  lora126x_driver.o(.text.SX126xGetIsBusyTimeout)
    SX126xGetPayload                         0x08006759   Thumb Code    56  lora126x_driver.o(.text.SX126xGetPayload)
    SX126xGetPktStatus                       0x08006791   Thumb Code    68  lora126x_driver.o(.text.SX126xGetPktStatus)
    SX126xGetPower                           0x080067d5   Thumb Code     8  lora126x_fun.o(.text.SX126xGetPower)
    SX126xGetPreambleLen                     0x080067dd   Thumb Code    12  lora126x_fun.o(.text.SX126xGetPreambleLen)
    SX126xGetRxBufferStatus                  0x080067e9   Thumb Code    36  lora126x_driver.o(.text.SX126xGetRxBufferStatus)
    SX126xGetRxPkt                           0x0800680d   Thumb Code   108  lora126x_fun.o(.text.SX126xGetRxPkt)
    SX126xGetSf                              0x08006879   Thumb Code    12  lora126x_fun.o(.text.SX126xGetSf)
    SX126xGpioInit                           0x08006885   Thumb Code   416  gpio.o(.text.SX126xGpioInit)
    SX126xHardwareDeliver                    0x08006a25   Thumb Code    60  lora126x_hal.o(.text.SX126xHardwareDeliver)
    SX126xHardwareInit                       0x08006a61   Thumb Code    24  lora126x_hal.o(.text.SX126xHardwareInit)
    SX126xIQConfig                           0x08006a79   Thumb Code    76  lora126x_driver.o(.text.SX126xIQConfig)
    SX126xIrqCallback                        0x08006ac5   Thumb Code   372  lora126x_it.o(.text.SX126xIrqCallback)
    SX126xLoRaInit                           0x08006c39   Thumb Code   312  lora126x_fun.o(.text.SX126xLoRaInit)
    SX126xLoRaModulationConfig               0x08006d71   Thumb Code   116  lora126x_fun.o(.text.SX126xLoRaModulationConfig)
    SX126xLoRaPacketConfig                   0x08006de5   Thumb Code   160  lora126x_fun.o(.text.SX126xLoRaPacketConfig)
    SX126xLoRaPreambleConfig                 0x08006e85   Thumb Code   112  lora126x_fun.o(.text.SX126xLoRaPreambleConfig)
    SX126xLowDataRateOptConfig               0x08006ef5   Thumb Code    76  lora126x_fun.o(.text.SX126xLowDataRateOptConfig)
    SX126xReadBusy                           0x08006f6d   Thumb Code    46  gpio.o(.text.SX126xReadBusy)
    SX126xReadFifo                           0x0800704d   Thumb Code   188  lora126x_driver.o(.text.SX126xReadFifo)
    SX126xReset                              0x0800719d   Thumb Code    44  lora126x_hal.o(.text.SX126xReset)
    SX126xSendCarrierWave                    0x08007229   Thumb Code    80  lora126x_fun.o(.text.SX126xSendCarrierWave)
    SX126xSendData                           0x08007279   Thumb Code    84  lora126x_fun.o(.text.SX126xSendData)
    SX126xSendLoRaInfinitePreamble           0x080072cd   Thumb Code    88  lora126x_fun.o(.text.SX126xSendLoRaInfinitePreamble)
    SX126xSendPayload                        0x08007325   Thumb Code    76  lora126x_driver.o(.text.SX126xSendPayload)
    SX126xSetBufferBaseAddress               0x08007371   Thumb Code    44  lora126x_driver.o(.text.SX126xSetBufferBaseAddress)
    SX126xSetCad                             0x0800739d   Thumb Code    32  lora126x_driver.o(.text.SX126xSetCad)
    SX126xSetCadParams                       0x080073bd   Thumb Code   104  lora126x_driver.o(.text.SX126xSetCadParams)
    SX126xSetDio3AsTcxoCtrl                  0x08007425   Thumb Code    72  lora126x_driver.o(.text.SX126xSetDio3AsTcxoCtrl)
    SX126xSetDioIrqParams                    0x0800746d   Thumb Code   110  lora126x_driver.o(.text.SX126xSetDioIrqParams)
    SX126xSetFallBackMode                    0x080074db   Thumb Code    34  lora126x_driver.o(.text.SX126xSetFallBackMode)
    SX126xSetFifoBaseAddr                    0x080074fd   Thumb Code    24  lora126x_driver.o(.text.SX126xSetFifoBaseAddr)
    SX126xSetFreq                            0x08007515   Thumb Code    80  lora126x_fun.o(.text.SX126xSetFreq)
    SX126xSetInternalXoCap                   0x08007565   Thumb Code    24  lora126x_fun.o(.text.SX126xSetInternalXoCap)
    SX126xSetLoRaSymbNumTimeout              0x08007599   Thumb Code    34  lora126x_driver.o(.text.SX126xSetLoRaSymbNumTimeout)
    SX126xSetLoraModulationParams            0x080075bd   Thumb Code   156  lora126x_driver.o(.text.SX126xSetLoraModulationParams)
    SX126xSetLoraPacketParams                0x08007659   Thumb Code    94  lora126x_driver.o(.text.SX126xSetLoraPacketParams)
    SX126xSetNetworkType                     0x080076b9   Thumb Code    52  lora126x_driver.o(.text.SX126xSetNetworkType)
    SX126xSetNss                             0x080076ed   Thumb Code    40  gpio.o(.text.SX126xSetNss)
    SX126xSetPacketType                      0x08007769   Thumb Code    52  lora126x_driver.o(.text.SX126xSetPacketType)
    SX126xSetPower                           0x0800779d   Thumb Code    84  lora126x_fun.o(.text.SX126xSetPower)
    SX126xSetRegulatorMode                   0x080077f1   Thumb Code    34  lora126x_driver.o(.text.SX126xSetRegulatorMode)
    SX126xSetReset                           0x08007815   Thumb Code    44  gpio.o(.text.SX126xSetReset)
    SX126xSetRfFrequency                     0x08007841   Thumb Code   132  lora126x_driver.o(.text.SX126xSetRfFrequency)
    SX126xSetRfSw                            0x080078c5   Thumb Code   348  gpio.o(.text.SX126xSetRfSw)
    SX126xSetRfTxPower                       0x08007a21   Thumb Code    28  lora126x_driver.o(.text.SX126xSetRfTxPower)
    SX126xSetRx                              0x08007a3d   Thumb Code    60  lora126x_driver.o(.text.SX126xSetRx)
    SX126xSetRxSelect                        0x08007a79   Thumb Code    88  lora126x_driver.o(.text.SX126xSetRxSelect)
    SX126xSetStandby                         0x08007ad1   Thumb Code    80  lora126x_driver.o(.text.SX126xSetStandby)
    SX126xSetStopRxTimerOnPreambleDetect     0x08007b21   Thumb Code    34  lora126x_driver.o(.text.SX126xSetStopRxTimerOnPreambleDetect)
    SX126xSetSymbNumTimeout                  0x08007b43   Thumb Code    22  lora126x_fun.o(.text.SX126xSetSymbNumTimeout)
    SX126xSetXtalCap                         0x08007c39   Thumb Code    52  lora126x_driver.o(.text.SX126xSetXtalCap)
    SX126xSleep                              0x08007c6d   Thumb Code    68  lora126x_driver.o(.text.SX126xSleep)
    SX126xSpi1GpioInit                       0x08007cb1   Thumb Code   132  gpio.o(.text.SX126xSpi1GpioInit)
    SX126xSpi1Init                           0x08007d35   Thumb Code    92  spi.o(.text.SX126xSpi1Init)
    SX126xSpi1ReadWriteByte                  0x08007d91   Thumb Code    52  spi.o(.text.SX126xSpi1ReadWriteByte)
    SX126xSpiTest                            0x08007dc5   Thumb Code    52  lora126x_driver.o(.text.SX126xSpiTest)
    SX126xStartCadOnly                       0x08007df9   Thumb Code    44  lora126x_fun.o(.text.SX126xStartCadOnly)
    SX126xTxClampConfig                      0x08007e25   Thumb Code    40  lora126x_driver.o(.text.SX126xTxClampConfig)
    SX126xWaitBusy                           0x08007eb9   Thumb Code    64  lora126x_hal.o(.text.SX126xWaitBusy)
    SX126xWakeup                             0x08007ef9   Thumb Code   100  lora126x_driver.o(.text.SX126xWakeup)
    SX126xWriteFifo                          0x08008005   Thumb Code   172  lora126x_driver.o(.text.SX126xWriteFifo)
    SetCmdFlag                               0x08008141   Thumb Code    32  testfun.o(.text.SetCmdFlag)
    SysTick_Handler                          0x080081b5   Thumb Code    12  stm32l0xx_it.o(.text.SysTick_Handler)
    SystemInit                               0x08008241   Thumb Code   100  system_stm32l0xx.o(.text.SystemInit)
    TIM6_IRQHandler                          0x080082a5   Thumb Code    12  stm32l0xx_it.o(.text.TIM6_IRQHandler)
    Tim6MsInit                               0x08008499   Thumb Code   128  timer.o(.text.Tim6MsInit)
    Tim6Start                                0x08008519   Thumb Code    12  timer.o(.text.Tim6Start)
    Tim6Stop                                 0x08008525   Thumb Code    16  timer.o(.text.Tim6Stop)
    UART_AdvFeatureConfig                    0x08008535   Thumb Code   346  stm32l0xx_hal_uart.o(.text.UART_AdvFeatureConfig)
    UART_CheckIdleState                      0x08008691   Thumb Code   164  stm32l0xx_hal_uart.o(.text.UART_CheckIdleState)
    UART_SetConfig                           0x08008979   Thumb Code  1316  stm32l0xx_hal_uart.o(.text.UART_SetConfig)
    UART_WaitOnFlagUntilTimeout              0x08008f49   Thumb Code   160  stm32l0xx_hal_uart.o(.text.UART_WaitOnFlagUntilTimeout)
    USART1_IRQHandler                        0x08008fe9   Thumb Code    28  stm32l0xx_it.o(.text.USART1_IRQHandler)
    USART2_IRQHandler                        0x08009005   Thumb Code    24  stm32l0xx_it.o(.text.USART2_IRQHandler)
    UartReceiveIdle                          0x0800901d   Thumb Code   240  uart.o(.text.UartReceiveIdle)
    Usart2Init                               0x0800910d   Thumb Code   152  uart.o(.text.Usart2Init)
    Usart2SendByte                           0x080091a5   Thumb Code    56  uart.o(.text.Usart2SendByte)
    UserUartProcess                          0x080091dd   Thumb Code   100  testfun.o(.text.UserUartProcess)
    checkBw                                  0x08009241   Thumb Code   118  testfun.o(.text.checkBw)
    fputc                                    0x080092b9   Thumb Code    36  log.o(.text.fputc)
    main                                     0x080092dd   Thumb Code   288  main.o(.text.main)
    __0printf                                0x080093fd   Thumb Code    24  printfa.o(i.__0printf)
    __1printf                                0x080093fd   Thumb Code     0  printfa.o(i.__0printf)
    __2printf                                0x080093fd   Thumb Code     0  printfa.o(i.__0printf)
    __c89printf                              0x080093fd   Thumb Code     0  printfa.o(i.__0printf)
    printf                                   0x080093fd   Thumb Code     0  printfa.o(i.__0printf)
    __ARM_clz                                0x0800941d   Thumb Code    46  depilogue.o(i.__ARM_clz)
    __aeabi_errno_addr                       0x0800944d   Thumb Code     4  errno.o(i.__aeabi_errno_addr)
    __rt_errno_addr                          0x0800944d   Thumb Code     0  errno.o(i.__aeabi_errno_addr)
    __scatterload_copy                       0x08009455   Thumb Code    14  handlers.o(i.__scatterload_copy)
    __scatterload_null                       0x08009463   Thumb Code     2  handlers.o(i.__scatterload_null)
    __scatterload_zeroinit                   0x08009465   Thumb Code    14  handlers.o(i.__scatterload_zeroinit)
    __ctype_table                            0x08009d20   Data         129  ctype_o.o(.constdata)
    AHBPrescTable                            0x08009dd4   Data          16  system_stm32l0xx.o(.rodata.AHBPrescTable)
    APBPrescTable                            0x08009de4   Data           8  system_stm32l0xx.o(.rodata.APBPrescTable)
    PLLMulTable                              0x08009dec   Data           9  system_stm32l0xx.o(.rodata.PLLMulTable)
    s_p2pTxData                              0x08009df5   Data         256  testfun.o(.rodata.s_p2pTxData)
    Region$$Table$$Base                      0x0800a7b4   Number         0  anon$$obj.o(Region$$Table)
    Region$$Table$$Limit                     0x0800a7d4   Number         0  anon$$obj.o(Region$$Table)
    __stdout                                 0x20000000   Data           4  stdout.o(.data)
    SystemCoreClock                          0x20000008   Data           4  system_stm32l0xx.o(.data.SystemCoreClock)
    g_enableLog                              0x2000000c   Data           1  log.o(.data.g_enableLog)
    g_DmaUart1RxHandle                       0x20000048   Data          64  dma.o(.bss.g_DmaUart1RxHandle)
    g_DmaUart1TxHandle                       0x20000088   Data          64  dma.o(.bss.g_DmaUart1TxHandle)
    g_DmaUart2RxHandle                       0x200000c8   Data          64  dma.o(.bss.g_DmaUart2RxHandle)
    g_DmaUart2TxHandle                       0x20000108   Data          64  dma.o(.bss.g_DmaUart2TxHandle)
    g_LoRaRxPkt                              0x20000148   Data         259  lora126x_fun.o(.bss.g_LoRaRxPkt)
    g_TestTimeCount                          0x2000024c   Data           4  testfun.o(.bss.g_TestTimeCount)
    g_logSysTime                             0x20000250   Data           4  log.o(.bss.g_logSysTime)
    g_rfState                                0x20000254   Data           1  lora126x_fun.o(.bss.g_rfState)
    g_spi1Handle                             0x20000258   Data          88  spi.o(.bss.g_spi1Handle)
    g_sx126xHardware                         0x200002b0   Data          32  lora126x_hal.o(.bss.g_sx126xHardware)
    g_tempbuf                                0x200002d0   Data         259  testfun.o(.bss.g_tempbuf)
    g_testFun                                0x200003d4   Data           4  testfun.o(.bss.g_testFun)
    g_tim2Handle                             0x200003d8   Data          56  timer.o(.bss.g_tim2Handle)
    g_tim6Handle                             0x20000410   Data          56  timer.o(.bss.g_tim6Handle)
    g_uart1Handle                            0x20000448   Data         112  uart.o(.bss.g_uart1Handle)
    g_uart1State                             0x200004b8   Data        1028  uart.o(.bss.g_uart1State)
    g_uart2Handle                            0x200008bc   Data         112  uart.o(.bss.g_uart2Handle)
    g_uart2State                             0x2000092c   Data        1028  uart.o(.bss.g_uart2State)
    uwTick                                   0x20001954   Data           4  stm32l0xx_hal.o(.bss.uwTick)
    __initial_sp                             0x20001d58   Data           0  startup_stm32l051xx.o(STACK)



==============================================================================

Memory Map of the image

  Image Entry point : 0x080000c1

  Load Region LR_IROM1 (Base: 0x08000000, Size: 0x0000a818, Max: 0x00015000, ABSOLUTE)

    Execution Region ER_IROM1 (Exec base: 0x08000000, Load base: 0x08000000, Size: 0x0000a7d4, Max: 0x00015000, ABSOLUTE)

    Exec Addr    Load Addr    Size         Type   Attr      Idx    E Section Name        Object

    0x08000000   0x08000000   0x000000c0   Data   RO            3    RESET               startup_stm32l051xx.o
    0x080000c0   0x080000c0   0x00000000   Code   RO         1573  * .ARM.Collect$$$$00000000  mc_p.l(entry.o)
    0x080000c0   0x080000c0   0x00000004   Code   RO         1630    .ARM.Collect$$$$00000001  mc_p.l(entry2.o)
    0x080000c4   0x080000c4   0x00000004   Code   RO         1633    .ARM.Collect$$$$00000004  mc_p.l(entry5.o)
    0x080000c8   0x080000c8   0x00000000   Code   RO         1635    .ARM.Collect$$$$00000008  mc_p.l(entry7b.o)
    0x080000c8   0x080000c8   0x00000000   Code   RO         1637    .ARM.Collect$$$$0000000A  mc_p.l(entry8b.o)
    0x080000c8   0x080000c8   0x00000008   Code   RO         1638    .ARM.Collect$$$$0000000B  mc_p.l(entry9a.o)
    0x080000d0   0x080000d0   0x00000000   Code   RO         1640    .ARM.Collect$$$$0000000D  mc_p.l(entry10a.o)
    0x080000d0   0x080000d0   0x00000000   Code   RO         1642    .ARM.Collect$$$$0000000F  mc_p.l(entry11a.o)
    0x080000d0   0x080000d0   0x00000004   Code   RO         1631    .ARM.Collect$$$$00002712  mc_p.l(entry2.o)
    0x080000d4   0x080000d4   0x0000001c   Code   RO            4    .text               startup_stm32l051xx.o
    0x080000f0   0x080000f0   0x0000002c   Code   RO         1576    .text               mc_p.l(uidiv.o)
    0x0800011c   0x0800011c   0x00000060   Code   RO         1578    .text               mc_p.l(uldiv.o)
    0x0800017c   0x0800017c   0x00000024   Code   RO         1580    .text               mc_p.l(memcpya.o)
    0x080001a0   0x080001a0   0x00000028   Code   RO         1582    .text               mc_p.l(strstr.o)
    0x080001c8   0x080001c8   0x0000000e   Code   RO         1584    .text               mc_p.l(strlen.o)
    0x080001d6   0x080001d6   0x0000001a   Code   RO         1586    .text               mc_p.l(memcmp.o)
    0x080001f0   0x080001f0   0x00000070   Code   RO         1618    .text               mc_p.l(strtol.o)
    0x08000260   0x08000260   0x0000001a   Code   RO         1620    .text               mc_p.l(atoi.o)
    0x0800027a   0x0800027a   0x00000002   PAD
    0x0800027c   0x0800027c   0x000000f0   Code   RO         1622    .text               mf_p.l(ddiv.o)
    0x0800036c   0x0800036c   0x0000001c   Code   RO         1624    .text               mf_p.l(dfltui.o)
    0x08000388   0x08000388   0x0000003c   Code   RO         1626    .text               mf_p.l(dfixui.o)
    0x080003c4   0x080003c4   0x00000028   Code   RO         1628    .text               mf_p.l(f2d.o)
    0x080003ec   0x080003ec   0x00000020   Code   RO         1645    .text               mc_p.l(llshl.o)
    0x0800040c   0x0800040c   0x00000022   Code   RO         1647    .text               mc_p.l(llushr.o)
    0x0800042e   0x0800042e   0x00000002   PAD
    0x08000430   0x08000430   0x00000008   Code   RO         1649    .text               mc_p.l(ctype_o.o)
    0x08000438   0x08000438   0x000000a6   Code   RO         1684    .text               mc_p.l(_strtoul.o)
    0x080004de   0x080004de   0x00000000   Code   RO         1686    .text               mc_p.l(iusefp.o)
    0x080004de   0x080004de   0x000000be   Code   RO         1687    .text               mf_p.l(depilogue.o)
    0x0800059c   0x0800059c   0x00000164   Code   RO         1691    .text               mf_p.l(dadd.o)
    0x08000700   0x08000700   0x000000d0   Code   RO         1693    .text               mf_p.l(dmul.o)
    0x080007d0   0x080007d0   0x00000040   Code   RO         1695    .text               mf_p.l(dfixul.o)
    0x08000810   0x08000810   0x00000028   Code   RO         1697    .text               mf_p.l(cdrcmple.o)
    0x08000838   0x08000838   0x00000024   Code   RO         1699    .text               mc_p.l(init.o)
    0x0800085c   0x0800085c   0x00000026   Code   RO         1701    .text               mc_p.l(llsshr.o)
    0x08000882   0x08000882   0x0000001e   Code   RO         1703    .text               mc_p.l(_chval.o)
    0x080008a0   0x080008a0   0x00000034   Code   RO         1561    .text.CheckNewlineSign  uartstring.o
    0x080008d4   0x080008d4   0x000000ba   Code   RO         1528    .text.CmdChangeBW   testfun.o
    0x0800098e   0x0800098e   0x00000002   PAD
    0x08000990   0x08000990   0x00000084   Code   RO         1557    .text.CopyUartData  uartstring.o
    0x08000a14   0x08000a14   0x00000018   Code   RO          172    .text.DMA1_Channel2_3_IRQHandler  stm32l0xx_it.o
    0x08000a2c   0x08000a2c   0x00000018   Code   RO          174    .text.DMA1_Channel4_5_6_7_IRQHandler  stm32l0xx_it.o
    0x08000a44   0x08000a44   0x00000044   Code   RO          266    .text.DMA_SetConfig  stm32l0xx_hal_dma.o
    0x08000a88   0x08000a88   0x0000017c   Code   RO         1563    .text.DecodeChar    uartstring.o
    0x08000c04   0x08000c04   0x000003c8   Code   RO         1559    .text.DecodeCommand  uartstring.o
    0x08000fcc   0x08000fcc   0x00000048   Code   RO          117    .text.DmaInit       dma.o
    0x08001014   0x08001014   0x00000134   Code   RO          119    .text.DmaUartInit   dma.o
    0x08001148   0x08001148   0x0000000c   Code   RO          164    .text.EXTI4_15_IRQHandler  stm32l0xx_it.o
    0x08001154   0x08001154   0x00000004   Code   RO          187    .text.Error_Handler  main.o
    0x08001158   0x08001158   0x00000046   Code   RO         1466    .text.FunPow        lora126x_fun.o
    0x0800119e   0x0800119e   0x00000002   PAD
    0x080011a0   0x080011a0   0x00000098   Code   RO         1530    .text.GetBw         testfun.o
    0x08001238   0x08001238   0x00000038   Code   RO         1506    .text.GetCmdFlag    testfun.o
    0x08001270   0x08001270   0x00000010   Code   RO         1340    .text.GetSX126xSpiState  lora126x_driver.o
    0x08001280   0x08001280   0x00000058   Code   RO           92    .text.GpioInit      gpio.o
    0x080012d8   0x080012d8   0x000000e0   Code   RO           94    .text.GpioSleep     gpio.o
    0x080013b8   0x080013b8   0x0000008c   Code   RO          270    .text.HAL_DMA_Abort  stm32l0xx_hal_dma.o
    0x08001444   0x08001444   0x00000128   Code   RO          272    .text.HAL_DMA_Abort_IT  stm32l0xx_hal_dma.o
    0x0800156c   0x0800156c   0x000004fc   Code   RO          276    .text.HAL_DMA_IRQHandler  stm32l0xx_hal_dma.o
    0x08001a68   0x08001a68   0x000001bc   Code   RO          260    .text.HAL_DMA_Init  stm32l0xx_hal_dma.o
    0x08001c24   0x08001c24   0x00000096   Code   RO          268    .text.HAL_DMA_Start_IT  stm32l0xx_hal_dma.o
    0x08001cba   0x08001cba   0x00000028   Code   RO          212    .text.HAL_Delay     stm32l0xx_hal.o
    0x08001ce2   0x08001ce2   0x00000020   Code   RO          108    .text.HAL_GPIO_EXTI_Callback  gpio.o
    0x08001d02   0x08001d02   0x00000002   PAD
    0x08001d04   0x08001d04   0x00000034   Code   RO          400    .text.HAL_GPIO_EXTI_IRQHandler  stm32l0xx_hal_gpio.o
    0x08001d38   0x08001d38   0x000002f8   Code   RO          388    .text.HAL_GPIO_Init  stm32l0xx_hal_gpio.o
    0x08002030   0x08002030   0x0000002e   Code   RO          392    .text.HAL_GPIO_ReadPin  stm32l0xx_hal_gpio.o
    0x0800205e   0x0800205e   0x00000032   Code   RO          394    .text.HAL_GPIO_WritePin  stm32l0xx_hal_gpio.o
    0x08002090   0x08002090   0x00000008   Code   RO          210    .text.HAL_GetTick   stm32l0xx_hal.o
    0x08002098   0x08002098   0x00000010   Code   RO          208    .text.HAL_IncTick   stm32l0xx_hal.o
    0x080020a8   0x080020a8   0x00000028   Code   RO          198    .text.HAL_Init      stm32l0xx_hal.o
    0x080020d0   0x080020d0   0x00000030   Code   RO          200    .text.HAL_InitTick  stm32l0xx_hal.o
    0x08002100   0x08002100   0x0000004c   Code   RO          144    .text.HAL_MspInit   stm32l0xx_hal_msp.o
    0x0800214c   0x0800214c   0x00000018   Code   RO         1170    .text.HAL_NVIC_EnableIRQ  stm32l0xx_hal_cortex.o
    0x08002164   0x08002164   0x0000001e   Code   RO         1166    .text.HAL_NVIC_SetPriority  stm32l0xx_hal_cortex.o
    0x08002182   0x08002182   0x00000002   PAD
    0x08002184   0x08002184   0x00000010   Code   RO          630    .text.HAL_PWREx_EnableUltraLowPower  stm32l0xx_hal_pwr_ex.o
    0x08002194   0x08002194   0x00000060   Code   RO          601    .text.HAL_PWR_EnterSTOPMode  stm32l0xx_hal_pwr.o
    0x080021f4   0x080021f4   0x00000324   Code   RO          684    .text.HAL_RCCEx_GetPeriphCLKFreq  stm32l0xx_hal_rcc_ex.o
    0x08002518   0x08002518   0x00000280   Code   RO          680    .text.HAL_RCCEx_PeriphCLKConfig  stm32l0xx_hal_rcc_ex.o
    0x08002798   0x08002798   0x00000298   Code   RO          651    .text.HAL_RCC_ClockConfig  stm32l0xx_hal_rcc.o
    0x08002a30   0x08002a30   0x0000000c   Code   RO          659    .text.HAL_RCC_GetHCLKFreq  stm32l0xx_hal_rcc.o
    0x08002a3c   0x08002a3c   0x00000140   Code   RO          665    .text.HAL_RCC_GetOscConfig  stm32l0xx_hal_rcc.o
    0x08002b7c   0x08002b7c   0x0000001c   Code   RO          661    .text.HAL_RCC_GetPCLK1Freq  stm32l0xx_hal_rcc.o
    0x08002b98   0x08002b98   0x00000024   Code   RO          663    .text.HAL_RCC_GetPCLK2Freq  stm32l0xx_hal_rcc.o
    0x08002bbc   0x08002bbc   0x0000011c   Code   RO          653    .text.HAL_RCC_GetSysClockFreq  stm32l0xx_hal_rcc.o
    0x08002cd8   0x08002cd8   0x0000074c   Code   RO          647    .text.HAL_RCC_OscConfig  stm32l0xx_hal_rcc.o
    0x08003424   0x08003424   0x000000b0   Code   RO          703    .text.HAL_SPI_Init  stm32l0xx_hal_spi.o
    0x080034d4   0x080034d4   0x00000008   Code   RO          705    .text.HAL_SPI_MspInit  stm32l0xx_hal_spi.o
    0x080034dc   0x080034dc   0x000004f0   Code   RO          717    .text.HAL_SPI_TransmitReceive  stm32l0xx_hal_spi.o
    0x080039cc   0x080039cc   0x00000002   Code   RO         1206    .text.HAL_SYSTICK_Callback  stm32l0xx_hal_cortex.o
    0x080039ce   0x080039ce   0x00000010   Code   RO         1182    .text.HAL_SYSTICK_Config  stm32l0xx_hal_cortex.o
    0x080039de   0x080039de   0x00000008   Code   RO         1204    .text.HAL_SYSTICK_IRQHandler  stm32l0xx_hal_cortex.o
    0x080039e6   0x080039e6   0x00000064   Code   RO          788    .text.HAL_TIM_Base_Init  stm32l0xx_hal_tim.o
    0x08003a4a   0x08003a4a   0x00000008   Code   RO          790    .text.HAL_TIM_Base_MspInit  stm32l0xx_hal_tim.o
    0x08003a52   0x08003a52   0x00000028   Code   RO          802    .text.HAL_TIM_Base_Start_IT  stm32l0xx_hal_tim.o
    0x08003a7a   0x08003a7a   0x00000002   PAD
    0x08003a7c   0x08003a7c   0x0000003c   Code   RO          804    .text.HAL_TIM_Base_Stop_IT  stm32l0xx_hal_tim.o
    0x08003ab8   0x08003ab8   0x000001d8   Code   RO          968    .text.HAL_TIM_ConfigClockSource  stm32l0xx_hal_tim.o
    0x08003c90   0x08003c90   0x00000008   Code   RO          918    .text.HAL_TIM_IC_CaptureCallback  stm32l0xx_hal_tim.o
    0x08003c98   0x08003c98   0x000001fe   Code   RO          916    .text.HAL_TIM_IRQHandler  stm32l0xx_hal_tim.o
    0x08003e96   0x08003e96   0x00000008   Code   RO          920    .text.HAL_TIM_OC_DelayElapsedCallback  stm32l0xx_hal_tim.o
    0x08003e9e   0x08003e9e   0x00000008   Code   RO          922    .text.HAL_TIM_PWM_PulseFinishedCallback  stm32l0xx_hal_tim.o
    0x08003ea6   0x08003ea6   0x00000002   PAD
    0x08003ea8   0x08003ea8   0x00000034   Code   RO           48    .text.HAL_TIM_PeriodElapsedCallback  timer.o
    0x08003edc   0x08003edc   0x00000008   Code   RO          926    .text.HAL_TIM_TriggerCallback  stm32l0xx_hal_tim.o
    0x08003ee4   0x08003ee4   0x00000008   Code   RO         1157    .text.HAL_UARTEx_WakeupCallback  stm32l0xx_hal_uart_ex.o
    0x08003eec   0x08003eec   0x00000090   Code   RO         1066    .text.HAL_UART_DMAStop  stm32l0xx_hal_uart.o
    0x08003f7c   0x08003f7c   0x00000008   Code   RO         1104    .text.HAL_UART_ErrorCallback  stm32l0xx_hal_uart.o
    0x08003f84   0x08003f84   0x00000260   Code   RO         1098    .text.HAL_UART_IRQHandler  stm32l0xx_hal_uart.o
    0x080041e4   0x080041e4   0x000000b4   Code   RO         1018    .text.HAL_UART_Init  stm32l0xx_hal_uart.o
    0x08004298   0x08004298   0x00000008   Code   RO         1020    .text.HAL_UART_MspInit  stm32l0xx_hal_uart.o
    0x080042a0   0x080042a0   0x0000012c   Code   RO         1056    .text.HAL_UART_Receive_DMA  stm32l0xx_hal_uart.o
    0x080043cc   0x080043cc   0x00000008   Code   RO         1114    .text.HAL_UART_RxCpltCallback  stm32l0xx_hal_uart.o
    0x080043d4   0x080043d4   0x00000008   Code   RO         1116    .text.HAL_UART_RxHalfCpltCallback  stm32l0xx_hal_uart.o
    0x080043dc   0x080043dc   0x00000178   Code   RO         1038    .text.HAL_UART_Transmit  stm32l0xx_hal_uart.o
    0x08004554   0x08004554   0x00000008   Code   RO         1110    .text.HAL_UART_TxCpltCallback  stm32l0xx_hal_uart.o
    0x0800455c   0x0800455c   0x00000004   Code   RO          154    .text.HardFault_Handler  stm32l0xx_it.o
    0x08004560   0x08004560   0x0000007c   Code   RO         1420    .text.IfEnableLowDataRateOptimize  lora126x_fun.o
    0x080045dc   0x080045dc   0x000000c8   Code   RO         1376    .text.LoRaUserConfig  lora126x_fun.o
    0x080046a4   0x080046a4   0x00000020   Code   RO           75    .text.LogFunDeliver  log.o
    0x080046c4   0x080046c4   0x0000002e   Code   RO         1510    .text.McuSleep      testfun.o
    0x080046f2   0x080046f2   0x00000002   Code   RO          152    .text.NMI_Handler   stm32l0xx_it.o
    0x080046f4   0x080046f4   0x00000020   Code   RO         1172    .text.NVIC_EnableIRQ  stm32l0xx_hal_cortex.o
    0x08004714   0x08004714   0x00000088   Code   RO         1168    .text.NVIC_SetPriority  stm32l0xx_hal_cortex.o
    0x0800479c   0x0800479c   0x00000002   Code   RO          158    .text.PendSV_Handler  stm32l0xx_it.o
    0x0800479e   0x0800479e   0x00000002   PAD
    0x080047a0   0x080047a0   0x00000068   Code   RO           77    .text.PrintDebugHex  log.o
    0x08004808   0x08004808   0x000000b4   Code   RO          649    .text.RCC_SetFlashLatencyFromMSIRange  stm32l0xx_hal_rcc.o
    0x080048bc   0x080048bc   0x00000218   Code   RO         1516    .text.RfCadOnlyProcess  testfun.o
    0x08004ad4   0x08004ad4   0x0000001c   Code   RO         1520    .text.RfCmdProcess  testfun.o
    0x08004af0   0x08004af0   0x00000a28   Code   RO         1524    .text.RfConfigCmdProcess  testfun.o
    0x08005518   0x08005518   0x00000140   Code   RO         1514    .text.RfP2pRxProcess  testfun.o
    0x08005658   0x08005658   0x00000228   Code   RO         1512    .text.RfP2pTxProcess  testfun.o
    0x08005880   0x08005880   0x000005ac   Code   RO         1508    .text.RfTest        testfun.o
    0x08005e2c   0x08005e2c   0x00000204   Code   RO         1522    .text.RfTestCmdProcess  testfun.o
    0x08006030   0x08006030   0x0000016c   Code   RO          713    .text.SPI_WaitOnFlagUntilTimeout  stm32l0xx_hal_spi.o
    0x0800619c   0x0800619c   0x00000002   Code   RO          156    .text.SVC_Handler   stm32l0xx_it.o
    0x0800619e   0x0800619e   0x00000002   PAD
    0x080061a0   0x080061a0   0x0000001c   Code   RO         1316    .text.SX1262_TxInfinitePreamble  lora126x_driver.o
    0x080061bc   0x080061bc   0x00000020   Code   RO         1314    .text.SX126X_TxContinuousWave  lora126x_driver.o
    0x080061dc   0x080061dc   0x00000074   Code   RO         1412    .text.SX126xCadParamsConfig  lora126x_fun.o
    0x08006250   0x08006250   0x00000060   Code   RO         1408    .text.SX126xCadPrepare  lora126x_fun.o
    0x080062b0   0x080062b0   0x0000001e   Code   RO         1258    .text.SX126xCalibrate  lora126x_driver.o
    0x080062ce   0x080062ce   0x00000036   Code   RO         1304    .text.SX126xCalibrateErr  lora126x_driver.o
    0x08006304   0x08006304   0x0000001c   Code   RO         1260    .text.SX126xCalibrateImage  lora126x_driver.o
    0x08006320   0x08006320   0x0000002c   Code   RO         1236    .text.SX126xCheckDeviceReady  lora126x_driver.o
    0x0800634c   0x0800634c   0x00000010   Code   RO         1488    .text.SX126xClearAllIrqFlag  lora126x_it.o
    0x0800635c   0x0800635c   0x0000001c   Code   RO         1292    .text.SX126xClearDeviceErrors  lora126x_driver.o
    0x08006378   0x08006378   0x00000018   Code   RO         1486    .text.SX126xClearIrqFlag  lora126x_it.o
    0x08006390   0x08006390   0x00000026   Code   RO         1286    .text.SX126xClearIrqStatus  lora126x_driver.o
    0x080063b6   0x080063b6   0x00000002   PAD
    0x080063b8   0x080063b8   0x00000040   Code   RO         1294    .text.SX126xClearTimeoutEvent  lora126x_driver.o
    0x080063f8   0x080063f8   0x00000034   Code   RO         1330    .text.SX126xEnableRxBootedGain  lora126x_driver.o
    0x0800642c   0x0800642c   0x00000074   Code   RO         1400    .text.SX126xEnterRx  lora126x_fun.o
    0x080064a0   0x080064a0   0x00000028   Code   RO         1380    .text.SX126xEnterSleep  lora126x_fun.o
    0x080064c8   0x080064c8   0x00000010   Code   RO         1388    .text.SX126xEnterStandby  lora126x_fun.o
    0x080064d8   0x080064d8   0x00000014   Code   RO         1414    .text.SX126xExitSleep  lora126x_fun.o
    0x080064ec   0x080064ec   0x0000000c   Code   RO         1448    .text.SX126xGetBw   lora126x_fun.o
    0x080064f8   0x080064f8   0x0000000c   Code   RO         1434    .text.SX126xGetCadExitModes  lora126x_fun.o
    0x08006504   0x08006504   0x0000008c   Code   RO         1428    .text.SX126xGetCadPeak  lora126x_fun.o
    0x08006590   0x08006590   0x0000008c   Code   RO         1432    .text.SX126xGetCadSymbs  lora126x_fun.o
    0x0800661c   0x0800661c   0x00000008   Code   RO         1452    .text.SX126xGetCr   lora126x_fun.o
    0x08006624   0x08006624   0x00000008   Code   RO         1458    .text.SX126xGetCrc  lora126x_fun.o
    0x0800662c   0x0800662c   0x000000a0   Code   RO         1290    .text.SX126xGetDeviceErrors  lora126x_driver.o
    0x080066cc   0x080066cc   0x00000008   Code   RO         1446    .text.SX126xGetFreq  lora126x_fun.o
    0x080066d4   0x080066d4   0x00000016   Code   RO         1262    .text.SX126xGetFreqCalibration  lora126x_driver.o
    0x080066ea   0x080066ea   0x00000002   PAD
    0x080066ec   0x080066ec   0x00000008   Code   RO         1436    .text.SX126xGetHeaderType  lora126x_fun.o
    0x080066f4   0x080066f4   0x0000000c   Code   RO         1390    .text.SX126xGetInternalXoCap  lora126x_fun.o
    0x08006700   0x08006700   0x0000001c   Code   RO         1484    .text.SX126xGetIrqFlag  lora126x_it.o
    0x0800671c   0x0800671c   0x0000001e   Code   RO         1288    .text.SX126xGetIrqStatus  lora126x_driver.o
    0x0800673a   0x0800673a   0x00000002   PAD
    0x0800673c   0x0800673c   0x00000010   Code   RO         1344    .text.SX126xGetIsBusyTimeout  lora126x_driver.o
    0x0800674c   0x0800674c   0x0000000c   Code   RO         1346    .text.SX126xGetOperatingMode  lora126x_driver.o
    0x08006758   0x08006758   0x00000038   Code   RO         1318    .text.SX126xGetPayload  lora126x_driver.o
    0x08006790   0x08006790   0x00000044   Code   RO         1320    .text.SX126xGetPktStatus  lora126x_driver.o
    0x080067d4   0x080067d4   0x00000008   Code   RO         1454    .text.SX126xGetPower  lora126x_fun.o
    0x080067dc   0x080067dc   0x0000000c   Code   RO         1462    .text.SX126xGetPreambleLen  lora126x_fun.o
    0x080067e8   0x080067e8   0x00000024   Code   RO         1302    .text.SX126xGetRxBufferStatus  lora126x_driver.o
    0x0800680c   0x0800680c   0x0000006c   Code   RO         1404    .text.SX126xGetRxPkt  lora126x_fun.o
    0x08006878   0x08006878   0x0000000c   Code   RO         1450    .text.SX126xGetSf   lora126x_fun.o
    0x08006884   0x08006884   0x000001a0   Code   RO           96    .text.SX126xGpioInit  gpio.o
    0x08006a24   0x08006a24   0x0000003c   Code   RO         1360    .text.SX126xHardwareDeliver  lora126x_hal.o
    0x08006a60   0x08006a60   0x00000018   Code   RO         1362    .text.SX126xHardwareInit  lora126x_hal.o
    0x08006a78   0x08006a78   0x0000004c   Code   RO         1332    .text.SX126xIQConfig  lora126x_driver.o
    0x08006ac4   0x08006ac4   0x00000174   Code   RO         1490    .text.SX126xIrqCallback  lora126x_it.o
    0x08006c38   0x08006c38   0x00000138   Code   RO         1378    .text.SX126xLoRaInit  lora126x_fun.o
    0x08006d70   0x08006d70   0x00000074   Code   RO         1382    .text.SX126xLoRaModulationConfig  lora126x_fun.o
    0x08006de4   0x08006de4   0x000000a0   Code   RO         1384    .text.SX126xLoRaPacketConfig  lora126x_fun.o
    0x08006e84   0x08006e84   0x00000070   Code   RO         1424    .text.SX126xLoRaPreambleConfig  lora126x_fun.o
    0x08006ef4   0x08006ef4   0x0000004c   Code   RO         1422    .text.SX126xLowDataRateOptConfig  lora126x_fun.o
    0x08006f40   0x08006f40   0x0000002c   Code   RO         1398    .text.SX126xPayloadLenConfig  lora126x_fun.o
    0x08006f6c   0x08006f6c   0x0000002e   Code   RO          100    .text.SX126xReadBusy  gpio.o
    0x08006f9a   0x08006f9a   0x00000002   PAD
    0x08006f9c   0x08006f9c   0x000000b0   Code   RO         1250    .text.SX126xReadCommand  lora126x_driver.o
    0x0800704c   0x0800704c   0x000000bc   Code   RO         1238    .text.SX126xReadFifo  lora126x_driver.o
    0x08007108   0x08007108   0x00000094   Code   RO         1278    .text.SX126xReadRegister  lora126x_driver.o
    0x0800719c   0x0800719c   0x0000002c   Code   RO         1366    .text.SX126xReset   lora126x_hal.o
    0x080071c8   0x080071c8   0x00000060   Code   RO         1402    .text.SX126xRxPrepare  lora126x_fun.o
    0x08007228   0x08007228   0x00000050   Code   RO         1438    .text.SX126xSendCarrierWave  lora126x_fun.o
    0x08007278   0x08007278   0x00000054   Code   RO         1394    .text.SX126xSendData  lora126x_fun.o
    0x080072cc   0x080072cc   0x00000058   Code   RO         1440    .text.SX126xSendLoRaInfinitePreamble  lora126x_fun.o
    0x08007324   0x08007324   0x0000004c   Code   RO         1310    .text.SX126xSendPayload  lora126x_driver.o
    0x08007370   0x08007370   0x0000002c   Code   RO         1254    .text.SX126xSetBufferBaseAddress  lora126x_driver.o
    0x0800739c   0x0800739c   0x00000020   Code   RO         1336    .text.SX126xSetCad  lora126x_driver.o
    0x080073bc   0x080073bc   0x00000068   Code   RO         1334    .text.SX126xSetCadParams  lora126x_driver.o
    0x08007424   0x08007424   0x00000048   Code   RO         1298    .text.SX126xSetDio3AsTcxoCtrl  lora126x_driver.o
    0x0800746c   0x0800746c   0x0000006e   Code   RO         1266    .text.SX126xSetDioIrqParams  lora126x_driver.o
    0x080074da   0x080074da   0x00000022   Code   RO         1342    .text.SX126xSetFallBackMode  lora126x_driver.o
    0x080074fc   0x080074fc   0x00000018   Code   RO         1256    .text.SX126xSetFifoBaseAddr  lora126x_driver.o
    0x08007514   0x08007514   0x00000050   Code   RO         1418    .text.SX126xSetFreq  lora126x_fun.o
    0x08007564   0x08007564   0x00000018   Code   RO         1392    .text.SX126xSetInternalXoCap  lora126x_fun.o
    0x0800757c   0x0800757c   0x0000001c   Code   RO         1492    .text.SX126xSetIrqFlag  lora126x_it.o
    0x08007598   0x08007598   0x00000022   Code   RO         1284    .text.SX126xSetLoRaSymbNumTimeout  lora126x_driver.o
    0x080075ba   0x080075ba   0x00000002   PAD
    0x080075bc   0x080075bc   0x0000009c   Code   RO         1276    .text.SX126xSetLoraModulationParams  lora126x_driver.o
    0x08007658   0x08007658   0x0000005e   Code   RO         1280    .text.SX126xSetLoraPacketParams  lora126x_driver.o
    0x080076b6   0x080076b6   0x00000002   PAD
    0x080076b8   0x080076b8   0x00000034   Code   RO         1338    .text.SX126xSetNetworkType  lora126x_driver.o
    0x080076ec   0x080076ec   0x00000028   Code   RO          106    .text.SX126xSetNss  gpio.o
    0x08007714   0x08007714   0x00000054   Code   RO         1270    .text.SX126xSetPaConfig  lora126x_driver.o
    0x08007768   0x08007768   0x00000034   Code   RO         1244    .text.SX126xSetPacketType  lora126x_driver.o
    0x0800779c   0x0800779c   0x00000054   Code   RO         1416    .text.SX126xSetPower  lora126x_fun.o
    0x080077f0   0x080077f0   0x00000022   Code   RO         1252    .text.SX126xSetRegulatorMode  lora126x_driver.o
    0x08007812   0x08007812   0x00000002   PAD
    0x08007814   0x08007814   0x0000002c   Code   RO          104    .text.SX126xSetReset  gpio.o
    0x08007840   0x08007840   0x00000084   Code   RO         1264    .text.SX126xSetRfFrequency  lora126x_driver.o
    0x080078c4   0x080078c4   0x0000015c   Code   RO          102    .text.SX126xSetRfSw  gpio.o
    0x08007a20   0x08007a20   0x0000001c   Code   RO         1272    .text.SX126xSetRfTxPower  lora126x_driver.o
    0x08007a3c   0x08007a3c   0x0000003c   Code   RO         1306    .text.SX126xSetRx   lora126x_driver.o
    0x08007a78   0x08007a78   0x00000058   Code   RO         1308    .text.SX126xSetRxSelect  lora126x_driver.o
    0x08007ad0   0x08007ad0   0x00000050   Code   RO         1240    .text.SX126xSetStandby  lora126x_driver.o
    0x08007b20   0x08007b20   0x00000022   Code   RO         1282    .text.SX126xSetStopRxTimerOnPreambleDetect  lora126x_driver.o
    0x08007b42   0x08007b42   0x00000016   Code   RO         1386    .text.SX126xSetSymbNumTimeout  lora126x_fun.o
    0x08007b58   0x08007b58   0x00000040   Code   RO         1312    .text.SX126xSetTx   lora126x_driver.o
    0x08007b98   0x08007b98   0x000000a0   Code   RO         1274    .text.SX126xSetTxParams  lora126x_driver.o
    0x08007c38   0x08007c38   0x00000034   Code   RO         1324    .text.SX126xSetXtalCap  lora126x_driver.o
    0x08007c6c   0x08007c6c   0x00000044   Code   RO         1322    .text.SX126xSleep   lora126x_driver.o
    0x08007cb0   0x08007cb0   0x00000084   Code   RO           98    .text.SX126xSpi1GpioInit  gpio.o
    0x08007d34   0x08007d34   0x0000005c   Code   RO          132    .text.SX126xSpi1Init  spi.o
    0x08007d90   0x08007d90   0x00000034   Code   RO          134    .text.SX126xSpi1ReadWriteByte  spi.o
    0x08007dc4   0x08007dc4   0x00000034   Code   RO         1328    .text.SX126xSpiTest  lora126x_driver.o
    0x08007df8   0x08007df8   0x0000002c   Code   RO         1406    .text.SX126xStartCadOnly  lora126x_fun.o
    0x08007e24   0x08007e24   0x00000028   Code   RO         1326    .text.SX126xTxClampConfig  lora126x_driver.o
    0x08007e4c   0x08007e4c   0x0000006c   Code   RO         1396    .text.SX126xTxPrepare  lora126x_fun.o
    0x08007eb8   0x08007eb8   0x00000040   Code   RO         1364    .text.SX126xWaitBusy  lora126x_hal.o
    0x08007ef8   0x08007ef8   0x00000064   Code   RO         1232    .text.SX126xWakeup  lora126x_driver.o
    0x08007f5c   0x08007f5c   0x000000a8   Code   RO         1242    .text.SX126xWriteCommand  lora126x_driver.o
    0x08008004   0x08008004   0x000000ac   Code   RO         1234    .text.SX126xWriteFifo  lora126x_driver.o
    0x080080b0   0x080080b0   0x00000090   Code   RO         1246    .text.SX126xWriteRegister  lora126x_driver.o
    0x08008140   0x08008140   0x00000020   Code   RO         1504    .text.SetCmdFlag    testfun.o
    0x08008160   0x08008160   0x00000054   Code   RO         1184    .text.SysTick_Config  stm32l0xx_hal_cortex.o
    0x080081b4   0x080081b4   0x0000000c   Code   RO          160    .text.SysTick_Handler  stm32l0xx_it.o
    0x080081c0   0x080081c0   0x00000080   Code   RO          185    .text.SystemClock_Config  main.o
    0x08008240   0x08008240   0x00000064   Code   RO         1217    .text.SystemInit    system_stm32l0xx.o
    0x080082a4   0x080082a4   0x0000000c   Code   RO          162    .text.TIM6_IRQHandler  stm32l0xx_it.o
    0x080082b0   0x080082b0   0x000000cc   Code   RO          792    .text.TIM_Base_SetConfig  stm32l0xx_hal_tim.o
    0x0800837c   0x0800837c   0x0000003a   Code   RO          966    .text.TIM_ETR_SetConfig  stm32l0xx_hal_tim.o
    0x080083b6   0x080083b6   0x00000032   Code   RO          972    .text.TIM_ITRx_SetConfig  stm32l0xx_hal_tim.o
    0x080083e8   0x080083e8   0x00000056   Code   RO          970    .text.TIM_TI1_ConfigInputStage  stm32l0xx_hal_tim.o
    0x0800843e   0x0800843e   0x0000005a   Code   RO          974    .text.TIM_TI2_ConfigInputStage  stm32l0xx_hal_tim.o
    0x08008498   0x08008498   0x00000080   Code   RO           42    .text.Tim6MsInit    timer.o
    0x08008518   0x08008518   0x0000000c   Code   RO           44    .text.Tim6Start     timer.o
    0x08008524   0x08008524   0x00000010   Code   RO           46    .text.Tim6Stop      timer.o
    0x08008534   0x08008534   0x0000015a   Code   RO         1022    .text.UART_AdvFeatureConfig  stm32l0xx_hal_uart.o
    0x0800868e   0x0800868e   0x00000002   PAD
    0x08008690   0x08008690   0x000000a4   Code   RO         1026    .text.UART_CheckIdleState  stm32l0xx_hal_uart.o
    0x08008734   0x08008734   0x00000024   Code   RO         1102    .text.UART_DMAAbortOnError  stm32l0xx_hal_uart.o
    0x08008758   0x08008758   0x00000074   Code   RO         1054    .text.UART_DMAError  stm32l0xx_hal_uart.o
    0x080087cc   0x080087cc   0x0000005a   Code   RO         1058    .text.UART_DMAReceiveCplt  stm32l0xx_hal_uart.o
    0x08008826   0x08008826   0x00000016   Code   RO         1060    .text.UART_DMARxHalfCplt  stm32l0xx_hal_uart.o
    0x0800883c   0x0800883c   0x0000002a   Code   RO         1070    .text.UART_EndRxTransfer  stm32l0xx_hal_uart.o
    0x08008866   0x08008866   0x00000026   Code   RO         1108    .text.UART_EndTransmit_IT  stm32l0xx_hal_uart.o
    0x0800888c   0x0800888c   0x0000001c   Code   RO         1068    .text.UART_EndTxTransfer  stm32l0xx_hal_uart.o
    0x080088a8   0x080088a8   0x000000d0   Code   RO         1100    .text.UART_Receive_IT  stm32l0xx_hal_uart.o
    0x08008978   0x08008978   0x00000524   Code   RO         1024    .text.UART_SetConfig  stm32l0xx_hal_uart.o
    0x08008e9c   0x08008e9c   0x000000ac   Code   RO         1106    .text.UART_Transmit_IT  stm32l0xx_hal_uart.o
    0x08008f48   0x08008f48   0x000000a0   Code   RO         1040    .text.UART_WaitOnFlagUntilTimeout  stm32l0xx_hal_uart.o
    0x08008fe8   0x08008fe8   0x0000001c   Code   RO          168    .text.USART1_IRQHandler  stm32l0xx_it.o
    0x08009004   0x08009004   0x00000018   Code   RO          170    .text.USART2_IRQHandler  stm32l0xx_it.o
    0x0800901c   0x0800901c   0x000000f0   Code   RO           27    .text.UartReceiveIdle  uart.o
    0x0800910c   0x0800910c   0x00000098   Code   RO           19    .text.Usart2Init    uart.o
    0x080091a4   0x080091a4   0x00000038   Code   RO           21    .text.Usart2SendByte  uart.o
    0x080091dc   0x080091dc   0x00000064   Code   RO         1502    .text.UserUartProcess  testfun.o
    0x08009240   0x08009240   0x00000076   Code   RO         1526    .text.checkBw       testfun.o
    0x080092b6   0x080092b6   0x00000002   PAD
    0x080092b8   0x080092b8   0x00000024   Code   RO           79    .text.fputc         log.o
    0x080092dc   0x080092dc   0x00000120   Code   RO          183    .text.main          main.o
    0x080093fc   0x080093fc   0x00000020   Code   RO         1591    i.__0printf         mc_p.l(printfa.o)
    0x0800941c   0x0800941c   0x0000002e   Code   RO         1689    i.__ARM_clz         mf_p.l(depilogue.o)
    0x0800944a   0x0800944a   0x00000002   PAD
    0x0800944c   0x0800944c   0x00000008   Code   RO         1677    i.__aeabi_errno_addr  mc_p.l(errno.o)
    0x08009454   0x08009454   0x0000000e   Code   RO         1707    i.__scatterload_copy  mc_p.l(handlers.o)
    0x08009462   0x08009462   0x00000002   Code   RO         1708    i.__scatterload_null  mc_p.l(handlers.o)
    0x08009464   0x08009464   0x0000000e   Code   RO         1709    i.__scatterload_zeroinit  mc_p.l(handlers.o)
    0x08009472   0x08009472   0x00000002   PAD
    0x08009474   0x08009474   0x00000174   Code   RO         1598    i._fp_digits        mc_p.l(printfa.o)
    0x080095e8   0x080095e8   0x000006ec   Code   RO         1599    i._printf_core      mc_p.l(printfa.o)
    0x08009cd4   0x08009cd4   0x00000020   Code   RO         1600    i._printf_post_padding  mc_p.l(printfa.o)
    0x08009cf4   0x08009cf4   0x0000002c   Code   RO         1601    i._printf_pre_padding  mc_p.l(printfa.o)
    0x08009d20   0x08009d20   0x00000081   Data   RO         1650    .constdata          mc_p.l(ctype_o.o)
    0x08009da1   0x08009da1   0x00000003   PAD
    0x08009da4   0x08009da4   0x00000004   Data   RO         1651    .constdata          mc_p.l(ctype_o.o)
    0x08009da8   0x08009da8   0x0000002c   Data   RO         1476    .rodata..L__const.IfEnableLowDataRateOptimize.bwKhz  lora126x_fun.o
    0x08009dd4   0x08009dd4   0x00000010   Data   RO         1222    .rodata.AHBPrescTable  system_stm32l0xx.o
    0x08009de4   0x08009de4   0x00000008   Data   RO         1223    .rodata.APBPrescTable  system_stm32l0xx.o
    0x08009dec   0x08009dec   0x00000009   Data   RO         1224    .rodata.PLLMulTable  system_stm32l0xx.o
    0x08009df5   0x08009df5   0x00000100   Data   RO         1534    .rodata.s_p2pTxData  testfun.o
    0x08009ef5   0x08009ef5   0x00000006   Data   RO           84    .rodata.str1.1      log.o
    0x08009efb   0x08009efb   0x0000003c   Data   RO          190    .rodata.str1.1      main.o
    0x08009f37   0x08009f37   0x00000792   Data   RO         1537    .rodata.str1.1      testfun.o
    0x0800a6c9   0x0800a6c9   0x000000eb   Data   RO         1566    .rodata.str1.1      uartstring.o
    0x0800a7b4   0x0800a7b4   0x00000020   Data   RO         1706    Region$$Table       anon$$obj.o


    Execution Region RW_IRAM1 (Exec base: 0x20000000, Load base: 0x0800a7d8, Size: 0x00001d58, Max: 0x00004000, ABSOLUTE)

    Exec Addr    Load Addr    Size         Type   Attr      Idx    E Section Name        Object

    0x20000000   0x0800a7d8   0x00000004   Data   RW         1644    .data               mc_p.l(stdout.o)
    0x20000004   0x0800a7dc   0x00000004   Data   RW         1680    .data               mc_p.l(errno.o)
    0x20000008   0x0800a7e0   0x00000004   Data   RW         1221    .data.SystemCoreClock  system_stm32l0xx.o
    0x2000000c   0x0800a7e4   0x00000001   Data   RW           81    .data.g_enableLog   log.o
    0x2000000d   0x0800a7e5   0x00000008   Data   RW         1474    .data.s_LoRaCadPeak  lora126x_fun.o
    0x20000015   0x0800a7ed   0x00000008   Data   RW         1475    .data.s_LoRaCadSymbs  lora126x_fun.o
    0x2000001d   0x0800a7f5   0x00000003   PAD
    0x20000020   0x0800a7f8   0x00000010   Data   RW         1470    .data.s_LoRaConfig  lora126x_fun.o
    0x20000030   0x0800a808   0x00000002   Data   RW         1548    .data.s_cadTime     testfun.o
    0x20000032   0x0800a80a   0x00000001   Data   RW         1471    .data.s_internalXoCap  lora126x_fun.o
    0x20000033   0x0800a80b   0x00000001   Data   RW         1542    .data.s_p2pTxDataLen  testfun.o
    0x20000034   0x0800a80c   0x00000002   Data   RW         1544    .data.s_p2pTxSendTotalNum  testfun.o
    0x20000036   0x0800a80e   0x00000002   PAD
    0x20000038   0x0800a810   0x00000004   Data   RW         1543    .data.s_p2pTxTime   testfun.o
    0x2000003c   0x0800a814   0x00000001   Data   RW         1349    .data.s_sx126xOperatingMode  lora126x_driver.o
    0x2000003d   0x0800a815   0x00000003   PAD
    0x20000040        -       0x00000004   Zero   RW           52    .bss.HAL_TIM_PeriodElapsedCallback.tim6Counter  timer.o
    0x20000044        -       0x00000004   Zero   RW           83    .bss.UartTransmitOneByte  log.o
    0x20000048        -       0x00000040   Zero   RW          121    .bss.g_DmaUart1RxHandle  dma.o
    0x20000088        -       0x00000040   Zero   RW          122    .bss.g_DmaUart1TxHandle  dma.o
    0x200000c8        -       0x00000040   Zero   RW          123    .bss.g_DmaUart2RxHandle  dma.o
    0x20000108        -       0x00000040   Zero   RW          124    .bss.g_DmaUart2TxHandle  dma.o
    0x20000148        -       0x00000103   Zero   RW         1469    .bss.g_LoRaRxPkt    lora126x_fun.o
    0x2000024b   0x0800a815   0x00000001   PAD
    0x2000024c        -       0x00000004   Zero   RW         1533    .bss.g_TestTimeCount  testfun.o
    0x20000250        -       0x00000004   Zero   RW           82    .bss.g_logSysTime   log.o
    0x20000254        -       0x00000001   Zero   RW         1468    .bss.g_rfState      lora126x_fun.o
    0x20000255   0x0800a815   0x00000003   PAD
    0x20000258        -       0x00000058   Zero   RW          136    .bss.g_spi1Handle   spi.o
    0x200002b0        -       0x00000020   Zero   RW         1368    .bss.g_sx126xHardware  lora126x_hal.o
    0x200002d0        -       0x00000103   Zero   RW         1535    .bss.g_tempbuf      testfun.o
    0x200003d3   0x0800a815   0x00000001   PAD
    0x200003d4        -       0x00000004   Zero   RW         1532    .bss.g_testFun      testfun.o
    0x200003d8        -       0x00000038   Zero   RW           50    .bss.g_tim2Handle   timer.o
    0x20000410        -       0x00000038   Zero   RW           51    .bss.g_tim6Handle   timer.o
    0x20000448        -       0x00000070   Zero   RW           29    .bss.g_uart1Handle  uart.o
    0x200004b8        -       0x00000404   Zero   RW           30    .bss.g_uart1State   uart.o
    0x200008bc        -       0x00000070   Zero   RW           31    .bss.g_uart2Handle  uart.o
    0x2000092c        -       0x00000404   Zero   RW           32    .bss.g_uart2State   uart.o
    0x20000d30        -       0x00000001   Zero   RW         1473    .bss.s_SX126xLowDataOpt  lora126x_fun.o
    0x20000d31   0x0800a815   0x00000001   PAD
    0x20000d32        -       0x00000002   Zero   RW         1549    .bss.s_TestState    testfun.o
    0x20000d34        -       0x00000001   Zero   RW         1472    .bss.s_cadExitMode  lora126x_fun.o
    0x20000d35   0x0800a815   0x00000001   PAD
    0x20000d36        -       0x00000402   Zero   RW         1565    .bss.s_cmdData      uartstring.o
    0x20001138        -       0x00000001   Zero   RW         1547    .bss.s_firstCad     testfun.o
    0x20001139        -       0x00000001   Zero   RW         1538    .bss.s_forceRx      testfun.o
    0x2000113a        -       0x00000002   Zero   RW         1546    .bss.s_p2pRxRecNum  testfun.o
    0x2000113c        -       0x00000002   Zero   RW         1545    .bss.s_p2pRxSendNum  testfun.o
    0x2000113e        -       0x00000002   Zero   RW         1541    .bss.s_p2pTxRecNum  testfun.o
    0x20001140        -       0x00000002   Zero   RW         1540    .bss.s_p2pTxSendNum  testfun.o
    0x20001142        -       0x00000002   Zero   RW         1539    .bss.s_perRxRecNum  testfun.o
    0x20001144        -       0x00000002   Zero   RW         1494    .bss.s_sx126xIrqFlag  lora126x_it.o
    0x20001146        -       0x00000001   Zero   RW         1352    .bss.s_sx126xRxFifoBaseAddr  lora126x_driver.o
    0x20001147        -       0x00000001   Zero   RW         1348    .bss.s_sx126xSpiUseFlag  lora126x_driver.o
    0x20001148        -       0x00000001   Zero   RW         1351    .bss.s_sx126xTxFifoBaseAddr  lora126x_driver.o
    0x20001149   0x0800a815   0x00000003   PAD
    0x2000114c        -       0x00000804   Zero   RW         1536    .bss.s_userCmdData  testfun.o
    0x20001950        -       0x00000001   Zero   RW         1350    .bss.s_waitBusyTimeout  lora126x_driver.o
    0x20001951   0x0800a815   0x00000003   PAD
    0x20001954        -       0x00000004   Zero   RW          248    .bss.uwTick         stm32l0xx_hal.o
    0x20001958        -       0x00000400   Zero   RW            1    STACK               startup_stm32l051xx.o


==============================================================================

Image component sizes


      Code (inc. data)   RO Data    RW Data    ZI Data      Debug   Object Name

       380         44          0          0        256       4830   dma.o
      1370         40          0          0          0       4200   gpio.o
       172         16          6          1          8       1548   log.o
      3846        152          0          1          4      18658   lora126x_driver.o
      2816        204         44         33        262      13306   lora126x_fun.o
       192          4          0          0         32       1847   lora126x_hal.o
       468         16          0          0          2       3199   lora126x_it.o
       420         68         60          0          0       3397   main.o
       144         12          0          0         88       3710   spi.o
        28          8        192          0       1024        616   startup_stm32l051xx.o
       152         12          0          0          4       5438   stm32l0xx_hal.o
       332         24          0          0          0       5833   stm32l0xx_hal_cortex.o
      2374        128          0          0          0       6027   stm32l0xx_hal_dma.o
       908         40          0          0          0       4696   stm32l0xx_hal_gpio.o
        76          4          0          0          0       1703   stm32l0xx_hal_msp.o
        96          8          0          0          0       3999   stm32l0xx_hal_pwr.o
        16          0          0          0          0       1879   stm32l0xx_hal_pwr_ex.o
      3392        142          0          0          0       8205   stm32l0xx_hal_rcc.o
      1444        124          0          0          0       4636   stm32l0xx_hal_rcc_ex.o
      1812          0          0          0          0      14942   stm32l0xx_hal_spi.o
      1710         12          0          0          0      28198   stm32l0xx_hal_tim.o
      4386        148          0          0          0      18573   stm32l0xx_hal_uart.o
         8          0          0          0          0       5474   stm32l0xx_hal_uart_ex.o
       146         20          0          0          0       1569   stm32l0xx_it.o
       100         28         33          4          0       2211   system_stm32l0xx.o
      6694        604       2194          9       2333       9604   testfun.o
       208         32          0          0        116       5171   timer.o
       448         24          0          0       2280       6618   uart.o
      1532        104        235          0       1026       3516   uartstring.o

    ----------------------------------------------------------------------
     35704       2018       2796         56       7448     193603   Object Totals
         0          0         32          0          0          0   (incl. Generated)
        34          0          0          8         13          0   (incl. Padding)

    ----------------------------------------------------------------------

      Code (inc. data)   RO Data    RW Data    ZI Data      Debug   Library Member Name

        30          0          0          0          0         60   _chval.o
       166          0          0          0          0         84   _strtoul.o
        26          0          0          0          0         72   atoi.o
         8          4        133          0          0         60   ctype_o.o
         0          0          0          0          0          0   entry.o
         0          0          0          0          0          0   entry10a.o
         0          0          0          0          0          0   entry11a.o
         8          4          0          0          0          0   entry2.o
         4          0          0          0          0          0   entry5.o
         0          0          0          0          0          0   entry7b.o
         0          0          0          0          0          0   entry8b.o
         8          4          0          0          0          0   entry9a.o
         8          4          0          4          0         60   errno.o
        30          0          0          0          0          0   handlers.o
        36          8          0          0          0         68   init.o
         0          0          0          0          0          0   iusefp.o
        32          0          0          0          0         68   llshl.o
        38          0          0          0          0         68   llsshr.o
        34          0          0          0          0         68   llushr.o
        26          0          0          0          0         72   memcmp.o
        36          0          0          0          0         60   memcpya.o
      2252         98          0          0          0        412   printfa.o
         0          0          0          4          0          0   stdout.o
        14          0          0          0          0         60   strlen.o
        40          0          0          0          0         72   strstr.o
       112          4          0          0          0         76   strtol.o
        44          0          0          0          0         72   uidiv.o
        96          0          0          0          0         84   uldiv.o
        40          2          0          0          0         68   cdrcmple.o
       356          4          0          0          0        140   dadd.o
       240          6          0          0          0         84   ddiv.o
       236          0          0          0          0        216   depilogue.o
        60         10          0          0          0         68   dfixui.o
        64         10          0          0          0         68   dfixul.o
        28          4          0          0          0         68   dfltui.o
       208          6          0          0          0         88   dmul.o
        40          0          0          0          0         60   f2d.o

    ----------------------------------------------------------------------
      4328        168        136          8          0       2376   Library Totals
         8          0          3          0          0          0   (incl. Padding)

    ----------------------------------------------------------------------

      Code (inc. data)   RO Data    RW Data    ZI Data      Debug   Library Name

      3048        126        133          8          0       1516   mc_p.l
      1272         42          0          0          0        860   mf_p.l

    ----------------------------------------------------------------------
      4328        168        136          8          0       2376   Library Totals

    ----------------------------------------------------------------------

==============================================================================


      Code (inc. data)   RO Data    RW Data    ZI Data      Debug   

     40032       2186       2932         64       7448     194503   Grand Totals
     40032       2186       2932         64       7448     194503   ELF Image Totals
     40032       2186       2932         64          0          0   ROM Totals

==============================================================================

    Total RO  Size (Code + RO Data)                42964 (  41.96kB)
    Total RW  Size (RW Data + ZI Data)              7512 (   7.34kB)
    Total ROM Size (Code + RO Data + RW Data)      43028 (  42.02kB)

==============================================================================

